Component: ARM Compiler 5.06 update 7 (build 960) Tool: armlink [4d3601]

==============================================================================

Section Cross References

    main.o(i.main) refers to delay.o(i.delay_init) for delay_init
    main.o(i.main) refers to misc.o(i.NVIC_PriorityGroupConfig) for NVIC_PriorityGroupConfig
    main.o(i.main) refers to led.o(i.LED_Init) for LED_Init
    main.o(i.main) refers to usart.o(i.USART1_Init) for USART1_Init
    main.o(i.main) refers to nrf24l01.o(i.NRF24L01_Init) for NRF24L01_Init
    main.o(i.main) refers to nrf24l01.o(i.NRF24L01_Check_detection) for NRF24L01_Check_detection
    main.o(i.main) refers to motor.o(i.Motor_Init) for Motor_Init
    main.o(i.main) refers to hcsr.o(i.Hcsr04_Init) for Hcsr04_Init
    main.o(i.main) refers to motor.o(i.Motion_State) for Motion_State
    main.o(i.main) refers to ws2812b.o(i.RGB_LED_Init) for RGB_LED_Init
    main.o(i.main) refers to delay.o(i.delay_ms) for delay_ms
    main.o(i.main) refers to control.o(i.Control) for Control
    system_stm32f10x.o(i.SetSysClock) refers to system_stm32f10x.o(i.SetSysClockTo72) for SetSysClockTo72
    system_stm32f10x.o(i.SystemCoreClockUpdate) refers to system_stm32f10x.o(.data) for SystemCoreClock
    system_stm32f10x.o(i.SystemInit) refers to system_stm32f10x.o(i.SetSysClock) for SetSysClock
    delay.o(i.delay_init) refers to misc.o(i.SysTick_CLKSourceConfig) for SysTick_CLKSourceConfig
    delay.o(i.delay_init) refers to system_stm32f10x.o(.data) for SystemCoreClock
    delay.o(i.delay_init) refers to delay.o(.data) for fac_us
    delay.o(i.delay_ms) refers to delay.o(.data) for fac_ms
    delay.o(i.delay_us) refers to delay.o(.data) for fac_us
    usart.o(i.USART1_IRQHandler) refers (Special) to use_no_semi_2.o(.text) for __use_no_semihosting
    usart.o(i.USART1_IRQHandler) refers to stm32f10x_usart.o(i.USART_GetITStatus) for USART_GetITStatus
    usart.o(i.USART1_IRQHandler) refers to stm32f10x_usart.o(i.USART_ReceiveData) for USART_ReceiveData
    usart.o(i.USART1_IRQHandler) refers to strcpy.o(.text) for strcpy
    usart.o(i.USART1_IRQHandler) refers to rt_memclr.o(.text) for __aeabi_memclr
    usart.o(i.USART1_IRQHandler) refers to usart.o(.data) for mode_flag
    usart.o(i.USART1_IRQHandler) refers to usart.o(.bss) for temp_buf1
    usart.o(i.USART1_Init) refers (Special) to use_no_semi_2.o(.text) for __use_no_semihosting
    usart.o(i.USART1_Init) refers to stm32f10x_rcc.o(i.RCC_APB2PeriphClockCmd) for RCC_APB2PeriphClockCmd
    usart.o(i.USART1_Init) refers to stm32f10x_gpio.o(i.GPIO_Init) for GPIO_Init
    usart.o(i.USART1_Init) refers to misc.o(i.NVIC_Init) for NVIC_Init
    usart.o(i.USART1_Init) refers to stm32f10x_usart.o(i.USART_Init) for USART_Init
    usart.o(i.USART1_Init) refers to stm32f10x_usart.o(i.USART_ITConfig) for USART_ITConfig
    usart.o(i.USART1_Init) refers to stm32f10x_usart.o(i.USART_Cmd) for USART_Cmd
    usart.o(i.USART1_Send_Byte) refers (Special) to use_no_semi_2.o(.text) for __use_no_semihosting
    usart.o(i.USART1_Send_Byte) refers to stm32f10x_usart.o(i.USART_SendData) for USART_SendData
    usart.o(i.USART1_Send_Str) refers (Special) to use_no_semi_2.o(.text) for __use_no_semihosting
    usart.o(i.USART1_Send_Str) refers to stm32f10x_usart.o(i.USART_SendData) for USART_SendData
    usart.o(i.USART1_Send_Str) refers to stm32f10x_usart.o(i.USART_GetFlagStatus) for USART_GetFlagStatus
    usart.o(i.USART1_Send_nByte) refers (Special) to use_no_semi_2.o(.text) for __use_no_semihosting
    usart.o(i.USART1_Send_nByte) refers to stm32f10x_usart.o(i.USART_SendData) for USART_SendData
    usart.o(i.USART1_Send_nByte) refers to stm32f10x_usart.o(i.USART_GetFlagStatus) for USART_GetFlagStatus
    usart.o(i.USART2_IRQHandler) refers (Special) to use_no_semi_2.o(.text) for __use_no_semihosting
    usart.o(i.USART2_IRQHandler) refers to stm32f10x_usart.o(i.USART_GetITStatus) for USART_GetITStatus
    usart.o(i.USART2_IRQHandler) refers to stm32f10x_usart.o(i.USART_ReceiveData) for USART_ReceiveData
    usart.o(i.USART2_IRQHandler) refers to usart.o(i.USART_SendByte) for USART_SendByte
    usart.o(i.USART2_IRQHandler) refers to usart.o(.data) for flag
    usart.o(i.USART2_Init) refers (Special) to use_no_semi_2.o(.text) for __use_no_semihosting
    usart.o(i.USART2_Init) refers to stm32f10x_rcc.o(i.RCC_APB2PeriphClockCmd) for RCC_APB2PeriphClockCmd
    usart.o(i.USART2_Init) refers to stm32f10x_rcc.o(i.RCC_APB1PeriphClockCmd) for RCC_APB1PeriphClockCmd
    usart.o(i.USART2_Init) refers to stm32f10x_gpio.o(i.GPIO_Init) for GPIO_Init
    usart.o(i.USART2_Init) refers to misc.o(i.NVIC_Init) for NVIC_Init
    usart.o(i.USART2_Init) refers to stm32f10x_usart.o(i.USART_Init) for USART_Init
    usart.o(i.USART2_Init) refers to stm32f10x_usart.o(i.USART_ITConfig) for USART_ITConfig
    usart.o(i.USART2_Init) refers to stm32f10x_usart.o(i.USART_Cmd) for USART_Cmd
[...]
    _printf_fp_hex                            - Undefined Weak Reference
    _printf_mbtowc                            - Undefined Weak Reference
    _printf_wc                                - Undefined Weak Reference
    _rand_init                                - Undefined Weak Reference
    _signal_finish                            - Undefined Weak Reference
    _signal_init                              - Undefined Weak Reference
    _terminate_alloc                          - Undefined Weak Reference
    _terminate_user_alloc                     - Undefined Weak Reference
    _terminateio                              - Undefined Weak Reference
    __Vectors_Size                           0x000000ec   Number         0  startup_stm32f10x_md.o ABSOLUTE
    __Vectors                                0x08000000   Data           4  startup_stm32f10x_md.o(RESET)
    __Vectors_End                            0x080000ec   Data           0  startup_stm32f10x_md.o(RESET)
    __main                                   0x080000ed   Thumb Code     8  __main.o(!!!main)
    __scatterload                            0x080000f5   Thumb Code     0  __scatter.o(!!!scatter)
    __scatterload_rt2                        0x080000f5   Thumb Code    44  __scatter.o(!!!scatter)
    __scatterload_rt2_thumb_only             0x080000f5   Thumb Code     0  __scatter.o(!!!scatter)
    __scatterload_null                       0x08000103   Thumb Code     0  __scatter.o(!!!scatter)
    __scatterload_copy                       0x08000129   Thumb Code    26  __scatter_copy.o(!!handler_copy)
    __scatterload_zeroinit                   0x08000145   Thumb Code    28  __scatter_zi.o(!!handler_zi)
    _printf_n                                0x08000161   Thumb Code     0  _printf_n.o(.ARM.Collect$$_printf_percent$$00000001)
    _printf_percent                          0x08000161   Thumb Code     0  _printf_percent.o(.ARM.Collect$$_printf_percent$$00000000)
    _printf_p                                0x08000167   Thumb Code     0  _printf_p.o(.ARM.Collect$$_printf_percent$$00000002)
    _printf_f                                0x0800016d   Thumb Code     0  _printf_f.o(.ARM.Collect$$_printf_percent$$00000003)
    _printf_e                                0x08000173   Thumb Code     0  _printf_e.o(.ARM.Collect$$_printf_percent$$00000004)
    _printf_g                                0x08000179   Thumb Code     0  _printf_g.o(.ARM.Collect$$_printf_percent$$00000005)
    _printf_a                                0x0800017f   Thumb Code     0  _printf_a.o(.ARM.Collect$$_printf_percent$$00000006)
    _printf_ll                               0x08000185   Thumb Code     0  _printf_ll.o(.ARM.Collect$$_printf_percent$$00000007)
    _printf_i                                0x0800018f   Thumb Code     0  _printf_i.o(.ARM.Collect$$_printf_percent$$00000008)
    _printf_d                                0x08000195   Thumb Code     0  _printf_d.o(.ARM.Collect$$_printf_percent$$00000009)
    _printf_u                                0x0800019b   Thumb Code     0  _printf_u.o(.ARM.Collect$$_printf_percent$$0000000A)
    _printf_o                                0x080001a1   Thumb Code     0  _printf_o.o(.ARM.Collect$$_printf_percent$$0000000B)
    _printf_x                                0x080001a7   Thumb Code     0  _printf_x.o(.ARM.Collect$$_printf_percent$$0000000C)
    _printf_lli                              0x080001ad   Thumb Code     0  _printf_lli.o(.ARM.Collect$$_printf_percent$$0000000D)
    _printf_lld                              0x080001b3   Thumb Code     0  _printf_lld.o(.ARM.Collect$$_printf_percent$$0000000E)
    _printf_llu                              0x080001b9   Thumb Code     0  _printf_llu.o(.ARM.Collect$$_printf_percent$$0000000F)
    _printf_llo                              0x080001bf   Thumb Code     0  _printf_llo.o(.ARM.Collect$$_printf_percent$$00000010)
    _printf_llx                              0x080001c5   Thumb Code     0  _printf_llx.o(.ARM.Collect$$_printf_percent$$00000011)
    _printf_l                                0x080001cb   Thumb Code     0  _printf_l.o(.ARM.Collect$$_printf_percent$$00000012)
    _printf_c                                0x080001d5   Thumb Code     0  _printf_c.o(.ARM.Collect$$_printf_percent$$00000013)
    _printf_s                                0x080001db   Thumb Code     0  _printf_s.o(.ARM.Collect$$_printf_percent$$00000014)
    _printf_lc                               0x080001e1   Thumb Code     0  _printf_lc.o(.ARM.Collect$$_printf_percent$$00000015)
    _printf_ls                               0x080001e7   Thumb Code     0  _printf_ls.o(.ARM.Collect$$_printf_percent$$00000016)
    _printf_percent_end                      0x080001ed   Thumb Code     0  _printf_percent_end.o(.ARM.Collect$$_printf_percent$$00000017)
    __rt_lib_init                            0x080001f1   Thumb Code     0  libinit.o(.ARM.Collect$$libinit$$00000000)
    __rt_lib_init_fp_1                       0x080001f3   Thumb Code     0  libinit2.o(.ARM.Collect$$libinit$$00000002)
    __rt_lib_init_heap_1                     0x080001f3   Thumb Code     0  libinit2.o(.ARM.Collect$$libinit$$0000000A)
    __rt_lib_init_lc_common                  0x080001f3   Thumb Code     0  libinit2.o(.ARM.Collect$$libinit$$0000000F)
    __rt_lib_init_preinit_1                  0x080001f3   Thumb Code     0  libinit2.o(.ARM.Collect$$libinit$$00000004)
    __rt_lib_init_rand_1                     0x080001f3   Thumb Code     0  libinit2.o(.ARM.Collect$$libinit$$0000000E)
    __rt_lib_init_user_alloc_1               0x080001f3   Thumb Code     0  libinit2.o(.ARM.Collect$$libinit$$0000000C)
    __rt_lib_init_lc_collate_1               0x080001f9   Thumb Code     0  libinit2.o(.ARM.Collect$$libinit$$00000011)
    __rt_lib_init_lc_ctype_2                 0x080001f9   Thumb Code     0  libinit2.o(.ARM.Collect$$libinit$$00000012)
    __rt_lib_init_lc_ctype_1                 0x08000205   Thumb Code     0  libinit2.o(.ARM.Collect$$libinit$$00000013)
    __rt_lib_init_lc_monetary_1              0x08000205   Thumb Code     0  libinit2.o(.ARM.Collect$$libinit$$00000015)
    __rt_lib_init_lc_numeric_2               0x08000205   Thumb Code     0  libinit2.o(.ARM.Collect$$libinit$$00000016)
    __rt_lib_init_alloca_1                   0x0800020f   Thumb Code     0  libinit2.o(.ARM.Collect$$libinit$$0000002E)
    __rt_lib_init_argv_1                     0x0800020f   Thumb Code     0  libinit2.o(.ARM.Collect$$libinit$$0000002C)
    __rt_lib_init_atexit_1                   0x0800020f   Thumb Code     0  libinit2.o(.ARM.Collect$$libinit$$0000001B)
    __rt_lib_init_clock_1                    0x0800020f   Thumb Code     0  libinit2.o(.ARM.Collect$$libinit$$00000021)
    __rt_lib_init_cpp_1                      0x0800020f   Thumb Code     0  libinit2.o(.ARM.Collect$$libinit$$00000032)
    __rt_lib_init_exceptions_1               0x0800020f   Thumb Code     0  libinit2.o(.ARM.Collect$$libinit$$00000030)
    __rt_lib_init_fp_trap_1                  0x0800020f   Thumb Code     0  libinit2.o(.ARM.Collect$$libinit$$0000001F)
    __rt_lib_init_getenv_1                   0x0800020f   Thumb Code     0  libinit2.o(.ARM.Collect$$libinit$$00000023)
    __rt_lib_init_lc_numeric_1               0x0800020f   Thumb Code     0  libinit2.o(.ARM.Collect$$libinit$$00000017)
    __rt_lib_init_lc_time_1                  0x0800020f   Thumb Code     0  libinit2.o(.ARM.Collect$$libinit$$00000019)
    __rt_lib_init_return                     0x0800020f   Thumb Code     0  libinit2.o(.ARM.Collect$$libinit$$00000033)
    __rt_lib_init_signal_1                   0x0800020f   Thumb Code     0  libinit2.o(.ARM.Collect$$libinit$$0000001D)
    __rt_lib_init_stdio_1                    0x0800020f   Thumb Code     0  libinit2.o(.ARM.Collect$$libinit$$00000025)
    __rt_lib_shutdown                        0x08000211   Thumb Code     0  libshutdown.o(.ARM.Collect$$libshutdown$$00000000)
    __rt_lib_shutdown_cpp_1                  0x08000213   Thumb Code     0  libshutdown2.o(.ARM.Collect$$libshutdown$$00000004)
    __rt_lib_shutdown_fini_1                 0x08000213   Thumb Code     0  libshutdown2.o(.ARM.Collect$$libshutdown$$00000002)
    __rt_lib_shutdown_fp_trap_1              0x08000213   Thumb Code     0  libshutdown2.o(.ARM.Collect$$libshutdown$$00000009)
    __rt_lib_shutdown_heap_1                 0x08000213   Thumb Code     0  libshutdown2.o(.ARM.Collect$$libshutdown$$00000011)
    __rt_lib_shutdown_return                 0x08000213   Thumb Code     0  libshutdown2.o(.ARM.Collect$$libshutdown$$00000012)
    __rt_lib_shutdown_signal_1               0x08000213   Thumb Code     0  libshutdown2.o(.ARM.Collect$$libshutdown$$0000000C)
    __rt_lib_shutdown_stdio_1                0x08000213   Thumb Code     0  libshutdown2.o(.ARM.Collect$$libshutdown$$00000006)
    __rt_lib_shutdown_user_alloc_1           0x08000213   Thumb Code     0  libshutdown2.o(.ARM.Collect$$libshutdown$$0000000E)
    __rt_entry                               0x08000215   Thumb Code     0  __rtentry.o(.ARM.Collect$$rtentry$$00000000)
    __rt_entry_presh_1                       0x08000215   Thumb Code     0  __rtentry2.o(.ARM.Collect$$rtentry$$00000002)
    __rt_entry_sh                            0x08000215   Thumb Code     0  __rtentry4.o(.ARM.Collect$$rtentry$$00000004)
    __rt_entry_li                            0x0800021b   Thumb Code     0  __rtentry2.o(.ARM.Collect$$rtentry$$0000000A)
    __rt_entry_postsh_1                      0x0800021b   Thumb Code     0  __rtentry2.o(.ARM.Collect$$rtentry$$00000009)
    __rt_entry_main                          0x0800021f   Thumb Code     0  __rtentry2.o(.ARM.Collect$$rtentry$$0000000D)
    __rt_entry_postli_1                      0x0800021f   Thumb Code     0  __rtentry2.o(.ARM.Collect$$rtentry$$0000000C)
    __rt_exit                                0x08000227   Thumb Code     0  rtexit.o(.ARM.Collect$$rtexit$$00000000)
    __rt_exit_ls                             0x08000229   Thumb Code     0  rtexit2.o(.ARM.Collect$$rtexit$$00000003)
    __rt_exit_prels_1                        0x08000229   Thumb Code     0  rtexit2.o(.ARM.Collect$$rtexit$$00000002)
    __rt_exit_exit                           0x0800022d   Thumb Code     0  rtexit2.o(.ARM.Collect$$rtexit$$00000004)
    Reset_Handler                            0x08000235   Thumb Code     8  startup_stm32f10x_md.o(.text)
    ADC1_2_IRQHandler                        0x0800024f   Thumb Code     0  startup_stm32f10x_md.o(.text)
    CAN1_RX1_IRQHandler                      0x0800024f   Thumb Code     0  startup_stm32f10x_md.o(.text)
    CAN1_SCE_IRQHandler                      0x0800024f   Thumb Code     0  startup_stm32f10x_md.o(.text)
    DMA1_Channel1_IRQHandler                 0x0800024f   Thumb Code     0  startup_stm32f10x_md.o(.text)
    DMA1_Channel2_IRQHandler                 0x0800024f   Thumb Code     0  startup_stm32f10x_md.o(.text)
    DMA1_Channel3_IRQHandler                 0x0800024f   Thumb Code     0  startup_stm32f10x_md.o(.text)
    DMA1_Channel4_IRQHandler                 0x0800024f   Thumb Code     0  startup_stm32f10x_md.o(.text)
    DMA1_Channel5_IRQHandler                 0x0800024f   Thumb Code     0  startup_stm32f10x_md.o(.text)
    DMA1_Channel6_IRQHandler                 0x0800024f   Thumb Code     0  startup_stm32f10x_md.o(.text)
    DMA1_Channel7_IRQHandler                 0x0800024f   Thumb Code     0  startup_stm32f10x_md.o(.text)
    EXTI15_10_IRQHandler                     0x0800024f   Thumb Code     0  startup_stm32f10x_md.o(.text)
    EXTI1_IRQHandler                         0x0800024f   Thumb Code     0  startup_stm32f10x_md.o(.text)
    EXTI2_IRQHandler                         0x0800024f   Thumb Code     0  startup_stm32f10x_md.o(.text)
    EXTI3_IRQHandler                         0x0800024f   Thumb Code     0  startup_stm32f10x_md.o(.text)
    EXTI9_5_IRQHandler                       0x0800024f   Thumb Code     0  startup_stm32f10x_md.o(.text)
    FLASH_IRQHandler                         0x0800024f   Thumb Code     0  startup_stm32f10x_md.o(.text)
    I2C1_ER_IRQHandler                       0x0800024f   Thumb Code     0  startup_stm32f10x_md.o(.text)
    I2C1_EV_IRQHandler                       0x0800024f   Thumb Code     0  startup_stm32f10x_md.o(.text)
    I2C2_ER_IRQHandler                       0x0800024f   Thumb Code     0  startup_stm32f10x_md.o(.text)
    I2C2_EV_IRQHandler                       0x0800024f   Thumb Code     0  startup_stm32f10x_md.o(.text)
    PVD_IRQHandler                           0x0800024f   Thumb Code     0  startup_stm32f10x_md.o(.text)
    RCC_IRQHandler                           0x0800024f   Thumb Code     0  startup_stm32f10x_md.o(.text)
    RTCAlarm_IRQHandler                      0x0800024f   Thumb Code     0  startup_stm32f10x_md.o(.text)
    RTC_IRQHandler                           0x0800024f   Thumb Code     0  startup_stm32f10x_md.o(.text)
    SPI1_IRQHandler                          0x0800024f   Thumb Code     0  startup_stm32f10x_md.o(.text)
    SPI2_IRQHandler                          0x0800024f   Thumb Code     0  startup_stm32f10x_md.o(.text)
    TAMPER_IRQHandler                        0x0800024f   Thumb Code     0  startup_stm32f10x_md.o(.text)
    TIM1_BRK_IRQHandler                      0x0800024f   Thumb Code     0  startup_stm32f10x_md.o(.text)
    TIM1_CC_IRQHandler                       0x0800024f   Thumb Code     0  startup_stm32f10x_md.o(.text)
    TIM1_TRG_COM_IRQHandler                  0x0800024f   Thumb Code     0  startup_stm32f10x_md.o(.text)
    TIM1_UP_IRQHandler                       0x0800024f   Thumb Code     0  startup_stm32f10x_md.o(.text)
    TIM2_IRQHandler                          0x0800024f   Thumb Code     0  startup_stm32f10x_md.o(.text)
    TIM3_IRQHandler                          0x0800024f   Thumb Code     0  startup_stm32f10x_md.o(.text)
    USBWakeUp_IRQHandler                     0x0800024f   Thumb Code     0  startup_stm32f10x_md.o(.text)
    USB_HP_CAN1_TX_IRQHandler                0x0800024f   Thumb Code     0  startup_stm32f10x_md.o(.text)
    USB_LP_CAN1_RX0_IRQHandler               0x0800024f   Thumb Code     0  startup_stm32f10x_md.o(.text)
    WWDG_IRQHandler                          0x0800024f   Thumb Code     0  startup_stm32f10x_md.o(.text)
    __user_initial_stackheap                 0x08000251   Thumb Code     0  startup_stm32f10x_md.o(.text)
    __use_no_semihosting                     0x08000275   Thumb Code     2  use_no_semi_2.o(.text)
    __c89printf                              0x08000279   Thumb Code    20  c89printf.o(.text)
    __2printf                                0x08000291   Thumb Code    20  __2printf.o(.text)
    _printf_pre_padding                      0x080002a9   Thumb Code    44  _printf_pad.o(.text)
    _printf_post_padding                     0x080002d5   Thumb Code    34  _printf_pad.o(.text)
    _printf_str                              0x080002f7   Thumb Code    82  _printf_str.o(.text)
    _printf_int_dec                          0x08000349   Thumb Code   104  _printf_dec.o(.text)
    _printf_longlong_hex                     0x080003c1   Thumb Code    86  _printf_hex_int_ll_ptr.o(.text)
    _printf_int_hex                          0x08000417   Thumb Code    28  _printf_hex_int_ll_ptr.o(.text)
    _printf_ll_hex                           0x08000433   Thumb Code    12  _printf_hex_int_ll_ptr.o(.text)
    _printf_hex_ptr                          0x0800043f   Thumb Code    18  _printf_hex_int_ll_ptr.o(.text)
    __printf                                 0x08000455   Thumb Code   388  __printf_flags_ss_wp.o(.text)
    strcpy                                   0x080005dd   Thumb Code    72  strcpy.o(.text)
    __aeabi_memclr                           0x08000625   Thumb Code     0  rt_memclr.o(.text)
    __rt_memclr                              0x08000625   Thumb Code    68  rt_memclr.o(.text)
    _memset                                  0x08000629   Thumb Code     0  rt_memclr.o(.text)
    __aeabi_memclr4                          0x08000669   Thumb Code     0  rt_memclr_w.o(.text)
    __aeabi_memclr8                          0x08000669   Thumb Code     0  rt_memclr_w.o(.text)
    __rt_memclr_w                            0x08000669   Thumb Code    78  rt_memclr_w.o(.text)
    _memset_w                                0x0800066d   Thumb Code     0  rt_memclr_w.o(.text)
    __use_two_region_memory                  0x080006b7   Thumb Code     2  heapauxi.o(.text)
    __rt_heap_escrow$2region                 0x080006b9   Thumb Code     2  heapauxi.o(.text)
    __rt_heap_expand$2region                 0x080006bb   Thumb Code     2  heapauxi.o(.text)
    __I$use$semihosting                      0x080006bd   Thumb Code     0  use_no_semi.o(.text)
    __use_no_semihosting_swi                 0x080006bd   Thumb Code     2  use_no_semi.o(.text)
    __read_errno                             0x080006bf   Thumb Code    10  _rserrno.o(.text)
    __set_errno                              0x080006c9   Thumb Code    12  _rserrno.o(.text)
    _printf_truncate_signed                  0x080006d5   Thumb Code    18  _printf_truncate.o(.text)
    _printf_truncate_unsigned                0x080006e7   Thumb Code    18  _printf_truncate.o(.text)
    _printf_int_common                       0x080006f9   Thumb Code   178  _printf_intcommon.o(.text)
    _printf_charcount                        0x080007ab   Thumb Code    40  _printf_charcount.o(.text)
    __lib_sel_fp_printf                      0x080007d3   Thumb Code     2  _printf_fp_dec.o(.text)
    _printf_fp_dec_real                      0x08000985   Thumb Code   620  _printf_fp_dec.o(.text)
    _printf_char_common                      0x08000bfb   Thumb Code    32  _printf_char_common.o(.text)
    _printf_cs_common                        0x08000c21   Thumb Code    20  _printf_char.o(.text)
    _printf_char                             0x08000c35   Thumb Code    16  _printf_char.o(.text)
    _printf_string                           0x08000c45   Thumb Code     8  _printf_char.o(.text)
    _printf_char_file                        0x08000c4d   Thumb Code    32  _printf_char_file.o(.text)
    _printf_wctomb                           0x08000c71   Thumb Code   182  _printf_wctomb.o(.text)
    _printf_longlong_dec                     0x08000d2d   Thumb Code   108  _printf_longlong_dec.o(.text)
    _printf_longlong_oct                     0x08000da9   Thumb Code    66  _printf_oct_int_ll.o(.text)
    _printf_int_oct                          0x08000deb   Thumb Code    24  _printf_oct_int_ll.o(.text)
    _printf_ll_oct                           0x08000e03   Thumb Code    12  _printf_oct_int_ll.o(.text)
    __rt_locale                              0x08000e19   Thumb Code     8  rt_locale_intlibspace.o(.text)
    __aeabi_errno_addr                       0x08000e21   Thumb Code     8  rt_errno_addr_intlibspace.o(.text)
    __errno$intlibspace                      0x08000e21   Thumb Code     0  rt_errno_addr_intlibspace.o(.text)
    __rt_errno_addr$intlibspace              0x08000e21   Thumb Code     0  rt_errno_addr_intlibspace.o(.text)
    _ll_udiv10                               0x08000e29   Thumb Code   138  lludiv10.o(.text)
    _printf_fp_infnan                        0x08000eb5   Thumb Code   112  _printf_fp_infnan.o(.text)
    _printf_lcs_common                       0x08000f35   Thumb Code    20  _printf_wchar.o(.text)
    _printf_wchar                            0x08000f49   Thumb Code    16  _printf_wchar.o(.text)
    _printf_wstring                          0x08000f59   Thumb Code     8  _printf_wchar.o(.text)
    _btod_etento                             0x08000f61   Thumb Code   224  bigflt0.o(.text)
    ferror                                   0x08001045   Thumb Code     8  ferror.o(.text)
    _wcrtomb                                 0x0800104d   Thumb Code    64  _wcrtomb.o(.text)
    __user_libspace                          0x0800108d   Thumb Code     8  libspace.o(.text)
    __user_perproc_libspace                  0x0800108d   Thumb Code     0  libspace.o(.text)
    __user_perthread_libspace                0x0800108d   Thumb Code     0  libspace.o(.text)
    __user_setup_stackheap                   0x08001095   Thumb Code    74  sys_stackheap_outer.o(.text)
    __rt_ctype_table                         0x080010e1   Thumb Code    16  rt_ctype_table.o(.text)
    exit                                     0x080010f1   Thumb Code    18  exit.o(.text)
    strcmp                                   0x08001105   Thumb Code   128  strcmpv7m.o(.text)
    _btod_d2e                                0x08001185   Thumb Code    62  btod.o(CL$$btod_d2e)
    _d2e_denorm_low                          0x080011c3   Thumb Code    70  btod.o(CL$$btod_d2e_denorm_low)
    _d2e_norm_op1                            0x08001209   Thumb Code    96  btod.o(CL$$btod_d2e_norm_op1)
    __btod_div_common                        0x08001269   Thumb Code   696  btod.o(CL$$btod_div_common)
    _e2e                                     0x080015a1   Thumb Code   220  btod.o(CL$$btod_e2e)
    _btod_ediv                               0x0800167d   Thumb Code    42  btod.o(CL$$btod_ediv)
    _btod_emul                               0x080016a7   Thumb Code    42  btod.o(CL$$btod_emul)
    __btod_mult_common                       0x080016d1   Thumb Code   580  btod.o(CL$$btod_mult_common)
    APP_Gravity_Mode                         0x08001915   Thumb Code  1206  control.o(i.APP_Gravity_Mode)
    APP_Joy_Mode                             0x08001dd9   Thumb Code   724  control.o(i.APP_Joy_Mode)
    Bluetooth_Mode                           0x080020b9   Thumb Code   114  control.o(i.Bluetooth_Mode)
    BusFault_Handler                         0x08002135   Thumb Code     4  stm32f10x_it.o(i.BusFault_Handler)
    Control                                  0x08002149   Thumb Code   344  control.o(i.Control)
    DebugMon_Handler                         0x080022b5   Thumb Code     2  stm32f10x_it.o(i.DebugMon_Handler)
    EXTI0_IRQHandler                         0x080022b9   Thumb Code    30  joystick.o(i.EXTI0_IRQHandler)
    EXTI4_IRQHandler                         0x080022e1   Thumb Code    30  exti.o(i.EXTI4_IRQHandler)
    EXTI_ClearITPendingBit                   0x08002309   Thumb Code     6  stm32f10x_exti.o(i.EXTI_ClearITPendingBit)
    EXTI_GetITStatus                         0x08002315   Thumb Code    34  stm32f10x_exti.o(i.EXTI_GetITStatus)
    Evadible_Mode                            0x0800233d   Thumb Code    54  control.o(i.Evadible_Mode)
    Follow_Mode                              0x08002379   Thumb Code    62  control.o(i.Follow_Mode)
    GPIO_Init                                0x080023c5   Thumb Code   278  stm32f10x_gpio.o(i.GPIO_Init)
    GPIO_PinRemapConfig                      0x080024dd   Thumb Code   138  stm32f10x_gpio.o(i.GPIO_PinRemapConfig)
    GPIO_ResetBits                           0x0800256d   Thumb Code     4  stm32f10x_gpio.o(i.GPIO_ResetBits)
    GPIO_SetBits                             0x08002571   Thumb Code     4  stm32f10x_gpio.o(i.GPIO_SetBits)
    GetEchoTimer                             0x08002575   Thumb Code    42  hcsr.o(i.GetEchoTimer)
    Gravity_Mode                             0x080025a9   Thumb Code  1148  control.o(i.Gravity_Mode)
    HardFault_Handler                        0x08002a2d   Thumb Code     4  stm32f10x_it.o(i.HardFault_Handler)
    Hcsr04GetLength                          0x08002a31   Thumb Code   150  hcsr.o(i.Hcsr04GetLength)
    Hcsr04_Init                              0x08002ad9   Thumb Code   158  hcsr.o(i.Hcsr04_Init)
    Hcsr04_NVIC                              0x08002b81   Thumb Code    40  hcsr.o(i.Hcsr04_NVIC)
    LED_Init                                 0x08002ba9   Thumb Code    40  led.o(i.LED_Init)
    Left_Turn                                0x08002bd5   Thumb Code    88  motor.o(i.Left_Turn)
    Map                                      0x08002c31   Thumb Code    22  control.o(i.Map)
    MemManage_Handler                        0x08002c47   Thumb Code     4  stm32f10x_it.o(i.MemManage_Handler)
    Motion_State                             0x08002c4d   Thumb Code   126  motor.o(i.Motion_State)
    Motor_GPIO_Init                          0x08002cd1   Thumb Code    40  motor.o(i.Motor_GPIO_Init)
    Motor_Init                               0x08002cfd   Thumb Code    22  motor.o(i.Motor_Init)
    Motor_PWM_Init                           0x08002d15   Thumb Code   192  motor.o(i.Motor_PWM_Init)
    NMI_Handler                              0x08002dd9   Thumb Code     2  stm32f10x_it.o(i.NMI_Handler)
    NRF24L01_Check                           0x08002ddd   Thumb Code    72  nrf24l01.o(i.NRF24L01_Check)
    NRF24L01_Check_detection                 0x08002e2d   Thumb Code    46  nrf24l01.o(i.NRF24L01_Check_detection)
    NRF24L01_Init                            0x08002e95   Thumb Code   208  nrf24l01.o(i.NRF24L01_Init)
    NRF24L01_RX_Mode                         0x08002f75   Thumb Code    76  nrf24l01.o(i.NRF24L01_RX_Mode)
    NRF24L01_Read_Buf                        0x08002fcd   Thumb Code    56  nrf24l01.o(i.NRF24L01_Read_Buf)
    NRF24L01_Read_Reg                        0x08003009   Thumb Code    36  nrf24l01.o(i.NRF24L01_Read_Reg)
    NRF24L01_RxPacket                        0x08003035   Thumb Code    58  nrf24l01.o(i.NRF24L01_RxPacket)
    NRF24L01_Write_Buf                       0x08003071   Thumb Code    56  nrf24l01.o(i.NRF24L01_Write_Buf)
    NRF24L01_Write_Reg                       0x080030ad   Thumb Code    38  nrf24l01.o(i.NRF24L01_Write_Reg)
    NVIC_Init                                0x080030dd   Thumb Code   100  misc.o(i.NVIC_Init)
    NVIC_PriorityGroupConfig                 0x0800314d   Thumb Code    10  misc.o(i.NVIC_PriorityGroupConfig)
    PendSV_Handler                           0x08003185   Thumb Code     2  stm32f10x_it.o(i.PendSV_Handler)
    RCC_APB1PeriphClockCmd                   0x08003189   Thumb Code    26  stm32f10x_rcc.o(i.RCC_APB1PeriphClockCmd)
    RCC_APB1PeriphResetCmd                   0x080031a9   Thumb Code    26  stm32f10x_rcc.o(i.RCC_APB1PeriphResetCmd)
    RCC_APB2PeriphClockCmd                   0x080031c9   Thumb Code    26  stm32f10x_rcc.o(i.RCC_APB2PeriphClockCmd)
    RCC_APB2PeriphResetCmd                   0x080031e9   Thumb Code    26  stm32f10x_rcc.o(i.RCC_APB2PeriphResetCmd)
    RCC_GetClocksFreq                        0x08003209   Thumb Code   192  stm32f10x_rcc.o(i.RCC_GetClocksFreq)
    RGB_Circulation                          0x080032dd   Thumb Code   228  ws2812b.o(i.RGB_Circulation)
    RGB_LED_Init                             0x080033c1   Thumb Code    46  ws2812b.o(i.RGB_LED_Init)
    RGB_LED_Write0                           0x080033f5   Thumb Code    96  ws2812b.o(i.RGB_LED_Write0)
    RGB_LED_Write1                           0x08003459   Thumb Code    88  ws2812b.o(i.RGB_LED_Write1)
    RGB_LED_Write_24Bits                     0x080034b5   Thumb Code    28  ws2812b.o(i.RGB_LED_Write_24Bits)
    RGB_LED_Write_Byte                       0x080034d1   Thumb Code    38  ws2812b.o(i.RGB_LED_Write_Byte)
    RGB_Select                               0x080034f9   Thumb Code   130  control.o(i.RGB_Select)
    RGB_Show                                 0x08003599   Thumb Code   422  control.o(i.RGB_Show)
    SPI1_Init                                0x0800376d   Thumb Code   130  spi.o(i.SPI1_Init)
    SPI1_ReadWriteByte                       0x080037f9   Thumb Code    78  spi.o(i.SPI1_ReadWriteByte)
    SPI1_SetSpeed                            0x0800384d   Thumb Code    36  spi.o(i.SPI1_SetSpeed)
    SPI_Cmd                                  0x08003875   Thumb Code    24  stm32f10x_spi.o(i.SPI_Cmd)
    SPI_I2S_GetFlagStatus                    0x0800388d   Thumb Code    18  stm32f10x_spi.o(i.SPI_I2S_GetFlagStatus)
    SPI_I2S_ReceiveData                      0x0800389f   Thumb Code     6  stm32f10x_spi.o(i.SPI_I2S_ReceiveData)
    SPI_I2S_SendData                         0x080038a5   Thumb Code     4  stm32f10x_spi.o(i.SPI_I2S_SendData)
    SPI_Init                                 0x080038a9   Thumb Code    60  stm32f10x_spi.o(i.SPI_Init)
    STBY_Init                                0x080038e5   Thumb Code    58  motor.o(i.STBY_Init)
    SVC_Handler                              0x08003929   Thumb Code     2  stm32f10x_it.o(i.SVC_Handler)
    SysTick_CLKSourceConfig                  0x08003a15   Thumb Code    40  misc.o(i.SysTick_CLKSourceConfig)
    SysTick_Handler                          0x08003a3d   Thumb Code     2  stm32f10x_it.o(i.SysTick_Handler)
    SystemInit                               0x08003a41   Thumb Code    78  system_stm32f10x.o(i.SystemInit)
    TIM4_IRQHandler                          0x08003aa1   Thumb Code    32  hcsr.o(i.TIM4_IRQHandler)
    TIM_ClearFlag                            0x08003ac9   Thumb Code     6  stm32f10x_tim.o(i.TIM_ClearFlag)
    TIM_ClearITPendingBit                    0x08003acf   Thumb Code     6  stm32f10x_tim.o(i.TIM_ClearITPendingBit)
    TIM_Cmd                                  0x08003ad5   Thumb Code    24  stm32f10x_tim.o(i.TIM_Cmd)
    TIM_DeInit                               0x08003aed   Thumb Code   424  stm32f10x_tim.o(i.TIM_DeInit)
    TIM_GetCounter                           0x08003cd5   Thumb Code     6  stm32f10x_tim.o(i.TIM_GetCounter)
    TIM_GetITStatus                          0x08003cdb   Thumb Code    34  stm32f10x_tim.o(i.TIM_GetITStatus)
    TIM_ITConfig                             0x08003cfd   Thumb Code    18  stm32f10x_tim.o(i.TIM_ITConfig)
    TIM_OC1Init                              0x08003d11   Thumb Code   132  stm32f10x_tim.o(i.TIM_OC1Init)
    TIM_OC1PreloadConfig                     0x08003da9   Thumb Code    18  stm32f10x_tim.o(i.TIM_OC1PreloadConfig)
    TIM_OC2Init                              0x08003dbd   Thumb Code   154  stm32f10x_tim.o(i.TIM_OC2Init)
    TIM_OC2PreloadConfig                     0x08003e61   Thumb Code    26  stm32f10x_tim.o(i.TIM_OC2PreloadConfig)
    TIM_OC3Init                              0x08003e7d   Thumb Code   150  stm32f10x_tim.o(i.TIM_OC3Init)
    TIM_OC3PreloadConfig                     0x08003f1d   Thumb Code    18  stm32f10x_tim.o(i.TIM_OC3PreloadConfig)
    TIM_OC4Init                              0x08003f31   Thumb Code   114  stm32f10x_tim.o(i.TIM_OC4Init)
    TIM_OC4PreloadConfig                     0x08003fad   Thumb Code    26  stm32f10x_tim.o(i.TIM_OC4PreloadConfig)
    TIM_SetCompare1                          0x08003fc7   Thumb Code     4  stm32f10x_tim.o(i.TIM_SetCompare1)
    TIM_SetCompare2                          0x08003fcb   Thumb Code     4  stm32f10x_tim.o(i.TIM_SetCompare2)
    TIM_SetCompare3                          0x08003fcf   Thumb Code     4  stm32f10x_tim.o(i.TIM_SetCompare3)
    TIM_SetCompare4                          0x08003fd3   Thumb Code     6  stm32f10x_tim.o(i.TIM_SetCompare4)
    TIM_SetCounter                           0x08003fd9   Thumb Code     4  stm32f10x_tim.o(i.TIM_SetCounter)
    TIM_TimeBaseInit                         0x08003fdd   Thumb Code   122  stm32f10x_tim.o(i.TIM_TimeBaseInit)
    USART1_IRQHandler                        0x08004081   Thumb Code   546  usart.o(i.USART1_IRQHandler)
    USART1_Init                              0x080042e9   Thumb Code   160  usart.o(i.USART1_Init)
    USART2_IRQHandler                        0x08004391   Thumb Code    60  usart.o(i.USART2_IRQHandler)
    USART3_IRQHandler                        0x080043d5   Thumb Code    60  usart.o(i.USART3_IRQHandler)
    USART_Cmd                                0x08004419   Thumb Code    24  stm32f10x_usart.o(i.USART_Cmd)
    USART_GetFlagStatus                      0x08004431   Thumb Code    26  stm32f10x_usart.o(i.USART_GetFlagStatus)
    USART_GetITStatus                        0x0800444b   Thumb Code    84  stm32f10x_usart.o(i.USART_GetITStatus)
    USART_ITConfig                           0x0800449f   Thumb Code    74  stm32f10x_usart.o(i.USART_ITConfig)
    USART_Init                               0x080044e9   Thumb Code   210  stm32f10x_usart.o(i.USART_Init)
    USART_ReceiveData                        0x080045c1   Thumb Code    10  stm32f10x_usart.o(i.USART_ReceiveData)
    USART_SendByte                           0x080045cb   Thumb Code    28  usart.o(i.USART_SendByte)
    USART_SendData                           0x080045e7   Thumb Code     8  stm32f10x_usart.o(i.USART_SendData)
    UsageFault_Handler                       0x080045ef   Thumb Code     4  stm32f10x_it.o(i.UsageFault_Handler)
    Wireless_Mode                            0x080045f5   Thumb Code  1282  control.o(i.Wireless_Mode)
    __ARM_fpclassify                         0x08004b15   Thumb Code    40  fpclassify.o(i.__ARM_fpclassify)
    __kernel_poly                            0x08004b3d   Thumb Code   170  poly.o(i.__kernel_poly)
    __mathlib_dbl_divzero                    0x08004be9   Thumb Code    12  dunder.o(i.__mathlib_dbl_divzero)
    __mathlib_dbl_infnan2                    0x08004bf9   Thumb Code     4  dunder.o(i.__mathlib_dbl_infnan2)
    __mathlib_dbl_invalid                    0x08004bfd   Thumb Code    12  dunder.o(i.__mathlib_dbl_invalid)
    __mathlib_dbl_overflow                   0x08004c09   Thumb Code    14  dunder.o(i.__mathlib_dbl_overflow)
    __mathlib_dbl_underflow                  0x08004c19   Thumb Code    10  dunder.o(i.__mathlib_dbl_underflow)
    _is_digit                                0x08004c29   Thumb Code    14  __printf_wp.o(i._is_digit)
    _sys_exit                                0x08004c37   Thumb Code     6  usart.o(i._sys_exit)
    backward                                 0x08004c3d   Thumb Code    88  motor.o(i.backward)
    delay_init                               0x08004c99   Thumb Code    50  delay.o(i.delay_init)
    delay_ms                                 0x08004cdd   Thumb Code    72  delay.o(i.delay_ms)
    delay_us                                 0x08004d29   Thumb Code    72  delay.o(i.delay_us)
    forward                                  0x08004d75   Thumb Code    88  motor.o(i.forward)
    fputc                                    0x08004dd1   Thumb Code    32  usart.o(i.fputc)
    hsv_to_rgb                               0x08004df5   Thumb Code   364  ws2812b.o(i.hsv_to_rgb)
    main                                     0x08004f6d   Thumb Code    72  main.o(i.main)
    pow                                      0x08004fb9   Thumb Code  2512  pow.o(i.pow)
    sqrt                                     0x08005991   Thumb Code    76  sqrt.o(i.sqrt)
    _get_lc_numeric                          0x080059dd   Thumb Code    44  lc_numeric_c.o(locale$$code)
    _get_lc_ctype                            0x08005a09   Thumb Code    44  lc_ctype_c.o(locale$$code)
    __aeabi_d2f                              0x08005a35   Thumb Code     0  d2f.o(x$fpl$d2f)
    _d2f                                     0x08005a35   Thumb Code    98  d2f.o(x$fpl$d2f)
    __aeabi_dadd                             0x08005a99   Thumb Code     0  daddsub_clz.o(x$fpl$dadd)
    _dadd                                    0x08005a99   Thumb Code   332  daddsub_clz.o(x$fpl$dadd)
    __fpl_dcheck_NaN1                        0x08005be9   Thumb Code    10  dcheck1.o(x$fpl$dcheck1)
    __fpl_dcmp_Inf                           0x08005bf9   Thumb Code    24  dcmpi.o(x$fpl$dcmpinf)
    __aeabi_ddiv                             0x08005c11   Thumb Code     0  ddiv.o(x$fpl$ddiv)
    _ddiv                                    0x08005c11   Thumb Code   552  ddiv.o(x$fpl$ddiv)
    __aeabi_d2iz                             0x08005ec1   Thumb Code     0  dfix.o(x$fpl$dfix)
    _dfix                                    0x08005ec1   Thumb Code    94  dfix.o(x$fpl$dfix)
    __aeabi_i2d                              0x08005f1f   Thumb Code     0  dflt_clz.o(x$fpl$dflt)
    _dflt                                    0x08005f1f   Thumb Code    46  dflt_clz.o(x$fpl$dflt)
    __aeabi_cdcmple                          0x08005f4d   Thumb Code     0  dleqf.o(x$fpl$dleqf)
    _dcmple                                  0x08005f4d   Thumb Code   120  dleqf.o(x$fpl$dleqf)
    __fpl_dcmple_InfNaN                      0x08005faf   Thumb Code     0  dleqf.o(x$fpl$dleqf)
    __aeabi_dmul                             0x08005fc5   Thumb Code     0  dmul.o(x$fpl$dmul)
    _dmul                                    0x08005fc5   Thumb Code   332  dmul.o(x$fpl$dmul)
    __fpl_dnaninf                            0x08006119   Thumb Code   156  dnaninf.o(x$fpl$dnaninf)
    __fpl_dretinf                            0x080061b5   Thumb Code    12  dretinf.o(x$fpl$dretinf)
    __aeabi_cdrcmple                         0x080061c1   Thumb Code     0  drleqf.o(x$fpl$drleqf)
    _drcmple                                 0x080061c1   Thumb Code   108  drleqf.o(x$fpl$drleqf)
    __aeabi_drsub                            0x0800622d   Thumb Code     0  daddsub_clz.o(x$fpl$drsb)
    _drsb                                    0x0800622d   Thumb Code    22  daddsub_clz.o(x$fpl$drsb)
    _dsqrt                                   0x08006245   Thumb Code   456  dsqrt_noumaal.o(x$fpl$dsqrt)
    __aeabi_dsub                             0x08006411   Thumb Code     0  daddsub_clz.o(x$fpl$dsub)
    _dsub                                    0x08006411   Thumb Code   464  daddsub_clz.o(x$fpl$dsub)
    __aeabi_f2d                              0x080065e5   Thumb Code     0  f2d.o(x$fpl$f2d)
    _f2d                                     0x080065e5   Thumb Code    86  f2d.o(x$fpl$f2d)
    __aeabi_fadd                             0x0800663d   Thumb Code     0  faddsub_clz.o(x$fpl$fadd)
    _fadd                                    0x0800663d   Thumb Code   196  faddsub_clz.o(x$fpl$fadd)
    __fpl_fcmp_Inf                           0x08006701   Thumb Code    24  fcmpi.o(x$fpl$fcmpinf)
    __aeabi_fdiv                             0x08006719   Thumb Code     0  fdiv.o(x$fpl$fdiv)
    _fdiv                                    0x08006719   Thumb Code   384  fdiv.o(x$fpl$fdiv)
    __aeabi_cfcmpeq                          0x0800689d   Thumb Code     0  feqf.o(x$fpl$feqf)
    _fcmpeq                                  0x0800689d   Thumb Code   104  feqf.o(x$fpl$feqf)
    __aeabi_f2iz                             0x08006905   Thumb Code     0  ffix.o(x$fpl$ffix)
    _ffix                                    0x08006905   Thumb Code    54  ffix.o(x$fpl$ffix)
    __aeabi_f2uiz                            0x0800693d   Thumb Code     0  ffixu.o(x$fpl$ffixu)
    _ffixu                                   0x0800693d   Thumb Code    62  ffixu.o(x$fpl$ffixu)
    __aeabi_i2f                              0x0800697d   Thumb Code     0  fflt_clz.o(x$fpl$fflt)
    _fflt                                    0x0800697d   Thumb Code    48  fflt_clz.o(x$fpl$fflt)
    __aeabi_ui2f                             0x080069ad   Thumb Code     0  fflt_clz.o(x$fpl$ffltu)
    _ffltu                                   0x080069ad   Thumb Code    38  fflt_clz.o(x$fpl$ffltu)
    __aeabi_cfcmple                          0x080069d5   Thumb Code     0  fleqf.o(x$fpl$fleqf)
    _fcmple                                  0x080069d5   Thumb Code   104  fleqf.o(x$fpl$fleqf)
    __fpl_fcmple_InfNaN                      0x08006a27   Thumb Code     0  fleqf.o(x$fpl$fleqf)
    __aeabi_fmul                             0x08006a3d   Thumb Code     0  fmul.o(x$fpl$fmul)
    _fmul                                    0x08006a3d   Thumb Code   258  fmul.o(x$fpl$fmul)
    __fpl_fnaninf                            0x08006b3f   Thumb Code   140  fnaninf.o(x$fpl$fnaninf)
    __fpl_fretinf                            0x08006bcb   Thumb Code    10  fretinf.o(x$fpl$fretinf)
    __aeabi_cfrcmple                         0x08006bd5   Thumb Code     0  frleqf.o(x$fpl$frleqf)
    _frcmple                                 0x08006bd5   Thumb Code    98  frleqf.o(x$fpl$frleqf)
    __aeabi_frsub                            0x08006c37   Thumb Code     0  faddsub_clz.o(x$fpl$frsb)
    _frsb                                    0x08006c37   Thumb Code    20  faddsub_clz.o(x$fpl$frsb)
    __aeabi_fsub                             0x08006c4d   Thumb Code     0  faddsub_clz.o(x$fpl$fsub)
    _fsub                                    0x08006c4d   Thumb Code   234  faddsub_clz.o(x$fpl$fsub)
    _printf_fp_dec                           0x08006d37   Thumb Code     4  printf1.o(x$fpl$printf1)
    __fpl_return_NaN                         0x08006d3b   Thumb Code   100  retnan.o(x$fpl$retnan)
    __ARM_scalbn                             0x08006d9f   Thumb Code    92  scalbn.o(x$fpl$scalbn)
    __fpl_cmpreturn                          0x08006dfb   Thumb Code    48  trapv.o(x$fpl$trapveneer)
    TX_ADDRESS                               0x08006e2a   Data           5  nrf24l01.o(.constdata)
    __I$use$fp                               0x08006e2a   Number         0  usenofp.o(x$fpl$usenofp)
    RX_ADDRESS                               0x08006e2f   Data           5  nrf24l01.o(.constdata)
    __mathlib_zero                           0x08006f00   Data           8  qnan.o(.constdata)
    Region$$Table$$Base                      0x08006f9c   Number         0  anon$$obj.o(Region$$Table)
    Region$$Table$$Limit                     0x08006fbc   Number         0  anon$$obj.o(Region$$Table)
    __ctype                                  0x08006fe5   Data           0  lc_ctype_c.o(locale$$data)
    SystemCoreClock                          0x20000000   Data           4  system_stm32f10x.o(.data)
    AHBPrescTable                            0x20000004   Data          16  system_stm32f10x.o(.data)
    flag                                     0x20000018   Data           1  usart.o(.data)
    mode_flag                                0x20000019   Data           1  usart.o(.data)
    __stdout                                 0x2000001c   Data           4  usart.o(.data)
    msHcCount                                0x2000003e   Data           2  hcsr.o(.data)
    Joy_Lpos                                 0x20000040   Data           1  control.o(.data)
    Joy_Rpos                                 0x20000041   Data           1  control.o(.data)
    Eva_RxBuf                                0x20000042   Data           4  control.o(.data)
    RGB_RxBuf                                0x20000046   Data           4  control.o(.data)
    mode                                     0x2000004a   Data           1  control.o(.data)
    NRF_flag                                 0x2000004b   Data           1  control.o(.data)
    MPU_flag                                 0x2000004c   Data           1  control.o(.data)
    RGB_flag                                 0x2000004d   Data           1  control.o(.data)
    RGB_mode                                 0x2000004e   Data           1  control.o(.data)
    HSV_H                                    0x20000050   Data           4  control.o(.data)
    HSV_flag                                 0x20000054   Data           1  control.o(.data)
    LED_Count                                0x20000055   Data           1  control.o(.data)
    RGB_R                                    0x20000068   Data           4  ws2812b.o(.data)
    RGB_G                                    0x2000006c   Data           4  ws2812b.o(.data)
    RGB_B                                    0x20000070   Data           4  ws2812b.o(.data)
    Lx_Buf                                   0x20000074   Data          10  usart.o(.bss)
    Rx_Buf                                   0x2000007e   Data          10  usart.o(.bss)
    Pitch_Roll_Buf                           0x20000088   Data          20  usart.o(.bss)
    Joy_RxBuf                                0x200000c4   Data          20  control.o(.bss)
    MPU_RxBuf                                0x200000d8   Data          10  control.o(.bss)
    MPU_Data                                 0x200000e2   Data          10  control.o(.bss)
    Con_RxBuf                                0x200000ec   Data          10  control.o(.bss)
    __libspace_start                         0x20000120   Data          96  libspace.o(.bss)
    __temporary_stack_top$libspace           0x20000180   Data           0  libspace.o(.bss)
    mem2base                                 0x68000000   Data       983040  malloc.o(.ARM.__AT_0x68000000)
    mem2mapbase                              0x680f0000   Data       61440  malloc.o(.ARM.__AT_0x680F0000)



==============================================================================

Memory Map of the image

  Image Entry point : 0x08000235

  Load Region LR_1 (Base: 0x08000000, Size: 0x0000715c, Max: 0xffffffff, ABSOLUTE)

    Execution Region ER_RO (Exec base: 0x08000000, Load base: 0x08000000, Size: 0x000070e8, Max: 0xffffffff, ABSOLUTE)

    Exec Addr    Load Addr    Size         Type   Attr      Idx    E Section Name        Object

    0x08000000   0x08000000   0x000000ec   Data   RO          470    RESET               startup_stm32f10x_md.o
    0x080000ec   0x080000ec   0x00000008   Code   RO         5160  * !!!main             c_w.l(__main.o)
    0x080000f4   0x080000f4   0x00000034   Code   RO         5592    !!!scatter          c_w.l(__scatter.o)
    0x08000128   0x08000128   0x0000001a   Code   RO         5594    !!handler_copy      c_w.l(__scatter_copy.o)
    0x08000142   0x08000142   0x00000002   PAD
    0x08000144   0x08000144   0x0000001c   Code   RO         5596    !!handler_zi        c_w.l(__scatter_zi.o)
    0x08000160   0x08000160   0x00000000   Code   RO         5147    .ARM.Collect$$_printf_percent$$00000000  c_w.l(_printf_percent.o)
    0x08000160   0x08000160   0x00000006   Code   RO         5285    .ARM.Collect$$_printf_percent$$00000001  c_w.l(_printf_n.o)
    0x08000166   0x08000166   0x00000006   Code   RO         5286    .ARM.Collect$$_printf_percent$$00000002  c_w.l(_printf_p.o)
    0x0800016c   0x0800016c   0x00000006   Code   RO         5146    .ARM.Collect$$_printf_percent$$00000003  c_w.l(_printf_f.o)
    0x08000172   0x08000172   0x00000006   Code   RO         5290    .ARM.Collect$$_printf_percent$$00000004  c_w.l(_printf_e.o)
    0x08000178   0x08000178   0x00000006   Code   RO         5291    .ARM.Collect$$_printf_percent$$00000005  c_w.l(_printf_g.o)
    0x0800017e   0x0800017e   0x00000006   Code   RO         5292    .ARM.Collect$$_printf_percent$$00000006  c_w.l(_printf_a.o)
    0x08000184   0x08000184   0x0000000a   Code   RO         5297    .ARM.Collect$$_printf_percent$$00000007  c_w.l(_printf_ll.o)
    0x0800018e   0x0800018e   0x00000006   Code   RO         5288    .ARM.Collect$$_printf_percent$$00000008  c_w.l(_printf_i.o)
    0x08000194   0x08000194   0x00000006   Code   RO         5145    .ARM.Collect$$_printf_percent$$00000009  c_w.l(_printf_d.o)
    0x0800019a   0x0800019a   0x00000006   Code   RO         5289    .ARM.Collect$$_printf_percent$$0000000A  c_w.l(_printf_u.o)
    0x080001a0   0x080001a0   0x00000006   Code   RO         5287    .ARM.Collect$$_printf_percent$$0000000B  c_w.l(_printf_o.o)
    0x080001a6   0x080001a6   0x00000006   Code   RO         5144    .ARM.Collect$$_printf_percent$$0000000C  c_w.l(_printf_x.o)
    0x080001ac   0x080001ac   0x00000006   Code   RO         5294    .ARM.Collect$$_printf_percent$$0000000D  c_w.l(_printf_lli.o)
    0x080001b2   0x080001b2   0x00000006   Code   RO         5295    .ARM.Collect$$_printf_percent$$0000000E  c_w.l(_printf_lld.o)
    0x080001b8   0x080001b8   0x00000006   Code   RO         5296    .ARM.Collect$$_printf_percent$$0000000F  c_w.l(_printf_llu.o)
    0x080001be   0x080001be   0x00000006   Code   RO         5301    .ARM.Collect$$_printf_percent$$00000010  c_w.l(_printf_llo.o)
    0x080001c4   0x080001c4   0x00000006   Code   RO         5302    .ARM.Collect$$_printf_percent$$00000011  c_w.l(_printf_llx.o)
    0x080001ca   0x080001ca   0x0000000a   Code   RO         5298    .ARM.Collect$$_printf_percent$$00000012  c_w.l(_printf_l.o)
    0x080001d4   0x080001d4   0x00000006   Code   RO         5284    .ARM.Collect$$_printf_percent$$00000013  c_w.l(_printf_c.o)
    0x080001da   0x080001da   0x00000006   Code   RO         5143    .ARM.Collect$$_printf_percent$$00000014  c_w.l(_printf_s.o)
    0x080001e0   0x080001e0   0x00000006   Code   RO         5299    .ARM.Collect$$_printf_percent$$00000015  c_w.l(_printf_lc.o)
    0x080001e6   0x080001e6   0x00000006   Code   RO         5300    .ARM.Collect$$_printf_percent$$00000016  c_w.l(_printf_ls.o)
    0x080001ec   0x080001ec   0x00000004   Code   RO         5293    .ARM.Collect$$_printf_percent$$00000017  c_w.l(_printf_percent_end.o)
    0x080001f0   0x080001f0   0x00000002   Code   RO         5456    .ARM.Collect$$libinit$$00000000  c_w.l(libinit.o)
    0x080001f2   0x080001f2   0x00000000   Code   RO         5458    .ARM.Collect$$libinit$$00000002  c_w.l(libinit2.o)
    0x080001f2   0x080001f2   0x00000000   Code   RO         5460    .ARM.Collect$$libinit$$00000004  c_w.l(libinit2.o)
    0x080001f2   0x080001f2   0x00000000   Code   RO         5463    .ARM.Collect$$libinit$$0000000A  c_w.l(libinit2.o)
    0x080001f2   0x080001f2   0x00000000   Code   RO         5465    .ARM.Collect$$libinit$$0000000C  c_w.l(libinit2.o)
    0x080001f2   0x080001f2   0x00000000   Code   RO         5467    .ARM.Collect$$libinit$$0000000E  c_w.l(libinit2.o)
    0x080001f2   0x080001f2   0x00000006   Code   RO         5468    .ARM.Collect$$libinit$$0000000F  c_w.l(libinit2.o)
    0x080001f8   0x080001f8   0x00000000   Code   RO         5470    .ARM.Collect$$libinit$$00000011  c_w.l(libinit2.o)
    0x080001f8   0x080001f8   0x0000000c   Code   RO         5471    .ARM.Collect$$libinit$$00000012  c_w.l(libinit2.o)
    0x08000204   0x08000204   0x00000000   Code   RO         5472    .ARM.Collect$$libinit$$00000013  c_w.l(libinit2.o)
    0x08000204   0x08000204   0x00000000   Code   RO         5474    .ARM.Collect$$libinit$$00000015  c_w.l(libinit2.o)
    0x08000204   0x08000204   0x0000000a   Code   RO         5475    .ARM.Collect$$libinit$$00000016  c_w.l(libinit2.o)
    0x0800020e   0x0800020e   0x00000000   Code   RO         5476    .ARM.Collect$$libinit$$00000017  c_w.l(libinit2.o)
    0x0800020e   0x0800020e   0x00000000   Code   RO         5478    .ARM.Collect$$libinit$$00000019  c_w.l(libinit2.o)
    0x0800020e   0x0800020e   0x00000000   Code   RO         5480    .ARM.Collect$$libinit$$0000001B  c_w.l(libinit2.o)
    0x0800020e   0x0800020e   0x00000000   Code   RO         5482    .ARM.Collect$$libinit$$0000001D  c_w.l(libinit2.o)
    0x0800020e   0x0800020e   0x00000000   Code   RO         5484    .ARM.Collect$$libinit$$0000001F  c_w.l(libinit2.o)
    0x0800020e   0x0800020e   0x00000000   Code   RO         5486    .ARM.Collect$$libinit$$00000021  c_w.l(libinit2.o)
    0x0800020e   0x0800020e   0x00000000   Code   RO         5488    .ARM.Collect$$libinit$$00000023  c_w.l(libinit2.o)
    0x0800020e   0x0800020e   0x00000000   Code   RO         5490    .ARM.Collect$$libinit$$00000025  c_w.l(libinit2.o)
    0x0800020e   0x0800020e   0x00000000   Code   RO         5494    .ARM.Collect$$libinit$$0000002C  c_w.l(libinit2.o)
    0x0800020e   0x0800020e   0x00000000   Code   RO         5496    .ARM.Collect$$libinit$$0000002E  c_w.l(libinit2.o)
    0x0800020e   0x0800020e   0x00000000   Code   RO         5498    .ARM.Collect$$libinit$$00000030  c_w.l(libinit2.o)
    0x0800020e   0x0800020e   0x00000000   Code   RO         5500    .ARM.Collect$$libinit$$00000032  c_w.l(libinit2.o)
    0x0800020e   0x0800020e   0x00000002   Code   RO         5501    .ARM.Collect$$libinit$$00000033  c_w.l(libinit2.o)
    0x08000210   0x08000210   0x00000002   Code   RO         5550    .ARM.Collect$$libshutdown$$00000000  c_w.l(libshutdown.o)
    0x08000212   0x08000212   0x00000000   Code   RO         5559    .ARM.Collect$$libshutdown$$00000002  c_w.l(libshutdown2.o)
    0x08000212   0x08000212   0x00000000   Code   RO         5561    .ARM.Collect$$libshutdown$$00000004  c_w.l(libshutdown2.o)
    0x08000212   0x08000212   0x00000000   Code   RO         5563    .ARM.Collect$$libshutdown$$00000006  c_w.l(libshutdown2.o)
    0x08000212   0x08000212   0x00000000   Code   RO         5566    .ARM.Collect$$libshutdown$$00000009  c_w.l(libshutdown2.o)
    0x08000212   0x08000212   0x00000000   Code   RO         5569    .ARM.Collect$$libshutdown$$0000000C  c_w.l(libshutdown2.o)
    0x08000212   0x08000212   0x00000000   Code   RO         5571    .ARM.Collect$$libshutdown$$0000000E  c_w.l(libshutdown2.o)
    0x08000212   0x08000212   0x00000000   Code   RO         5574    .ARM.Collect$$libshutdown$$00000011  c_w.l(libshutdown2.o)
    0x08000212   0x08000212   0x00000002   Code   RO         5575    .ARM.Collect$$libshutdown$$00000012  c_w.l(libshutdown2.o)
    0x08000214   0x08000214   0x00000000   Code   RO         5252    .ARM.Collect$$rtentry$$00000000  c_w.l(__rtentry.o)
    0x08000214   0x08000214   0x00000000   Code   RO         5358    .ARM.Collect$$rtentry$$00000002  c_w.l(__rtentry2.o)
    0x08000214   0x08000214   0x00000006   Code   RO         5370    .ARM.Collect$$rtentry$$00000004  c_w.l(__rtentry4.o)
    0x0800021a   0x0800021a   0x00000000   Code   RO         5360    .ARM.Collect$$rtentry$$00000009  c_w.l(__rtentry2.o)
    0x0800021a   0x0800021a   0x00000004   Code   RO         5361    .ARM.Collect$$rtentry$$0000000A  c_w.l(__rtentry2.o)
    0x0800021e   0x0800021e   0x00000000   Code   RO         5363    .ARM.Collect$$rtentry$$0000000C  c_w.l(__rtentry2.o)
    0x0800021e   0x0800021e   0x00000008   Code   RO         5364    .ARM.Collect$$rtentry$$0000000D  c_w.l(__rtentry2.o)
    0x08000226   0x08000226   0x00000002   Code   RO         5504    .ARM.Collect$$rtexit$$00000000  c_w.l(rtexit.o)
    0x08000228   0x08000228   0x00000000   Code   RO         5520    .ARM.Collect$$rtexit$$00000002  c_w.l(rtexit2.o)
    0x08000228   0x08000228   0x00000004   Code   RO         5521    .ARM.Collect$$rtexit$$00000003  c_w.l(rtexit2.o)
    0x0800022c   0x0800022c   0x00000006   Code   RO         5522    .ARM.Collect$$rtexit$$00000004  c_w.l(rtexit2.o)
    0x08000232   0x08000232   0x00000002   PAD
    0x08000234   0x08000234   0x00000040   Code   RO          471  * .text               startup_stm32f10x_md.o
    0x08000274   0x08000274   0x00000002   Code   RO         5080    .text               c_w.l(use_no_semi_2.o)
    0x08000276   0x08000276   0x00000002   PAD
    0x08000278   0x08000278   0x00000018   Code   RO         5084    .text               c_w.l(c89printf.o)
    0x08000290   0x08000290   0x00000018   Code   RO         5086    .text               c_w.l(__2printf.o)
    0x080002a8   0x080002a8   0x0000004e   Code   RO         5096    .text               c_w.l(_printf_pad.o)
    0x080002f6   0x080002f6   0x00000052   Code   RO         5098    .text               c_w.l(_printf_str.o)
    0x08000348   0x08000348   0x00000078   Code   RO         5100    .text               c_w.l(_printf_dec.o)
    0x080003c0   0x080003c0   0x00000094   Code   RO         5120    .text               c_w.l(_printf_hex_int_ll_ptr.o)
    0x08000454   0x08000454   0x00000188   Code   RO         5140    .text               c_w.l(__printf_flags_ss_wp.o)
    0x080005dc   0x080005dc   0x00000048   Code   RO         5150    .text               c_w.l(strcpy.o)
    0x08000624   0x08000624   0x00000044   Code   RO         5154    .text               c_w.l(rt_memclr.o)
    0x08000668   0x08000668   0x0000004e   Code   RO         5156    .text               c_w.l(rt_memclr_w.o)
    0x080006b6   0x080006b6   0x00000006   Code   RO         5158    .text               c_w.l(heapauxi.o)
    0x080006bc   0x080006bc   0x00000002   Code   RO         5250    .text               c_w.l(use_no_semi.o)
    0x080006be   0x080006be   0x00000016   Code   RO         5255    .text               c_w.l(_rserrno.o)
    0x080006d4   0x080006d4   0x00000024   Code   RO         5257    .text               c_w.l(_printf_truncate.o)
    0x080006f8   0x080006f8   0x000000b2   Code   RO         5259    .text               c_w.l(_printf_intcommon.o)
    0x080007aa   0x080007aa   0x00000028   Code   RO         5261    .text               c_w.l(_printf_charcount.o)
    0x080007d2   0x080007d2   0x0000041e   Code   RO         5263    .text               c_w.l(_printf_fp_dec.o)
    0x08000bf0   0x08000bf0   0x00000030   Code   RO         5265    .text               c_w.l(_printf_char_common.o)
    0x08000c20   0x08000c20   0x0000002c   Code   RO         5269    .text               c_w.l(_printf_char.o)
    0x08000c4c   0x08000c4c   0x00000024   Code   RO         5271    .text               c_w.l(_printf_char_file.o)
    0x08000c70   0x08000c70   0x000000bc   Code   RO         5273    .text               c_w.l(_printf_wctomb.o)
    0x08000d2c   0x08000d2c   0x0000007c   Code   RO         5276    .text               c_w.l(_printf_longlong_dec.o)
    0x08000da8   0x08000da8   0x00000070   Code   RO         5282    .text               c_w.l(_printf_oct_int_ll.o)
    0x08000e18   0x08000e18   0x00000008   Code   RO         5379    .text               c_w.l(rt_locale_intlibspace.o)
    0x08000e20   0x08000e20   0x00000008   Code   RO         5384    .text               c_w.l(rt_errno_addr_intlibspace.o)
    0x08000e28   0x08000e28   0x0000008a   Code   RO         5386    .text               c_w.l(lludiv10.o)
    0x08000eb2   0x08000eb2   0x00000002   PAD
    0x08000eb4   0x08000eb4   0x00000080   Code   RO         5388    .text               c_w.l(_printf_fp_infnan.o)
    0x08000f34   0x08000f34   0x0000002c   Code   RO         5392    .text               c_w.l(_printf_wchar.o)
    0x08000f60   0x08000f60   0x000000e4   Code   RO         5394    .text               c_w.l(bigflt0.o)
    0x08001044   0x08001044   0x00000008   Code   RO         5419    .text               c_w.l(ferror.o)
    0x0800104c   0x0800104c   0x00000040   Code   RO         5423    .text               c_w.l(_wcrtomb.o)
    0x0800108c   0x0800108c   0x00000008   Code   RO         5438    .text               c_w.l(libspace.o)
    0x08001094   0x08001094   0x0000004a   Code   RO         5441    .text               c_w.l(sys_stackheap_outer.o)
    0x080010de   0x080010de   0x00000002   PAD
    0x080010e0   0x080010e0   0x00000010   Code   RO         5443    .text               c_w.l(rt_ctype_table.o)
    0x080010f0   0x080010f0   0x00000012   Code   RO         5447    .text               c_w.l(exit.o)
    0x08001102   0x08001102   0x00000002   PAD
    0x08001104   0x08001104   0x00000080   Code   RO         5449    .text               c_w.l(strcmpv7m.o)
    0x08001184   0x08001184   0x0000003e   Code   RO         5397    CL$$btod_d2e        c_w.l(btod.o)
    0x080011c2   0x080011c2   0x00000046   Code   RO         5399    CL$$btod_d2e_denorm_low  c_w.l(btod.o)
    0x08001208   0x08001208   0x00000060   Code   RO         5398    CL$$btod_d2e_norm_op1  c_w.l(btod.o)
    0x08001268   0x08001268   0x00000338   Code   RO         5407    CL$$btod_div_common  c_w.l(btod.o)
    0x080015a0   0x080015a0   0x000000dc   Code   RO         5404    CL$$btod_e2e        c_w.l(btod.o)
    0x0800167c   0x0800167c   0x0000002a   Code   RO         5401    CL$$btod_ediv       c_w.l(btod.o)
    0x080016a6   0x080016a6   0x0000002a   Code   RO         5400    CL$$btod_emul       c_w.l(btod.o)
    0x080016d0   0x080016d0   0x00000244   Code   RO         5406    CL$$btod_mult_common  c_w.l(btod.o)
    0x08001914   0x08001914   0x000004c4   Code   RO         4850    i.APP_Gravity_Mode  control.o
    0x08001dd8   0x08001dd8   0x000002e0   Code   RO         4851    i.APP_Joy_Mode      control.o
    0x080020b8   0x080020b8   0x0000007c   Code   RO         4852    i.Bluetooth_Mode    control.o
    0x08002134   0x08002134   0x00000004   Code   RO          152    i.BusFault_Handler  stm32f10x_it.o
    0x08002138   0x08002138   0x00000010   Code   RO         4795    i.CloseTimerForHc   hcsr.o
    0x08002148   0x08002148   0x0000016c   Code   RO         4853    i.Control           control.o
    0x080022b4   0x080022b4   0x00000002   Code   RO          153    i.DebugMon_Handler  stm32f10x_it.o
    0x080022b6   0x080022b6   0x00000002   PAD
    0x080022b8   0x080022b8   0x00000028   Code   RO         4595    i.EXTI0_IRQHandler  joystick.o
    0x080022e0   0x080022e0   0x00000028   Code   RO         3481    i.EXTI4_IRQHandler  exti.o
    0x08002308   0x08002308   0x0000000c   Code   RO         1273    i.EXTI_ClearITPendingBit  stm32f10x_exti.o
    0x08002314   0x08002314   0x00000028   Code   RO         1277    i.EXTI_GetITStatus  stm32f10x_exti.o
    0x0800233c   0x0800233c   0x0000003c   Code   RO         4854    i.Evadible_Mode     control.o
    0x08002378   0x08002378   0x0000004c   Code   RO         4855    i.Follow_Mode       control.o
    0x080023c4   0x080023c4   0x00000116   Code   RO         1626    i.GPIO_Init         stm32f10x_gpio.o
    0x080024da   0x080024da   0x00000002   PAD
    0x080024dc   0x080024dc   0x00000090   Code   RO         1628    i.GPIO_PinRemapConfig  stm32f10x_gpio.o
    0x0800256c   0x0800256c   0x00000004   Code   RO         1633    i.GPIO_ResetBits    stm32f10x_gpio.o
    0x08002570   0x08002570   0x00000004   Code   RO         1634    i.GPIO_SetBits      stm32f10x_gpio.o
    0x08002574   0x08002574   0x00000034   Code   RO         4796    i.GetEchoTimer      hcsr.o
    0x080025a8   0x080025a8   0x00000484   Code   RO         4856    i.Gravity_Mode      control.o
    0x08002a2c   0x08002a2c   0x00000004   Code   RO          154    i.HardFault_Handler  stm32f10x_it.o
    0x08002a30   0x08002a30   0x000000a8   Code   RO         4797    i.Hcsr04GetLength   hcsr.o
    0x08002ad8   0x08002ad8   0x000000a8   Code   RO         4798    i.Hcsr04_Init       hcsr.o
    0x08002b80   0x08002b80   0x00000028   Code   RO         4799    i.Hcsr04_NVIC       hcsr.o
    0x08002ba8   0x08002ba8   0x0000002c   Code   RO         3442    i.LED_Init          led.o
    0x08002bd4   0x08002bd4   0x0000005c   Code   RO         4729    i.Left_Turn         motor.o
    0x08002c30   0x08002c30   0x00000016   Code   RO         4857    i.Map               control.o
    0x08002c46   0x08002c46   0x00000004   Code   RO          155    i.MemManage_Handler  stm32f10x_it.o
    0x08002c4a   0x08002c4a   0x00000002   PAD
    0x08002c4c   0x08002c4c   0x00000084   Code   RO         4730    i.Motion_State      motor.o
    0x08002cd0   0x08002cd0   0x0000002c   Code   RO         4731    i.Motor_GPIO_Init   motor.o
    0x08002cfc   0x08002cfc   0x00000016   Code   RO         4732    i.Motor_Init        motor.o
    0x08002d12   0x08002d12   0x00000002   PAD
    0x08002d14   0x08002d14   0x000000c4   Code   RO         4733    i.Motor_PWM_Init    motor.o
    0x08002dd8   0x08002dd8   0x00000002   Code   RO          156    i.NMI_Handler       stm32f10x_it.o
    0x08002dda   0x08002dda   0x00000002   PAD
    0x08002ddc   0x08002ddc   0x00000050   Code   RO         4646    i.NRF24L01_Check    nrf24l01.o
    0x08002e2c   0x08002e2c   0x00000068   Code   RO         4647    i.NRF24L01_Check_detection  nrf24l01.o
    0x08002e94   0x08002e94   0x000000e0   Code   RO         4648    i.NRF24L01_Init     nrf24l01.o
    0x08002f74   0x08002f74   0x00000058   Code   RO         4649    i.NRF24L01_RX_Mode  nrf24l01.o
    0x08002fcc   0x08002fcc   0x0000003c   Code   RO         4650    i.NRF24L01_Read_Buf  nrf24l01.o
    0x08003008   0x08003008   0x0000002c   Code   RO         4651    i.NRF24L01_Read_Reg  nrf24l01.o
    0x08003034   0x08003034   0x0000003a   Code   RO         4652    i.NRF24L01_RxPacket  nrf24l01.o
    0x0800306e   0x0800306e   0x00000002   PAD
    0x08003070   0x08003070   0x0000003c   Code   RO         4656    i.NRF24L01_Write_Buf  nrf24l01.o
    0x080030ac   0x080030ac   0x00000030   Code   RO         4657    i.NRF24L01_Write_Reg  nrf24l01.o
    0x080030dc   0x080030dc   0x00000070   Code   RO          475    i.NVIC_Init         misc.o
    0x0800314c   0x0800314c   0x00000014   Code   RO          476    i.NVIC_PriorityGroupConfig  misc.o
    0x08003160   0x08003160   0x00000024   Code   RO         4801    i.OpenTimerForHc    hcsr.o
    0x08003184   0x08003184   0x00000002   Code   RO          157    i.PendSV_Handler    stm32f10x_it.o
    0x08003186   0x08003186   0x00000002   PAD
    0x08003188   0x08003188   0x00000020   Code   RO         2042    i.RCC_APB1PeriphClockCmd  stm32f10x_rcc.o
    0x080031a8   0x080031a8   0x00000020   Code   RO         2043    i.RCC_APB1PeriphResetCmd  stm32f10x_rcc.o
    0x080031c8   0x080031c8   0x00000020   Code   RO         2044    i.RCC_APB2PeriphClockCmd  stm32f10x_rcc.o
    0x080031e8   0x080031e8   0x00000020   Code   RO         2045    i.RCC_APB2PeriphResetCmd  stm32f10x_rcc.o
    0x08003208   0x08003208   0x000000d4   Code   RO         2052    i.RCC_GetClocksFreq  stm32f10x_rcc.o
    0x080032dc   0x080032dc   0x000000e4   Code   RO         4927    i.RGB_Circulation   ws2812b.o
    0x080033c0   0x080033c0   0x00000034   Code   RO         4930    i.RGB_LED_Init      ws2812b.o
    0x080033f4   0x080033f4   0x00000064   Code   RO         4933    i.RGB_LED_Write0    ws2812b.o
    0x08003458   0x08003458   0x0000005c   Code   RO         4934    i.RGB_LED_Write1    ws2812b.o
    0x080034b4   0x080034b4   0x0000001c   Code   RO         4935    i.RGB_LED_Write_24Bits  ws2812b.o
    0x080034d0   0x080034d0   0x00000026   Code   RO         4936    i.RGB_LED_Write_Byte  ws2812b.o
    0x080034f6   0x080034f6   0x00000002   PAD
    0x080034f8   0x080034f8   0x000000a0   Code   RO         4858    i.RGB_Select        control.o
    0x08003598   0x08003598   0x000001d4   Code   RO         4859    i.RGB_Show          control.o
    0x0800376c   0x0800376c   0x0000008c   Code   RO         3684    i.SPI1_Init         spi.o
    0x080037f8   0x080037f8   0x00000054   Code   RO         3685    i.SPI1_ReadWriteByte  spi.o
    0x0800384c   0x0800384c   0x00000028   Code   RO         3686    i.SPI1_SetSpeed     spi.o
    0x08003874   0x08003874   0x00000018   Code   RO         2521    i.SPI_Cmd           stm32f10x_spi.o
    0x0800388c   0x0800388c   0x00000012   Code   RO         2529    i.SPI_I2S_GetFlagStatus  stm32f10x_spi.o
    0x0800389e   0x0800389e   0x00000006   Code   RO         2532    i.SPI_I2S_ReceiveData  stm32f10x_spi.o
    0x080038a4   0x080038a4   0x00000004   Code   RO         2533    i.SPI_I2S_SendData  stm32f10x_spi.o
    0x080038a8   0x080038a8   0x0000003c   Code   RO         2534    i.SPI_Init          stm32f10x_spi.o
    0x080038e4   0x080038e4   0x00000044   Code   RO         4736    i.STBY_Init         motor.o
    0x08003928   0x08003928   0x00000002   Code   RO          158    i.SVC_Handler       stm32f10x_it.o
    0x0800392a   0x0800392a   0x00000008   Code   RO          241    i.SetSysClock       system_stm32f10x.o
    0x08003932   0x08003932   0x00000002   PAD
    0x08003934   0x08003934   0x000000e0   Code   RO          242    i.SetSysClockTo72   system_stm32f10x.o
    0x08003a14   0x08003a14   0x00000028   Code   RO          479    i.SysTick_CLKSourceConfig  misc.o
    0x08003a3c   0x08003a3c   0x00000002   Code   RO          159    i.SysTick_Handler   stm32f10x_it.o
    0x08003a3e   0x08003a3e   0x00000002   PAD
    0x08003a40   0x08003a40   0x00000060   Code   RO          244    i.SystemInit        system_stm32f10x.o
    0x08003aa0   0x08003aa0   0x00000028   Code   RO         4802    i.TIM4_IRQHandler   hcsr.o
    0x08003ac8   0x08003ac8   0x00000006   Code   RO         2670    i.TIM_ClearFlag     stm32f10x_tim.o
    0x08003ace   0x08003ace   0x00000006   Code   RO         2671    i.TIM_ClearITPendingBit  stm32f10x_tim.o
    0x08003ad4   0x08003ad4   0x00000018   Code   RO         2676    i.TIM_Cmd           stm32f10x_tim.o
    0x08003aec   0x08003aec   0x000001e8   Code   RO         2681    i.TIM_DeInit        stm32f10x_tim.o
    0x08003cd4   0x08003cd4   0x00000006   Code   RO         2695    i.TIM_GetCounter    stm32f10x_tim.o
    0x08003cda   0x08003cda   0x00000022   Code   RO         2697    i.TIM_GetITStatus   stm32f10x_tim.o
    0x08003cfc   0x08003cfc   0x00000012   Code   RO         2701    i.TIM_ITConfig      stm32f10x_tim.o
    0x08003d0e   0x08003d0e   0x00000002   PAD
    0x08003d10   0x08003d10   0x00000098   Code   RO         2705    i.TIM_OC1Init       stm32f10x_tim.o
    0x08003da8   0x08003da8   0x00000012   Code   RO         2708    i.TIM_OC1PreloadConfig  stm32f10x_tim.o
    0x08003dba   0x08003dba   0x00000002   PAD
    0x08003dbc   0x08003dbc   0x000000a4   Code   RO         2710    i.TIM_OC2Init       stm32f10x_tim.o
    0x08003e60   0x08003e60   0x0000001a   Code   RO         2713    i.TIM_OC2PreloadConfig  stm32f10x_tim.o
    0x08003e7a   0x08003e7a   0x00000002   PAD
    0x08003e7c   0x08003e7c   0x000000a0   Code   RO         2715    i.TIM_OC3Init       stm32f10x_tim.o
    0x08003f1c   0x08003f1c   0x00000012   Code   RO         2718    i.TIM_OC3PreloadConfig  stm32f10x_tim.o
    0x08003f2e   0x08003f2e   0x00000002   PAD
    0x08003f30   0x08003f30   0x0000007c   Code   RO         2720    i.TIM_OC4Init       stm32f10x_tim.o
    0x08003fac   0x08003fac   0x0000001a   Code   RO         2722    i.TIM_OC4PreloadConfig  stm32f10x_tim.o
    0x08003fc6   0x08003fc6   0x00000004   Code   RO         2737    i.TIM_SetCompare1   stm32f10x_tim.o
    0x08003fca   0x08003fca   0x00000004   Code   RO         2738    i.TIM_SetCompare2   stm32f10x_tim.o
    0x08003fce   0x08003fce   0x00000004   Code   RO         2739    i.TIM_SetCompare3   stm32f10x_tim.o
    0x08003fd2   0x08003fd2   0x00000006   Code   RO         2740    i.TIM_SetCompare4   stm32f10x_tim.o
    0x08003fd8   0x08003fd8   0x00000004   Code   RO         2741    i.TIM_SetCounter    stm32f10x_tim.o
    0x08003fdc   0x08003fdc   0x000000a4   Code   RO         2747    i.TIM_TimeBaseInit  stm32f10x_tim.o
    0x08004080   0x08004080   0x00000268   Code   RO          330    i.USART1_IRQHandler  usart.o
    0x080042e8   0x080042e8   0x000000a8   Code   RO          331    i.USART1_Init       usart.o
    0x08004390   0x08004390   0x00000044   Code   RO          335    i.USART2_IRQHandler  usart.o
    0x080043d4   0x080043d4   0x00000044   Code   RO          340    i.USART3_IRQHandler  usart.o
    0x08004418   0x08004418   0x00000018   Code   RO         3212    i.USART_Cmd         stm32f10x_usart.o
    0x08004430   0x08004430   0x0000001a   Code   RO         3215    i.USART_GetFlagStatus  stm32f10x_usart.o
    0x0800444a   0x0800444a   0x00000054   Code   RO         3216    i.USART_GetITStatus  stm32f10x_usart.o
    0x0800449e   0x0800449e   0x0000004a   Code   RO         3218    i.USART_ITConfig    stm32f10x_usart.o
    0x080044e8   0x080044e8   0x000000d8   Code   RO         3219    i.USART_Init        stm32f10x_usart.o
    0x080045c0   0x080045c0   0x0000000a   Code   RO         3226    i.USART_ReceiveData  stm32f10x_usart.o
    0x080045ca   0x080045ca   0x0000001c   Code   RO          345    i.USART_SendByte    usart.o
    0x080045e6   0x080045e6   0x00000008   Code   RO         3229    i.USART_SendData    stm32f10x_usart.o
    0x080045ee   0x080045ee   0x00000004   Code   RO          160    i.UsageFault_Handler  stm32f10x_it.o
    0x080045f2   0x080045f2   0x00000002   PAD
    0x080045f4   0x080045f4   0x00000520   Code   RO         4860    i.Wireless_Mode     control.o
    0x08004b14   0x08004b14   0x00000028   Code   RO         5344    i.__ARM_fpclassify  m_ws.l(fpclassify.o)
    0x08004b3c   0x08004b3c   0x000000aa   Code   RO         5346    i.__kernel_poly     m_ws.l(poly.o)
    0x08004be6   0x08004be6   0x00000002   PAD
    0x08004be8   0x08004be8   0x00000010   Code   RO         5330    i.__mathlib_dbl_divzero  m_ws.l(dunder.o)
    0x08004bf8   0x08004bf8   0x00000004   Code   RO         5332    i.__mathlib_dbl_infnan2  m_ws.l(dunder.o)
    0x08004bfc   0x08004bfc   0x0000000c   Code   RO         5333    i.__mathlib_dbl_invalid  m_ws.l(dunder.o)
    0x08004c08   0x08004c08   0x0000000e   Code   RO         5334    i.__mathlib_dbl_overflow  m_ws.l(dunder.o)
    0x08004c16   0x08004c16   0x00000002   PAD
    0x08004c18   0x08004c18   0x00000010   Code   RO         5336    i.__mathlib_dbl_underflow  m_ws.l(dunder.o)
    0x08004c28   0x08004c28   0x0000000e   Code   RO         5133    i._is_digit         c_w.l(__printf_wp.o)
    0x08004c36   0x08004c36   0x00000006   Code   RO          346    i._sys_exit         usart.o
    0x08004c3c   0x08004c3c   0x0000005c   Code   RO         4737    i.backward          motor.o
    0x08004c98   0x08004c98   0x00000044   Code   RO          275    i.delay_init        delay.o
    0x08004cdc   0x08004cdc   0x0000004c   Code   RO          276    i.delay_ms          delay.o
    0x08004d28   0x08004d28   0x0000004c   Code   RO          277    i.delay_us          delay.o
    0x08004d74   0x08004d74   0x0000005c   Code   RO         4738    i.forward           motor.o
    0x08004dd0   0x08004dd0   0x00000024   Code   RO          348    i.fputc             usart.o
    0x08004df4   0x08004df4   0x00000178   Code   RO         4937    i.hsv_to_rgb        ws2812b.o
    0x08004f6c   0x08004f6c   0x0000004c   Code   RO            1    i.main              main.o
    0x08004fb8   0x08004fb8   0x000009d8   Code   RO         5241    i.pow               m_ws.l(pow.o)
    0x08005990   0x08005990   0x0000004c   Code   RO         5350    i.sqrt              m_ws.l(sqrt.o)
    0x080059dc   0x080059dc   0x0000002c   Code   RO         5426    locale$$code        c_w.l(lc_numeric_c.o)
    0x08005a08   0x08005a08   0x0000002c   Code   RO         5507    locale$$code        c_w.l(lc_ctype_c.o)
    0x08005a34   0x08005a34   0x00000062   Code   RO         5162    x$fpl$d2f           fz_ws.l(d2f.o)
    0x08005a96   0x08005a96   0x00000002   PAD
    0x08005a98   0x08005a98   0x00000150   Code   RO         5164    x$fpl$dadd          fz_ws.l(daddsub_clz.o)
    0x08005be8   0x08005be8   0x00000010   Code   RO         5428    x$fpl$dcheck1       fz_ws.l(dcheck1.o)
    0x08005bf8   0x08005bf8   0x00000018   Code   RO         5430    x$fpl$dcmpinf       fz_ws.l(dcmpi.o)
    0x08005c10   0x08005c10   0x000002b0   Code   RO         5171    x$fpl$ddiv          fz_ws.l(ddiv.o)
    0x08005ec0   0x08005ec0   0x0000005e   Code   RO         5174    x$fpl$dfix          fz_ws.l(dfix.o)
    0x08005f1e   0x08005f1e   0x0000002e   Code   RO         5179    x$fpl$dflt          fz_ws.l(dflt_clz.o)
    0x08005f4c   0x08005f4c   0x00000078   Code   RO         5432    x$fpl$dleqf         fz_ws.l(dleqf.o)
    0x08005fc4   0x08005fc4   0x00000154   Code   RO         5184    x$fpl$dmul          fz_ws.l(dmul.o)
    0x08006118   0x08006118   0x0000009c   Code   RO         5305    x$fpl$dnaninf       fz_ws.l(dnaninf.o)
    0x080061b4   0x080061b4   0x0000000c   Code   RO         5307    x$fpl$dretinf       fz_ws.l(dretinf.o)
    0x080061c0   0x080061c0   0x0000006c   Code   RO         5309    x$fpl$drleqf        fz_ws.l(drleqf.o)
    0x0800622c   0x0800622c   0x00000016   Code   RO         5165    x$fpl$drsb          fz_ws.l(daddsub_clz.o)
    0x08006242   0x08006242   0x00000002   PAD
    0x08006244   0x08006244   0x000001cc   Code   RO         5434    x$fpl$dsqrt         fz_ws.l(dsqrt_noumaal.o)
    0x08006410   0x08006410   0x000001d4   Code   RO         5166    x$fpl$dsub          fz_ws.l(daddsub_clz.o)
    0x080065e4   0x080065e4   0x00000056   Code   RO         5186    x$fpl$f2d           fz_ws.l(f2d.o)
    0x0800663a   0x0800663a   0x00000002   PAD
    0x0800663c   0x0800663c   0x000000c4   Code   RO         5188    x$fpl$fadd          fz_ws.l(faddsub_clz.o)
    0x08006700   0x08006700   0x00000018   Code   RO         5311    x$fpl$fcmpinf       fz_ws.l(fcmpi.o)
    0x08006718   0x08006718   0x00000184   Code   RO         5195    x$fpl$fdiv          fz_ws.l(fdiv.o)
    0x0800689c   0x0800689c   0x00000068   Code   RO         5198    x$fpl$feqf          fz_ws.l(feqf.o)
    0x08006904   0x08006904   0x00000036   Code   RO         5200    x$fpl$ffix          fz_ws.l(ffix.o)
    0x0800693a   0x0800693a   0x00000002   PAD
    0x0800693c   0x0800693c   0x0000003e   Code   RO         5204    x$fpl$ffixu         fz_ws.l(ffixu.o)
    0x0800697a   0x0800697a   0x00000002   PAD
    0x0800697c   0x0800697c   0x00000030   Code   RO         5209    x$fpl$fflt          fz_ws.l(fflt_clz.o)
    0x080069ac   0x080069ac   0x00000026   Code   RO         5208    x$fpl$ffltu         fz_ws.l(fflt_clz.o)
    0x080069d2   0x080069d2   0x00000002   PAD
    0x080069d4   0x080069d4   0x00000068   Code   RO         5214    x$fpl$fleqf         fz_ws.l(fleqf.o)
    0x08006a3c   0x08006a3c   0x00000102   Code   RO         5216    x$fpl$fmul          fz_ws.l(fmul.o)
    0x08006b3e   0x08006b3e   0x0000008c   Code   RO         5313    x$fpl$fnaninf       fz_ws.l(fnaninf.o)
    0x08006bca   0x08006bca   0x0000000a   Code   RO         5315    x$fpl$fretinf       fz_ws.l(fretinf.o)
    0x08006bd4   0x08006bd4   0x00000062   Code   RO         5218    x$fpl$frleqf        fz_ws.l(frleqf.o)
    0x08006c36   0x08006c36   0x00000014   Code   RO         5189    x$fpl$frsb          fz_ws.l(faddsub_clz.o)
    0x08006c4a   0x08006c4a   0x00000002   PAD
    0x08006c4c   0x08006c4c   0x000000ea   Code   RO         5190    x$fpl$fsub          fz_ws.l(faddsub_clz.o)
    0x08006d36   0x08006d36   0x00000004   Code   RO         5220    x$fpl$printf1       fz_ws.l(printf1.o)
    0x08006d3a   0x08006d3a   0x00000064   Code   RO         5502    x$fpl$retnan        fz_ws.l(retnan.o)
    0x08006d9e   0x08006d9e   0x0000005c   Code   RO         5317    x$fpl$scalbn        fz_ws.l(scalbn.o)
    0x08006dfa   0x08006dfa   0x00000030   Code   RO         5517    x$fpl$trapveneer    fz_ws.l(trapv.o)
    0x08006e2a   0x08006e2a   0x00000000   Code   RO         5319    x$fpl$usenofp       fz_ws.l(usenofp.o)
    0x08006e2a   0x08006e2a   0x0000000a   Data   RO         4659    .constdata          nrf24l01.o
    0x08006e34   0x08006e34   0x00000028   Data   RO         5121    .constdata          c_w.l(_printf_hex_int_ll_ptr.o)
    0x08006e5c   0x08006e5c   0x00000011   Data   RO         5141    .constdata          c_w.l(__printf_flags_ss_wp.o)
    0x08006e6d   0x08006e6d   0x00000003   PAD
    0x08006e70   0x08006e70   0x00000088   Data   RO         5242    .constdata          m_ws.l(pow.o)
    0x08006ef8   0x08006ef8   0x00000008   Data   RO         5274    .constdata          c_w.l(_printf_wctomb.o)
    0x08006f00   0x08006f00   0x00000008   Data   RO         5348    .constdata          m_ws.l(qnan.o)
    0x08006f08   0x08006f08   0x00000094   Data   RO         5395    .constdata          c_w.l(bigflt0.o)
    0x08006f9c   0x08006f9c   0x00000020   Data   RO         5590    Region$$Table       anon$$obj.o
    0x08006fbc   0x08006fbc   0x0000001c   Data   RO         5425    locale$$data        c_w.l(lc_numeric_c.o)
    0x08006fd8   0x08006fd8   0x00000110   Data   RO         5506    locale$$data        c_w.l(lc_ctype_c.o)


    Execution Region ER_RW (Exec base: 0x20000000, Load base: 0x080070e8, Size: 0x00000074, Max: 0xffffffff, ABSOLUTE)

    Exec Addr    Load Addr    Size         Type   Attr      Idx    E Section Name        Object

    0x20000000   0x080070e8   0x00000014   Data   RW          245    .data               system_stm32f10x.o
    0x20000014   0x080070fc   0x00000004   Data   RW          278    .data               delay.o
    0x20000018   0x08007100   0x00000011   Data   RW          350    .data               usart.o
    0x20000029   0x08007111   0x00000014   Data   RW         2072    .data               stm32f10x_rcc.o
    0x2000003d   0x08007125   0x00000001   PAD
    0x2000003e   0x08007126   0x00000002   Data   RW         4803    .data               hcsr.o
    0x20000040   0x08007128   0x00000028   Data   RW         4862    .data               control.o
    0x20000068   0x08007150   0x0000000c   Data   RW         4938    .data               ws2812b.o


    Execution Region ER_ZI (Exec base: 0x20000074, Load base: 0x0800715c, Size: 0x0000070c, Max: 0xffffffff, ABSOLUTE)

    Exec Addr    Load Addr    Size         Type   Attr      Idx    E Section Name        Object

    0x20000074        -       0x00000050   Zero   RW          349    .bss                usart.o
    0x200000c4        -       0x0000005c   Zero   RW         4861    .bss                control.o
    0x20000120        -       0x00000060   Zero   RW         5439    .bss                c_w.l(libspace.o)
    0x20000180        -       0x00000200   Zero   RW          469    HEAP                startup_stm32f10x_md.o
    0x20000380        -       0x00000400   Zero   RW          468    STACK               startup_stm32f10x_md.o



  Load Region LR$$.ARM.__AT_0x68000000 (Base: 0x68000000, Size: 0x00000000, Max: 0x000f0000, ABSOLUTE)

    Execution Region ER$$.ARM.__AT_0x68000000 (Exec base: 0x68000000, Load base: 0x68000000, Size: 0x000f0000, Max: 0x000f0000, ABSOLUTE, UNINIT)

    Exec Addr    Load Addr    Size         Type   Attr      Idx    E Section Name        Object

    0x68000000        -       0x000f0000   Zero   RW         5012    .ARM.__AT_0x68000000  malloc.o



  Load Region LR$$.ARM.__AT_0x680F0000 (Base: 0x680f0000, Size: 0x00000000, Max: 0x0000f000, ABSOLUTE)

    Execution Region ER$$.ARM.__AT_0x680F0000 (Exec base: 0x680f0000, Load base: 0x680f0000, Size: 0x0000f000, Max: 0x0000f000, ABSOLUTE, UNINIT)

    Exec Addr    Load Addr    Size         Type   Attr      Idx    E Section Name        Object

    0x680f0000        -       0x0000f000   Zero   RW         5013    .ARM.__AT_0x680F0000  malloc.o


==============================================================================

Image component sizes


      Code (inc. data)   RO Data    RW Data    ZI Data      Debug   Object Name

      5698        366          0         40         92      12227   control.o
       220         26          0          4          0       2039   delay.o
        40         10          0          0          0        551   exti.o
       520         60          0          2          0       4395   hcsr.o
        40         10          0          0          0        559   joystick.o
        44          4          0          0          0        567   led.o
        76          4          0          0          0     259435   main.o
         0          0          0          0    1044480       1869   malloc.o
       172         22          0          0          0       2381   misc.o
       738         36          0          0          0       4952   motor.o
       766        120         10          0          0       7219   nrf24l01.o
       264         20          0          0          0       2017   spi.o
        64         26        236          0       1536        852   startup_stm32f10x_md.o
        52         12          0          0          0       1296   stm32f10x_exti.o
       430          6          0          0          0       4278   stm32f10x_gpio.o
        26          0          0          0          0       4434   stm32f10x_it.o
       340         44          0         20          0       6152   stm32f10x_rcc.o
       112          0          0          0          0       4322   stm32f10x_spi.o
      1456        156          0          0          0      15081   stm32f10x_tim.o
       442          6          0          0          0       6821   stm32f10x_usart.o
         0          0          0          0          0         32   sys.o
       328         28          0         20          0       2497   system_stm32f10x.o
       990         98          0         17         80       7393   usart.o
       914         32          0         12          0       5568   ws2812b.o

    ----------------------------------------------------------------------
     13762       1086        278        116    1046188     356937   Object Totals
         0          0         32          0          0          0   (incl. Generated)
        30          0          0          1          0          0   (incl. Padding)

    ----------------------------------------------------------------------

      Code (inc. data)   RO Data    RW Data    ZI Data      Debug   Library Member Name

        24          4          0          0          0         84   __2printf.o
         8          0          0          0          0         68   __main.o
       392          4         17          0          0         92   __printf_flags_ss_wp.o
        14          0          0          0          0         68   __printf_wp.o
         0          0          0          0          0          0   __rtentry.o
        12          0          0          0          0          0   __rtentry2.o
         6          0          0          0          0          0   __rtentry4.o
        52          8          0          0          0          0   __scatter.o
        26          0          0          0          0          0   __scatter_copy.o
        28          0          0          0          0          0   __scatter_zi.o
         6          0          0          0          0          0   _printf_a.o
         6          0          0          0          0          0   _printf_c.o
        44          0          0          0          0        108   _printf_char.o
        48          6          0          0          0         96   _printf_char_common.o
        36          4          0          0          0         80   _printf_char_file.o
        40          0          0          0          0         68   _printf_charcount.o
         6          0          0          0          0          0   _printf_d.o
       120         16          0          0          0         92   _printf_dec.o
         6          0          0          0          0          0   _printf_e.o
         6          0          0          0          0          0   _printf_f.o
      1054          0          0          0          0        216   _printf_fp_dec.o
       128         16          0          0          0         84   _printf_fp_infnan.o
         6          0          0          0          0          0   _printf_g.o
       148          4         40          0          0        160   _printf_hex_int_ll_ptr.o
         6          0          0          0          0          0   _printf_i.o
       178          0          0          0          0         88   _printf_intcommon.o
        10          0          0          0          0          0   _printf_l.o
         6          0          0          0          0          0   _printf_lc.o
        10          0          0          0          0          0   _printf_ll.o
         6          0          0          0          0          0   _printf_lld.o
         6          0          0          0          0          0   _printf_lli.o
         6          0          0          0          0          0   _printf_llo.o
         6          0          0          0          0          0   _printf_llu.o
         6          0          0          0          0          0   _printf_llx.o
       124         16          0          0          0         92   _printf_longlong_dec.o
         6          0          0          0          0          0   _printf_ls.o
         6          0          0          0          0          0   _printf_n.o
         6          0          0          0          0          0   _printf_o.o
       112         10          0          0          0        124   _printf_oct_int_ll.o
         6          0          0          0          0          0   _printf_p.o
        78          0          0          0          0        108   _printf_pad.o
         0          0          0          0          0          0   _printf_percent.o
         4          0          0          0          0          0   _printf_percent_end.o
         6          0          0          0          0          0   _printf_s.o
        82          0          0          0          0         80   _printf_str.o
        36          0          0          0          0         84   _printf_truncate.o
         6          0          0          0          0          0   _printf_u.o
        44          0          0          0          0        108   _printf_wchar.o
       188          6          8          0          0         92   _printf_wctomb.o
         6          0          0          0          0          0   _printf_x.o
        22          0          0          0          0        100   _rserrno.o
        64          0          0          0          0         92   _wcrtomb.o
       228          4        148          0          0         96   bigflt0.o
      1936        128          0          0          0        672   btod.o
        24          4          0          0          0         84   c89printf.o
        18          0          0          0          0         80   exit.o
         8          0          0          0          0         68   ferror.o
         6          0          0          0          0        152   heapauxi.o
        44         10        272          0          0         76   lc_ctype_c.o
        44         10         28          0          0         76   lc_numeric_c.o
         2          0          0          0          0          0   libinit.o
        30          0          0          0          0          0   libinit2.o
         2          0          0          0          0          0   libshutdown.o
         2          0          0          0          0          0   libshutdown2.o
         8          4          0          0         96         68   libspace.o
       138          0          0          0          0         80   lludiv10.o
        16          4          0          0          0         76   rt_ctype_table.o
         8          4          0          0          0         68   rt_errno_addr_intlibspace.o
         8          4          0          0          0         68   rt_locale_intlibspace.o
        68          0          0          0          0         68   rt_memclr.o
        78          0          0          0          0         80   rt_memclr_w.o
         2          0          0          0          0          0   rtexit.o
        10          0          0          0          0          0   rtexit2.o
       128          0          0          0          0         68   strcmpv7m.o
        72          0          0          0          0         80   strcpy.o
        74          0          0          0          0         80   sys_stackheap_outer.o
         2          0          0          0          0         68   use_no_semi.o
         2          0          0          0          0         68   use_no_semi_2.o
        98          4          0          0          0         92   d2f.o
       826         16          0          0          0        348   daddsub_clz.o
        16          4          0          0          0         68   dcheck1.o
        24          0          0          0          0         68   dcmpi.o
       688        140          0          0          0        208   ddiv.o
        94          4          0          0          0         92   dfix.o
        46          0          0          0          0         68   dflt_clz.o
       120          4          0          0          0         92   dleqf.o
       340         12          0          0          0        104   dmul.o
       156          4          0          0          0         92   dnaninf.o
        12          0          0          0          0         68   dretinf.o
       108          0          0          0          0         80   drleqf.o
       460         56          0          0          0        120   dsqrt_noumaal.o
        86          4          0          0          0         84   f2d.o
       450          8          0          0          0        236   faddsub_clz.o
        24          0          0          0          0         68   fcmpi.o
       388         76          0          0          0         96   fdiv.o
       104          4          0          0          0         84   feqf.o
        54          4          0          0          0         84   ffix.o
        62          4          0          0          0         84   ffixu.o
        86          0          0          0          0        136   fflt_clz.o
       104          4          0          0          0         84   fleqf.o
       258          4          0          0          0         84   fmul.o
       140          4          0          0          0         84   fnaninf.o
        10          0          0          0          0         68   fretinf.o
        98          0          0          0          0         68   frleqf.o
         4          0          0          0          0         68   printf1.o
       100          0          0          0          0         68   retnan.o
        92          0          0          0          0         68   scalbn.o
        48          0          0          0          0         68   trapv.o
         0          0          0          0          0          0   usenofp.o
        62         10          0          0          0        340   dunder.o
        40          0          0          0          0         68   fpclassify.o
       170          0          0          0          0         96   poly.o
      2520        190        136          0          0        324   pow.o
         0          0          8          0          0          0   qnan.o
        76          0          0          0          0         84   sqrt.o

    ----------------------------------------------------------------------
     14204        822        660          0         96       8304   Library Totals
        30          0          3          0          0          0   (incl. Padding)

    ----------------------------------------------------------------------

      Code (inc. data)   RO Data    RW Data    ZI Data      Debug   Library Name

      6210        266        513          0         96       4360   c_w.l
      5096        356          0          0          0       3032   fz_ws.l
      2868        200        144          0          0        912   m_ws.l

    ----------------------------------------------------------------------
     14204        822        660          0         96       8304   Library Totals

    ----------------------------------------------------------------------

==============================================================================


      Code (inc. data)   RO Data    RW Data    ZI Data      Debug   

     27966       1908        938        116    1046284     354629   Grand Totals
     27966       1908        938        116    1046284     354629   ELF Image Totals
     27966       1908        938        116          0          0   ROM Totals

==============================================================================

    Total RO  Size (Code + RO Data)                28904 (  28.23kB)
    Total RW  Size (RW Data + ZI Data)           1046400 (1021.88kB)
    Total ROM Size (Code + RO Data + RW Data)      29020 (  28.34kB)

==============================================================================

