Component: Arm Compiler for Embedded 6.23 Tool: armlink [5f102400]

==============================================================================

Section Cross References

    main.o(.text.main) refers to delay.o(.text.delay_init) for delay_init
    main.o(.text.main) refers to misc.o(.text.NVIC_PriorityGroupConfig) for NVIC_PriorityGroupConfig
    main.o(.text.main) refers to led.o(.text.LED_Init) for LED_Init
    main.o(.text.main) refers to usart.o(.text.USART1_Init) for USART1_Init
    main.o(.text.main) refers to nrf24l01.o(.text.NRF24L01_Init) for NRF24L01_Init
    main.o(.text.main) refers to nrf24l01.o(.text.NRF24L01_Check_detection) for NRF24L01_Check_detection
    main.o(.text.main) refers to motor.o(.text.Motor_Init) for Motor_Init
    main.o(.text.main) refers to hcsr.o(.text.Hcsr04_Init) for Hcsr04_Init
    main.o(.text.main) refers to motor.o(.text.Motion_State) for Motion_State
    main.o(.text.main) refers to ws2812b.o(.text.RGB_LED_Init) for RGB_LED_Init
    main.o(.text.main) refers to delay.o(.text.delay_ms) for delay_ms
    main.o(.text.main) refers to control.o(.text.Control) for Control
    main.o(.ARM.exidx.text.main) refers to main.o(.text.main) for [Anonymous Symbol]
    stm32f10x_it.o(.ARM.exidx.text.NMI_Handler) refers to stm32f10x_it.o(.text.NMI_Handler) for [Anonymous Symbol]
    stm32f10x_it.o(.ARM.exidx.text.HardFault_Handler) refers to stm32f10x_it.o(.text.HardFault_Handler) for [Anonymous Symbol]
    stm32f10x_it.o(.ARM.exidx.text.MemManage_Handler) refers to stm32f10x_it.o(.text.MemManage_Handler) for [Anonymous Symbol]
    stm32f10x_it.o(.ARM.exidx.text.BusFault_Handler) refers to stm32f10x_it.o(.text.BusFault_Handler) for [Anonymous Symbol]
    stm32f10x_it.o(.ARM.exidx.text.UsageFault_Handler) refers to stm32f10x_it.o(.text.UsageFault_Handler) for [Anonymous Symbol]
    stm32f10x_it.o(.ARM.exidx.text.SVC_Handler) refers to stm32f10x_it.o(.text.SVC_Handler) for [Anonymous Symbol]
    stm32f10x_it.o(.ARM.exidx.text.DebugMon_Handler) refers to stm32f10x_it.o(.text.DebugMon_Handler) for [Anonymous Symbol]
    stm32f10x_it.o(.ARM.exidx.text.PendSV_Handler) refers to stm32f10x_it.o(.text.PendSV_Handler) for [Anonymous Symbol]
    stm32f10x_it.o(.ARM.exidx.text.SysTick_Handler) refers to stm32f10x_it.o(.text.SysTick_Handler) for [Anonymous Symbol]
    system_stm32f10x.o(.ARM.exidx.text.SystemInit) refers to system_stm32f10x.o(.text.SystemInit) for [Anonymous Symbol]
    system_stm32f10x.o(.text.SystemCoreClockUpdate) refers to system_stm32f10x.o(.data.SystemCoreClock) for SystemCoreClock
    system_stm32f10x.o(.text.SystemCoreClockUpdate) refers to system_stm32f10x.o(.rodata.AHBPrescTable) for AHBPrescTable
    system_stm32f10x.o(.ARM.exidx.text.SystemCoreClockUpdate) refers to system_stm32f10x.o(.text.SystemCoreClockUpdate) for [Anonymous Symbol]
    delay.o(.text.delay_init) refers to misc.o(.text.SysTick_CLKSourceConfig) for SysTick_CLKSourceConfig
    delay.o(.text.delay_init) refers to system_stm32f10x.o(.data.SystemCoreClock) for SystemCoreClock
    delay.o(.text.delay_init) refers to delay.o(.bss.fac_us) for fac_us
    delay.o(.text.delay_init) refers to delay.o(.bss.fac_ms) for fac_ms
    delay.o(.ARM.exidx.text.delay_init) refers to delay.o(.text.delay_init) for [Anonymous Symbol]
    delay.o(.text.delay_us) refers to delay.o(.bss.fac_us) for fac_us
    delay.o(.ARM.exidx.text.delay_us) refers to delay.o(.text.delay_us) for [Anonymous Symbol]
    delay.o(.text.delay_ms) refers to delay.o(.bss.fac_ms) for fac_ms
    delay.o(.ARM.exidx.text.delay_ms) refers to delay.o(.text.delay_ms) for [Anonymous Symbol]
    sys.o(.ARM.exidx.text.WFI_SET) refers to sys.o(.text.WFI_SET) for [Anonymous Symbol]
    sys.o(.ARM.exidx.text.INTX_DISABLE) refers to sys.o(.text.INTX_DISABLE) for [Anonymous Symbol]
    sys.o(.ARM.exidx.text.INTX_ENABLE) refers to sys.o(.text.INTX_ENABLE) for [Anonymous Symbol]
    sys.o(.ARM.exidx.text.MSR_MSP) refers to sys.o(.text.MSR_MSP) for [Anonymous Symbol]
    usart.o(.text.USART_SendByte) refers to stm32f10x_usart.o(.text.USART_GetFlagStatus) for USART_GetFlagStatus
    usart.o(.ARM.exidx.text.USART_SendByte) refers to usart.o(.text.USART_SendByte) for [Anonymous Symbol]
    usart.o(.text.USART1_Init) refers to stm32f10x_rcc.o(.text.RCC_APB2PeriphClockCmd) for RCC_APB2PeriphClockCmd
    usart.o(.text.USART1_Init) refers to stm32f10x_gpio.o(.text.GPIO_Init) for GPIO_Init
    usart.o(.text.USART1_Init) refers to misc.o(.text.NVIC_Init) for NVIC_Init
    usart.o(.text.USART1_Init) refers to stm32f10x_usart.o(.text.USART_Init) for USART_Init
    usart.o(.text.USART1_Init) refers to stm32f10x_usart.o(.text.USART_ITConfig) for USART_ITConfig
    usart.o(.text.USART1_Init) refers to stm32f10x_usart.o(.text.USART_Cmd) for USART_Cmd
    usart.o(.ARM.exidx.text.USART1_Init) refers to usart.o(.text.USART1_Init) for [Anonymous Symbol]
    usart.o(.text.USART2_Init) refers to stm32f10x_rcc.o(.text.RCC_APB2PeriphClockCmd) for RCC_APB2PeriphClockCmd
[...]
    .Lstr.3                                  0x0800636d   Data          17  control.o(.rodata.str1.1)
    [Anonymous Symbol]                       0x0800636d   Section        0  control.o(.rodata.str1.1)
    locale$$data                             0x080063a0   Section       28  lc_numeric_c.o(locale$$data)
    __lcnum_c_name                           0x080063a4   Data           2  lc_numeric_c.o(locale$$data)
    __lcnum_c_start                          0x080063ac   Data           0  lc_numeric_c.o(locale$$data)
    __lcnum_c_point                          0x080063b8   Data           0  lc_numeric_c.o(locale$$data)
    __lcnum_c_thousands                      0x080063ba   Data           0  lc_numeric_c.o(locale$$data)
    __lcnum_c_grouping                       0x080063bb   Data           0  lc_numeric_c.o(locale$$data)
    __lcnum_c_end                            0x080063bc   Data           0  lc_numeric_c.o(locale$$data)
    .bss                                     0x20000008   Section       96  libspace.o(.bss)
    APP_Gravity_Mode.Smoothing_Count         0x20000068   Data           4  control.o(.bss.APP_Gravity_Mode.Smoothing_Count)
    [Anonymous Symbol]                       0x20000068   Section        0  control.o(.bss.APP_Gravity_Mode.Smoothing_Count)
    APP_Gravity_Mode.Smoothing_Pitch_Buf     0x2000006c   Data          20  control.o(.bss.APP_Gravity_Mode.Smoothing_Pitch_Buf)
    [Anonymous Symbol]                       0x2000006c   Section        0  control.o(.bss.APP_Gravity_Mode.Smoothing_Pitch_Buf)
    APP_Gravity_Mode.Smoothing_Roll_Buf      0x20000080   Data          20  control.o(.bss.APP_Gravity_Mode.Smoothing_Roll_Buf)
    [Anonymous Symbol]                       0x20000080   Section        0  control.o(.bss.APP_Gravity_Mode.Smoothing_Roll_Buf)
    Gravity_Mode.RGB_mode1                   0x2000009e   Data           1  control.o(.bss.Gravity_Mode.RGB_mode1)
    [Anonymous Symbol]                       0x2000009e   Section        0  control.o(.bss.Gravity_Mode.RGB_mode1)
    Gravity_Mode.RGB_mode2                   0x2000009f   Data           1  control.o(.bss.Gravity_Mode.RGB_mode2)
    [Anonymous Symbol]                       0x2000009f   Section        0  control.o(.bss.Gravity_Mode.RGB_mode2)
    Gravity_Mode.i                           0x200000a0   Data           1  control.o(.bss.Gravity_Mode.i)
    [Anonymous Symbol]                       0x200000a0   Section        0  control.o(.bss.Gravity_Mode.i)
    Gravity_Mode.j                           0x200000a1   Data           1  control.o(.bss.Gravity_Mode.j)
    [Anonymous Symbol]                       0x200000a1   Section        0  control.o(.bss.Gravity_Mode.j)
    RGB_Show.RGB_mode1                       0x200000fc   Data           1  control.o(.bss.RGB_Show.RGB_mode1)
    [Anonymous Symbol]                       0x200000fc   Section        0  control.o(.bss.RGB_Show.RGB_mode1)
    RGB_Show.RGB_mode2                       0x200000fd   Data           1  control.o(.bss.RGB_Show.RGB_mode2)
    [Anonymous Symbol]                       0x200000fd   Section        0  control.o(.bss.RGB_Show.RGB_mode2)
    RGB_Show.i                               0x200000fe   Data           1  control.o(.bss.RGB_Show.i)
    [Anonymous Symbol]                       0x200000fe   Section        0  control.o(.bss.RGB_Show.i)
    RGB_Show.j                               0x200000ff   Data           1  control.o(.bss.RGB_Show.j)
    [Anonymous Symbol]                       0x200000ff   Section        0  control.o(.bss.RGB_Show.j)
    USART1_IRQHandler.Lx_flag                0x2000010e   Data           1  usart.o(.bss.USART1_IRQHandler.Lx_flag)
    [Anonymous Symbol]                       0x2000010e   Section        0  usart.o(.bss.USART1_IRQHandler.Lx_flag)
    USART1_IRQHandler.Pr_flag                0x2000010f   Data           1  usart.o(.bss.USART1_IRQHandler.Pr_flag)
    [Anonymous Symbol]                       0x2000010f   Section        0  usart.o(.bss.USART1_IRQHandler.Pr_flag)
    USART1_IRQHandler.Rx_flag                0x20000110   Data           1  usart.o(.bss.USART1_IRQHandler.Rx_flag)
    [Anonymous Symbol]                       0x20000110   Section        0  usart.o(.bss.USART1_IRQHandler.Rx_flag)
    USART1_IRQHandler.i                      0x20000111   Data           1  usart.o(.bss.USART1_IRQHandler.i)
    [Anonymous Symbol]                       0x20000111   Section        0  usart.o(.bss.USART1_IRQHandler.i)
    USART1_IRQHandler.j                      0x20000112   Data           1  usart.o(.bss.USART1_IRQHandler.j)
    [Anonymous Symbol]                       0x20000112   Section        0  usart.o(.bss.USART1_IRQHandler.j)
    USART1_IRQHandler.k                      0x20000113   Data           1  usart.o(.bss.USART1_IRQHandler.k)
    [Anonymous Symbol]                       0x20000113   Section        0  usart.o(.bss.USART1_IRQHandler.k)
    USART1_IRQHandler.n1                     0x20000114   Data           1  usart.o(.bss.USART1_IRQHandler.n1)
    [Anonymous Symbol]                       0x20000114   Section        0  usart.o(.bss.USART1_IRQHandler.n1)
    USART1_IRQHandler.n2                     0x20000115   Data           1  usart.o(.bss.USART1_IRQHandler.n2)
    [Anonymous Symbol]                       0x20000115   Section        0  usart.o(.bss.USART1_IRQHandler.n2)
    USART1_IRQHandler.t                      0x20000116   Data           1  usart.o(.bss.USART1_IRQHandler.t)
    [Anonymous Symbol]                       0x20000116   Section        0  usart.o(.bss.USART1_IRQHandler.t)
    USART1_IRQHandler.temp_buf1              0x20000118   Data          10  usart.o(.bss.USART1_IRQHandler.temp_buf1)
    [Anonymous Symbol]                       0x20000118   Section        0  usart.o(.bss.USART1_IRQHandler.temp_buf1)
    USART1_IRQHandler.temp_buf2              0x20000124   Data          10  usart.o(.bss.USART1_IRQHandler.temp_buf2)
    [Anonymous Symbol]                       0x20000124   Section        0  usart.o(.bss.USART1_IRQHandler.temp_buf2)
    USART1_IRQHandler.temp_buf3              0x20000130   Data          20  usart.o(.bss.USART1_IRQHandler.temp_buf3)
    [Anonymous Symbol]                       0x20000130   Section        0  usart.o(.bss.USART1_IRQHandler.temp_buf3)
    Wireless_Mode.RGB_mode1                  0x20000144   Data           1  control.o(.bss.Wireless_Mode.RGB_mode1)
    [Anonymous Symbol]                       0x20000144   Section        0  control.o(.bss.Wireless_Mode.RGB_mode1)
    Wireless_Mode.RGB_mode2                  0x20000145   Data           1  control.o(.bss.Wireless_Mode.RGB_mode2)
    [Anonymous Symbol]                       0x20000145   Section        0  control.o(.bss.Wireless_Mode.RGB_mode2)
    Wireless_Mode.i                          0x20000146   Data           1  control.o(.bss.Wireless_Mode.i)
    [Anonymous Symbol]                       0x20000146   Section        0  control.o(.bss.Wireless_Mode.i)
    Wireless_Mode.j                          0x20000147   Data           1  control.o(.bss.Wireless_Mode.j)
    [Anonymous Symbol]                       0x20000147   Section        0  control.o(.bss.Wireless_Mode.j)
    fac_ms                                   0x2000019c   Data           2  delay.o(.bss.fac_ms)
    [Anonymous Symbol]                       0x2000019c   Section        0  delay.o(.bss.fac_ms)
    fac_us                                   0x2000019e   Data           1  delay.o(.bss.fac_us)
    [Anonymous Symbol]                       0x2000019e   Section        0  delay.o(.bss.fac_us)
    Heap_Mem                                 0x200001a8   Data         512  startup_stm32f10x_md.o(HEAP)
    HEAP                                     0x200001a8   Section      512  startup_stm32f10x_md.o(HEAP)
    Stack_Mem                                0x200003a8   Data        1024  startup_stm32f10x_md.o(STACK)
    STACK                                    0x200003a8   Section     1024  startup_stm32f10x_md.o(STACK)
    __initial_sp                             0x200007a8   Data           0  startup_stm32f10x_md.o(STACK)

    Global Symbols

    Symbol Name                              Value     Ov Type        Size  Object(Section)

    BuildAttributes$$THM_ISAv4$P$D$K$B$S$PE$A:L22UL41UL21$X:L11$S22US41US21$IEEE1$IW$~IW$USESV6$~STKCKD$USESV7$~SHL$OTIME$ROPI$IEEEX$EBA8$UX$STANDARDLIB$REQ8$PRES8$EABIv2 0x00000000   Number         0  anon$$obj.o ABSOLUTE
    __fp_init_empty                          0x00000000   Number         0  fpinit_empty.o ABSOLUTE
    _printf_flags                            0x00000000   Number         0  printf_stubs.o ABSOLUTE
    _printf_return_value                     0x00000000   Number         0  printf_stubs.o ABSOLUTE
    _printf_sizespec                         0x00000000   Number         0  printf_stubs.o ABSOLUTE
    _printf_widthprec                        0x00000000   Number         0  printf_stubs.o ABSOLUTE
    __ARM_exceptions_init                     - Undefined Weak Reference
    __alloca_initialize                       - Undefined Weak Reference
    __arm_preinit_                            - Undefined Weak Reference
    __arm_relocate_pie_                       - Undefined Weak Reference
    __cpp_initialize__aeabi_                  - Undefined Weak Reference
    __cxa_finalize                            - Undefined Weak Reference
    __sigvec_lookup                           - Undefined Weak Reference
    _atexit_init                              - Undefined Weak Reference
    _call_atexit_fns                          - Undefined Weak Reference
    _clock_init                               - Undefined Weak Reference
    _fp_trap_init                             - Undefined Weak Reference
    _fp_trap_shutdown                         - Undefined Weak Reference
    _get_lc_collate                           - Undefined Weak Reference
    _get_lc_ctype                             - Undefined Weak Reference
    _get_lc_monetary                          - Undefined Weak Reference
    _get_lc_time                              - Undefined Weak Reference
    _getenv_init                              - Undefined Weak Reference
    _handle_redirection                       - Undefined Weak Reference
    _init_alloc                               - Undefined Weak Reference
    _init_user_alloc                          - Undefined Weak Reference
    _initio                                   - Undefined Weak Reference
    _mutex_acquire                            - Undefined Weak Reference
    _mutex_release                            - Undefined Weak Reference
    _printf_mbtowc                            - Undefined Weak Reference
    _printf_truncate_signed                   - Undefined Weak Reference
    _printf_truncate_unsigned                 - Undefined Weak Reference
    _rand_init                                - Undefined Weak Reference
    _signal_finish                            - Undefined Weak Reference
    _signal_init                              - Undefined Weak Reference
    _terminate_alloc                          - Undefined Weak Reference
    _terminate_user_alloc                     - Undefined Weak Reference
    _terminateio                              - Undefined Weak Reference
    __Vectors_Size                           0x000000ec   Number         0  startup_stm32f10x_md.o ABSOLUTE
    __Vectors                                0x08000000   Data           4  startup_stm32f10x_md.o(RESET)
    __Vectors_End                            0x080000ec   Data           0  startup_stm32f10x_md.o(RESET)
    __main                                   0x080000ed   Thumb Code     8  __main.o(!!!main)
    __scatterload                            0x080000f5   Thumb Code     0  __scatter.o(!!!scatter)
    __scatterload_rt2                        0x080000f5   Thumb Code    84  __scatter.o(!!!scatter)
    __scatterload_rt2_thumb_only             0x080000f5   Thumb Code     0  __scatter.o(!!!scatter)
    __scatterload_loop                       0x080000ff   Thumb Code     0  __scatter.o(!!!scatter)
    __scatterload_copy                       0x08000151   Thumb Code    26  __scatter_copy.o(!!handler_copy)
    __scatterload_null                       0x0800016d   Thumb Code     2  __scatter.o(!!handler_null)
    __scatterload_zeroinit                   0x08000171   Thumb Code    28  __scatter_zi.o(!!handler_zi)
    _printf_f                                0x0800018d   Thumb Code     0  _printf_f.o(.ARM.Collect$$_printf_percent$$00000003)
    _printf_percent                          0x0800018d   Thumb Code     0  _printf_percent.o(.ARM.Collect$$_printf_percent$$00000000)
    _printf_d                                0x08000193   Thumb Code     0  _printf_d.o(.ARM.Collect$$_printf_percent$$00000009)
    _printf_s                                0x08000199   Thumb Code     0  _printf_s.o(.ARM.Collect$$_printf_percent$$00000014)
    _printf_percent_end                      0x0800019f   Thumb Code     0  _printf_percent_end.o(.ARM.Collect$$_printf_percent$$00000017)
    __rt_lib_init                            0x080001a3   Thumb Code     0  libinit.o(.ARM.Collect$$libinit$$00000000)
    __rt_lib_init_fp_1                       0x080001a5   Thumb Code     0  libinit2.o(.ARM.Collect$$libinit$$00000002)
    __rt_lib_init_heap_1                     0x080001a5   Thumb Code     0  libinit2.o(.ARM.Collect$$libinit$$0000000C)
    __rt_lib_init_lc_common                  0x080001a5   Thumb Code     0  libinit2.o(.ARM.Collect$$libinit$$00000011)
    __rt_lib_init_preinit_1                  0x080001a5   Thumb Code     0  libinit2.o(.ARM.Collect$$libinit$$00000006)
    __rt_lib_init_rand_1                     0x080001a5   Thumb Code     0  libinit2.o(.ARM.Collect$$libinit$$00000010)
    __rt_lib_init_relocate_pie_1             0x080001a5   Thumb Code     0  libinit2.o(.ARM.Collect$$libinit$$00000004)
    __rt_lib_init_user_alloc_1               0x080001a5   Thumb Code     0  libinit2.o(.ARM.Collect$$libinit$$0000000E)
    __rt_lib_init_lc_collate_1               0x080001ab   Thumb Code     0  libinit2.o(.ARM.Collect$$libinit$$00000013)
    __rt_lib_init_lc_ctype_1                 0x080001ab   Thumb Code     0  libinit2.o(.ARM.Collect$$libinit$$00000015)
    __rt_lib_init_lc_monetary_1              0x080001ab   Thumb Code     0  libinit2.o(.ARM.Collect$$libinit$$00000017)
    __rt_lib_init_lc_numeric_2               0x080001ab   Thumb Code     0  libinit2.o(.ARM.Collect$$libinit$$00000018)
    __rt_lib_init_alloca_1                   0x080001b5   Thumb Code     0  libinit2.o(.ARM.Collect$$libinit$$00000030)
    __rt_lib_init_argv_1                     0x080001b5   Thumb Code     0  libinit2.o(.ARM.Collect$$libinit$$0000002E)
    __rt_lib_init_atexit_1                   0x080001b5   Thumb Code     0  libinit2.o(.ARM.Collect$$libinit$$0000001D)
    __rt_lib_init_clock_1                    0x080001b5   Thumb Code     0  libinit2.o(.ARM.Collect$$libinit$$00000023)
    __rt_lib_init_cpp_1                      0x080001b5   Thumb Code     0  libinit2.o(.ARM.Collect$$libinit$$00000034)
    __rt_lib_init_exceptions_1               0x080001b5   Thumb Code     0  libinit2.o(.ARM.Collect$$libinit$$00000032)
    __rt_lib_init_fp_trap_1                  0x080001b5   Thumb Code     0  libinit2.o(.ARM.Collect$$libinit$$00000021)
    __rt_lib_init_getenv_1                   0x080001b5   Thumb Code     0  libinit2.o(.ARM.Collect$$libinit$$00000025)
    __rt_lib_init_lc_numeric_1               0x080001b5   Thumb Code     0  libinit2.o(.ARM.Collect$$libinit$$00000019)
    __rt_lib_init_lc_time_1                  0x080001b5   Thumb Code     0  libinit2.o(.ARM.Collect$$libinit$$0000001B)
    __rt_lib_init_return                     0x080001b5   Thumb Code     0  libinit2.o(.ARM.Collect$$libinit$$00000035)
    __rt_lib_init_signal_1                   0x080001b5   Thumb Code     0  libinit2.o(.ARM.Collect$$libinit$$0000001F)
    __rt_lib_init_stdio_1                    0x080001b5   Thumb Code     0  libinit2.o(.ARM.Collect$$libinit$$00000027)
    __rt_lib_shutdown                        0x080001b7   Thumb Code     0  libshutdown.o(.ARM.Collect$$libshutdown$$00000000)
    __rt_lib_shutdown_cpp_1                  0x080001b9   Thumb Code     0  libshutdown2.o(.ARM.Collect$$libshutdown$$00000002)
    __rt_lib_shutdown_fp_trap_1              0x080001b9   Thumb Code     0  libshutdown2.o(.ARM.Collect$$libshutdown$$00000007)
    __rt_lib_shutdown_heap_1                 0x080001b9   Thumb Code     0  libshutdown2.o(.ARM.Collect$$libshutdown$$0000000F)
    __rt_lib_shutdown_return                 0x080001b9   Thumb Code     0  libshutdown2.o(.ARM.Collect$$libshutdown$$00000010)
    __rt_lib_shutdown_signal_1               0x080001b9   Thumb Code     0  libshutdown2.o(.ARM.Collect$$libshutdown$$0000000A)
    __rt_lib_shutdown_stdio_1                0x080001b9   Thumb Code     0  libshutdown2.o(.ARM.Collect$$libshutdown$$00000004)
    __rt_lib_shutdown_user_alloc_1           0x080001b9   Thumb Code     0  libshutdown2.o(.ARM.Collect$$libshutdown$$0000000C)
    __rt_entry                               0x080001bb   Thumb Code     0  __rtentry.o(.ARM.Collect$$rtentry$$00000000)
    __rt_entry_presh_1                       0x080001bb   Thumb Code     0  __rtentry2.o(.ARM.Collect$$rtentry$$00000002)
    __rt_entry_sh                            0x080001bb   Thumb Code     0  __rtentry4.o(.ARM.Collect$$rtentry$$00000004)
    __rt_entry_li                            0x080001c1   Thumb Code     0  __rtentry2.o(.ARM.Collect$$rtentry$$0000000A)
    __rt_entry_postsh_1                      0x080001c1   Thumb Code     0  __rtentry2.o(.ARM.Collect$$rtentry$$00000009)
    __rt_entry_main                          0x080001c5   Thumb Code     0  __rtentry2.o(.ARM.Collect$$rtentry$$0000000D)
    __rt_entry_postli_1                      0x080001c5   Thumb Code     0  __rtentry2.o(.ARM.Collect$$rtentry$$0000000C)
    __rt_exit                                0x080001cd   Thumb Code     0  rtexit.o(.ARM.Collect$$rtexit$$00000000)
    __rt_exit_ls                             0x080001cf   Thumb Code     0  rtexit2.o(.ARM.Collect$$rtexit$$00000003)
    __rt_exit_prels_1                        0x080001cf   Thumb Code     0  rtexit2.o(.ARM.Collect$$rtexit$$00000002)
    __rt_exit_exit                           0x080001d3   Thumb Code     0  rtexit2.o(.ARM.Collect$$rtexit$$00000004)
    Reset_Handler                            0x080001d9   Thumb Code     8  startup_stm32f10x_md.o(.text)
    ADC1_2_IRQHandler                        0x080001f3   Thumb Code     0  startup_stm32f10x_md.o(.text)
    CAN1_RX1_IRQHandler                      0x080001f3   Thumb Code     0  startup_stm32f10x_md.o(.text)
    CAN1_SCE_IRQHandler                      0x080001f3   Thumb Code     0  startup_stm32f10x_md.o(.text)
    DMA1_Channel1_IRQHandler                 0x080001f3   Thumb Code     0  startup_stm32f10x_md.o(.text)
    DMA1_Channel2_IRQHandler                 0x080001f3   Thumb Code     0  startup_stm32f10x_md.o(.text)
    DMA1_Channel3_IRQHandler                 0x080001f3   Thumb Code     0  startup_stm32f10x_md.o(.text)
    DMA1_Channel4_IRQHandler                 0x080001f3   Thumb Code     0  startup_stm32f10x_md.o(.text)
    DMA1_Channel5_IRQHandler                 0x080001f3   Thumb Code     0  startup_stm32f10x_md.o(.text)
    DMA1_Channel6_IRQHandler                 0x080001f3   Thumb Code     0  startup_stm32f10x_md.o(.text)
    DMA1_Channel7_IRQHandler                 0x080001f3   Thumb Code     0  startup_stm32f10x_md.o(.text)
    EXTI15_10_IRQHandler                     0x080001f3   Thumb Code     0  startup_stm32f10x_md.o(.text)
    EXTI1_IRQHandler                         0x080001f3   Thumb Code     0  startup_stm32f10x_md.o(.text)
    EXTI2_IRQHandler                         0x080001f3   Thumb Code     0  startup_stm32f10x_md.o(.text)
    EXTI3_IRQHandler                         0x080001f3   Thumb Code     0  startup_stm32f10x_md.o(.text)
    EXTI9_5_IRQHandler                       0x080001f3   Thumb Code     0  startup_stm32f10x_md.o(.text)
    FLASH_IRQHandler                         0x080001f3   Thumb Code     0  startup_stm32f10x_md.o(.text)
    I2C1_ER_IRQHandler                       0x080001f3   Thumb Code     0  startup_stm32f10x_md.o(.text)
    I2C1_EV_IRQHandler                       0x080001f3   Thumb Code     0  startup_stm32f10x_md.o(.text)
    I2C2_ER_IRQHandler                       0x080001f3   Thumb Code     0  startup_stm32f10x_md.o(.text)
    I2C2_EV_IRQHandler                       0x080001f3   Thumb Code     0  startup_stm32f10x_md.o(.text)
    PVD_IRQHandler                           0x080001f3   Thumb Code     0  startup_stm32f10x_md.o(.text)
    RCC_IRQHandler                           0x080001f3   Thumb Code     0  startup_stm32f10x_md.o(.text)
    RTCAlarm_IRQHandler                      0x080001f3   Thumb Code     0  startup_stm32f10x_md.o(.text)
    RTC_IRQHandler                           0x080001f3   Thumb Code     0  startup_stm32f10x_md.o(.text)
    SPI1_IRQHandler                          0x080001f3   Thumb Code     0  startup_stm32f10x_md.o(.text)
    SPI2_IRQHandler                          0x080001f3   Thumb Code     0  startup_stm32f10x_md.o(.text)
    TAMPER_IRQHandler                        0x080001f3   Thumb Code     0  startup_stm32f10x_md.o(.text)
    TIM1_BRK_IRQHandler                      0x080001f3   Thumb Code     0  startup_stm32f10x_md.o(.text)
    TIM1_CC_IRQHandler                       0x080001f3   Thumb Code     0  startup_stm32f10x_md.o(.text)
    TIM1_TRG_COM_IRQHandler                  0x080001f3   Thumb Code     0  startup_stm32f10x_md.o(.text)
    TIM1_UP_IRQHandler                       0x080001f3   Thumb Code     0  startup_stm32f10x_md.o(.text)
    TIM2_IRQHandler                          0x080001f3   Thumb Code     0  startup_stm32f10x_md.o(.text)
    TIM3_IRQHandler                          0x080001f3   Thumb Code     0  startup_stm32f10x_md.o(.text)
    USBWakeUp_IRQHandler                     0x080001f3   Thumb Code     0  startup_stm32f10x_md.o(.text)
    USB_HP_CAN1_TX_IRQHandler                0x080001f3   Thumb Code     0  startup_stm32f10x_md.o(.text)
    USB_LP_CAN1_RX0_IRQHandler               0x080001f3   Thumb Code     0  startup_stm32f10x_md.o(.text)
    WWDG_IRQHandler                          0x080001f3   Thumb Code     0  startup_stm32f10x_md.o(.text)
    __user_initial_stackheap                 0x080001f5   Thumb Code     0  startup_stm32f10x_md.o(.text)
    __2printf                                0x08000219   Thumb Code    20  noretval__2printf.o(.text)
    _printf_str                              0x08000231   Thumb Code    82  _printf_str.o(.text)
    _printf_int_dec                          0x08000285   Thumb Code   104  _printf_dec.o(.text)
    __printf                                 0x080002fd   Thumb Code   308  __printf_flags_wp.o(.text)
    putchar                                  0x08000435   Thumb Code     6  putchar.o(.text)
    puts                                     0x08000441   Thumb Code    40  puts.o(.text)
    strcpy                                   0x0800046d   Thumb Code    72  strcpy.o(.text)
    __use_two_region_memory                  0x080004b5   Thumb Code     2  heapauxi.o(.text)
    __rt_heap_escrow$2region                 0x080004b7   Thumb Code     2  heapauxi.o(.text)
    __rt_heap_expand$2region                 0x080004b9   Thumb Code     2  heapauxi.o(.text)
    __read_errno                             0x080004bb   Thumb Code    10  _rserrno.o(.text)
    __set_errno                              0x080004c5   Thumb Code    12  _rserrno.o(.text)
    _printf_int_common                       0x080004d1   Thumb Code   178  _printf_intcommon.o(.text)
    _printf_fp_dec_real                      0x08000733   Thumb Code   620  _printf_fp_dec.o(.text)
    _printf_char_common                      0x080009ab   Thumb Code    32  _printf_char_common.o(.text)
    _printf_cs_common                        0x080009d1   Thumb Code    20  _printf_char.o(.text)
    _printf_char                             0x080009e5   Thumb Code    16  _printf_char.o(.text)
    _printf_string                           0x080009f5   Thumb Code     8  _printf_char.o(.text)
    _printf_char_file                        0x080009fd   Thumb Code    32  _printf_char_file.o(.text)
    __rt_locale                              0x08000a21   Thumb Code     8  rt_locale_intlibspace.o(.text)
    __aeabi_errno_addr                       0x08000a29   Thumb Code     8  rt_errno_addr_intlibspace.o(.text)
    __errno$intlibspace                      0x08000a29   Thumb Code     0  rt_errno_addr_intlibspace.o(.text)
    __rt_errno_addr$intlibspace              0x08000a29   Thumb Code     0  rt_errno_addr_intlibspace.o(.text)
    _ll_udiv10                               0x08000a31   Thumb Code   138  lludiv10.o(.text)
    _printf_fp_infnan                        0x08000abd   Thumb Code   112  _printf_fp_infnan.o(.text)
    _btod_etento                             0x08000b3d   Thumb Code   224  bigflt0.o(.text)
    ferror                                   0x08000c21   Thumb Code     8  ferror.o(.text)
    __user_libspace                          0x08000c29   Thumb Code     8  libspace.o(.text)
    __user_perproc_libspace                  0x08000c29   Thumb Code     0  libspace.o(.text)
    __user_perthread_libspace                0x08000c29   Thumb Code     0  libspace.o(.text)
    __user_setup_stackheap                   0x08000c31   Thumb Code    74  sys_stackheap_outer.o(.text)
    exit                                     0x08000c7b   Thumb Code    18  exit.o(.text)
    strcmp                                   0x08000c8d   Thumb Code   128  strcmpv7m.o(.text)
    APP_Gravity_Mode                         0x08000d0d   Thumb Code   926  control.o(.text.APP_Gravity_Mode)
    APP_Joy_Mode                             0x080010ad   Thumb Code   636  control.o(.text.APP_Joy_Mode)
    Bluetooth_Mode                           0x08001329   Thumb Code   226  control.o(.text.Bluetooth_Mode)
    BusFault_Handler                         0x0800140d   Thumb Code     2  stm32f10x_it.o(.text.BusFault_Handler)
    Control                                  0x08001411   Thumb Code   372  control.o(.text.Control)
    DebugMon_Handler                         0x08001585   Thumb Code     2  stm32f10x_it.o(.text.DebugMon_Handler)
    EXTI0_IRQHandler                         0x08001589   Thumb Code    38  joystick.o(.text.EXTI0_IRQHandler)
    EXTI4_IRQHandler                         0x080015b1   Thumb Code    38  exti.o(.text.EXTI4_IRQHandler)
    EXTI_ClearITPendingBit                   0x080015d9   Thumb Code    12  stm32f10x_exti.o(.text.EXTI_ClearITPendingBit)
    EXTI_GetITStatus                         0x080015e5   Thumb Code    30  stm32f10x_exti.o(.text.EXTI_GetITStatus)
    GPIO_Init                                0x08001605   Thumb Code   188  stm32f10x_gpio.o(.text.GPIO_Init)
    GPIO_PinRemapConfig                      0x080016c1   Thumb Code   128  stm32f10x_gpio.o(.text.GPIO_PinRemapConfig)
    GPIO_ResetBits                           0x08001741   Thumb Code     4  stm32f10x_gpio.o(.text.GPIO_ResetBits)
    GPIO_SetBits                             0x08001745   Thumb Code     4  stm32f10x_gpio.o(.text.GPIO_SetBits)
    Gravity_Mode                             0x08001749   Thumb Code   960  control.o(.text.Gravity_Mode)
    HardFault_Handler                        0x08001b09   Thumb Code     2  stm32f10x_it.o(.text.HardFault_Handler)
    Hcsr04GetLength                          0x08001b0d   Thumb Code   184  hcsr.o(.text.Hcsr04GetLength)
    Hcsr04_Init                              0x08001bc5   Thumb Code   186  hcsr.o(.text.Hcsr04_Init)
    LED_Init                                 0x08001c81   Thumb Code    40  led.o(.text.LED_Init)
    Left_Turn                                0x08001ca9   Thumb Code    96  motor.o(.text.Left_Turn)
    MemManage_Handler                        0x08001d09   Thumb Code     2  stm32f10x_it.o(.text.MemManage_Handler)
    Motion_State                             0x08001d0d   Thumb Code   150  motor.o(.text.Motion_State)
    Motor_Init                               0x08001da5   Thumb Code   102  motor.o(.text.Motor_Init)
    Motor_PWM_Init                           0x08001e0d   Thumb Code   196  motor.o(.text.Motor_PWM_Init)
    NMI_Handler                              0x08001ed1   Thumb Code     2  stm32f10x_it.o(.text.NMI_Handler)
    NRF24L01_Check                           0x08001ed5   Thumb Code   120  nrf24l01.o(.text.NRF24L01_Check)
    NRF24L01_Check_detection                 0x08001f4d   Thumb Code    56  nrf24l01.o(.text.NRF24L01_Check_detection)
    NRF24L01_Init                            0x08001fb9   Thumb Code   194  nrf24l01.o(.text.NRF24L01_Init)
    NRF24L01_RX_Mode                         0x0800207d   Thumb Code   156  nrf24l01.o(.text.NRF24L01_RX_Mode)
    NRF24L01_RxPacket                        0x08002119   Thumb Code   118  nrf24l01.o(.text.NRF24L01_RxPacket)
    NVIC_Init                                0x08002191   Thumb Code    94  misc.o(.text.NVIC_Init)
    NVIC_PriorityGroupConfig                 0x080021f1   Thumb Code    20  misc.o(.text.NVIC_PriorityGroupConfig)
    PendSV_Handler                           0x08002205   Thumb Code     2  stm32f10x_it.o(.text.PendSV_Handler)
    RCC_APB1PeriphClockCmd                   0x08002209   Thumb Code    24  stm32f10x_rcc.o(.text.RCC_APB1PeriphClockCmd)
    RCC_APB1PeriphResetCmd                   0x08002221   Thumb Code    24  stm32f10x_rcc.o(.text.RCC_APB1PeriphResetCmd)
    RCC_APB2PeriphClockCmd                   0x08002239   Thumb Code    24  stm32f10x_rcc.o(.text.RCC_APB2PeriphClockCmd)
    RCC_APB2PeriphResetCmd                   0x08002251   Thumb Code    24  stm32f10x_rcc.o(.text.RCC_APB2PeriphResetCmd)
    RCC_GetClocksFreq                        0x08002269   Thumb Code   140  stm32f10x_rcc.o(.text.RCC_GetClocksFreq)
    RGB_Circulation                          0x080022f5   Thumb Code   280  ws2812b.o(.text.RGB_Circulation)
    RGB_LED_Init                             0x0800240d   Thumb Code    48  ws2812b.o(.text.RGB_LED_Init)
    RGB_LED_Write_24Bits                     0x0800243d   Thumb Code    26  ws2812b.o(.text.RGB_LED_Write_24Bits)
    RGB_LED_Write_Byte                       0x08002459   Thumb Code   202  ws2812b.o(.text.RGB_LED_Write_Byte)
    RGB_Select                               0x08002525   Thumb Code   104  control.o(.text.RGB_Select)
    RGB_Show                                 0x0800259d   Thumb Code   440  control.o(.text.RGB_Show)
    SPI1_Init                                0x08002755   Thumb Code   118  spi.o(.text.SPI1_Init)
    SPI1_ReadWriteByte                       0x080027cd   Thumb Code    82  spi.o(.text.SPI1_ReadWriteByte)
    SPI1_SetSpeed                            0x08002821   Thumb Code    32  spi.o(.text.SPI1_SetSpeed)
    SPI_Cmd                                  0x08002841   Thumb Code    20  stm32f10x_spi.o(.text.SPI_Cmd)
    SPI_I2S_GetFlagStatus                    0x08002855   Thumb Code    10  stm32f10x_spi.o(.text.SPI_I2S_GetFlagStatus)
    SPI_I2S_ReceiveData                      0x08002861   Thumb Code     4  stm32f10x_spi.o(.text.SPI_I2S_ReceiveData)
    SPI_I2S_SendData                         0x08002865   Thumb Code     4  stm32f10x_spi.o(.text.SPI_I2S_SendData)
    SPI_Init                                 0x08002869   Thumb Code    70  stm32f10x_spi.o(.text.SPI_Init)
    SVC_Handler                              0x080028b1   Thumb Code     2  stm32f10x_it.o(.text.SVC_Handler)
    SysTick_CLKSourceConfig                  0x080028b5   Thumb Code    24  misc.o(.text.SysTick_CLKSourceConfig)
    SysTick_Handler                          0x080028cd   Thumb Code     2  stm32f10x_it.o(.text.SysTick_Handler)
    SystemInit                               0x080028d1   Thumb Code   268  system_stm32f10x.o(.text.SystemInit)
    TIM4_IRQHandler                          0x080029dd   Thumb Code    48  hcsr.o(.text.TIM4_IRQHandler)
    TIM_ClearFlag                            0x08002a0d   Thumb Code     6  stm32f10x_tim.o(.text.TIM_ClearFlag)
    TIM_ClearITPendingBit                    0x08002a15   Thumb Code     6  stm32f10x_tim.o(.text.TIM_ClearITPendingBit)
    TIM_Cmd                                  0x08002a1d   Thumb Code    18  stm32f10x_tim.o(.text.TIM_Cmd)
    TIM_DeInit                               0x08002a31   Thumb Code   560  stm32f10x_tim.o(.text.TIM_DeInit)
    TIM_GetCounter                           0x08002c61   Thumb Code     4  stm32f10x_tim.o(.text.TIM_GetCounter)
    TIM_GetITStatus                          0x08002c65   Thumb Code    24  stm32f10x_tim.o(.text.TIM_GetITStatus)
    TIM_ITConfig                             0x08002c7d   Thumb Code    16  stm32f10x_tim.o(.text.TIM_ITConfig)
    TIM_OC1Init                              0x08002c8d   Thumb Code   112  stm32f10x_tim.o(.text.TIM_OC1Init)
    TIM_OC1PreloadConfig                     0x08002cfd   Thumb Code    12  stm32f10x_tim.o(.text.TIM_OC1PreloadConfig)
    TIM_OC2Init                              0x08002d09   Thumb Code   116  stm32f10x_tim.o(.text.TIM_OC2Init)
    TIM_OC2PreloadConfig                     0x08002d7d   Thumb Code    14  stm32f10x_tim.o(.text.TIM_OC2PreloadConfig)
    TIM_OC3Init                              0x08002d8d   Thumb Code   116  stm32f10x_tim.o(.text.TIM_OC3Init)
    TIM_OC3PreloadConfig                     0x08002e01   Thumb Code    12  stm32f10x_tim.o(.text.TIM_OC3PreloadConfig)
    TIM_OC4Init                              0x08002e0d   Thumb Code    92  stm32f10x_tim.o(.text.TIM_OC4Init)
    TIM_OC4PreloadConfig                     0x08002e69   Thumb Code    14  stm32f10x_tim.o(.text.TIM_OC4PreloadConfig)
    TIM_SetCompare1                          0x08002e79   Thumb Code     4  stm32f10x_tim.o(.text.TIM_SetCompare1)
    TIM_SetCompare2                          0x08002e7d   Thumb Code     4  stm32f10x_tim.o(.text.TIM_SetCompare2)
    TIM_SetCompare3                          0x08002e81   Thumb Code     4  stm32f10x_tim.o(.text.TIM_SetCompare3)
    TIM_SetCompare4                          0x08002e85   Thumb Code     6  stm32f10x_tim.o(.text.TIM_SetCompare4)
    TIM_SetCounter                           0x08002e8d   Thumb Code     4  stm32f10x_tim.o(.text.TIM_SetCounter)
    TIM_TimeBaseInit                         0x08002e91   Thumb Code   170  stm32f10x_tim.o(.text.TIM_TimeBaseInit)
    USART1_IRQHandler                        0x08002f3d   Thumb Code   516  usart.o(.text.USART1_IRQHandler)
    USART1_Init                              0x08003141   Thumb Code   142  usart.o(.text.USART1_Init)
    USART2_IRQHandler                        0x080031d1   Thumb Code    74  usart.o(.text.USART2_IRQHandler)
    USART3_IRQHandler                        0x0800321d   Thumb Code    74  usart.o(.text.USART3_IRQHandler)
    USART_Cmd                                0x08003269   Thumb Code    20  stm32f10x_usart.o(.text.USART_Cmd)
    USART_GetFlagStatus                      0x0800327d   Thumb Code    10  stm32f10x_usart.o(.text.USART_GetFlagStatus)
    USART_GetITStatus                        0x08003289   Thumb Code    50  stm32f10x_usart.o(.text.USART_GetITStatus)
    USART_ITConfig                           0x080032bd   Thumb Code    46  stm32f10x_usart.o(.text.USART_ITConfig)
    USART_Init                               0x080032ed   Thumb Code   182  stm32f10x_usart.o(.text.USART_Init)
    USART_ReceiveData                        0x080033a5   Thumb Code     8  stm32f10x_usart.o(.text.USART_ReceiveData)
    USART_SendData                           0x080033ad   Thumb Code     8  stm32f10x_usart.o(.text.USART_SendData)
    UsageFault_Handler                       0x080033b5   Thumb Code     2  stm32f10x_it.o(.text.UsageFault_Handler)
    Wireless_Mode                            0x080033b9   Thumb Code  1156  control.o(.text.Wireless_Mode)
    _sys_exit                                0x0800383d   Thumb Code     2  usart.o(.text._sys_exit)
    backward                                 0x08003841   Thumb Code    96  motor.o(.text.backward)
    delay_init                               0x080038a1   Thumb Code    66  delay.o(.text.delay_init)
    delay_ms                                 0x080038e5   Thumb Code    60  delay.o(.text.delay_ms)
    delay_us                                 0x08003921   Thumb Code    60  delay.o(.text.delay_us)
    forward                                  0x0800395d   Thumb Code    96  motor.o(.text.forward)
    fputc                                    0x080039bd   Thumb Code    36  usart.o(.text.fputc)
    hsv_to_rgb                               0x080039e1   Thumb Code   352  ws2812b.o(.text.hsv_to_rgb)
    main                                     0x08003b41   Thumb Code    78  main.o(.text.main)
    _btod_d2e                                0x08003b8f   Thumb Code    62  btod.o(CL$$btod_d2e)
    _d2e_denorm_low                          0x08003bcd   Thumb Code    70  btod.o(CL$$btod_d2e_denorm_low)
    _d2e_norm_op1                            0x08003c13   Thumb Code    96  btod.o(CL$$btod_d2e_norm_op1)
    __btod_div_common                        0x08003c75   Thumb Code   696  btod.o(CL$$btod_div_common)
    _e2e                                     0x08003fad   Thumb Code   220  btod.o(CL$$btod_e2e)
    _btod_ediv                               0x08004089   Thumb Code    42  btod.o(CL$$btod_ediv)
    _btod_emul                               0x080040b3   Thumb Code    42  btod.o(CL$$btod_emul)
    __btod_mult_common                       0x080040dd   Thumb Code   580  btod.o(CL$$btod_mult_common)
    __ARM_fpclassify                         0x08004321   Thumb Code    40  fpclassify.o(i.__ARM_fpclassify)
    __kernel_poly                            0x08004349   Thumb Code   170  poly.o(i.__kernel_poly)
    __mathlib_dbl_divzero                    0x080043f5   Thumb Code    12  dunder.o(i.__mathlib_dbl_divzero)
    __mathlib_dbl_infnan2                    0x08004405   Thumb Code     4  dunder.o(i.__mathlib_dbl_infnan2)
    __mathlib_dbl_invalid                    0x08004409   Thumb Code    12  dunder.o(i.__mathlib_dbl_invalid)
    __mathlib_dbl_overflow                   0x08004415   Thumb Code    14  dunder.o(i.__mathlib_dbl_overflow)
    __mathlib_dbl_underflow                  0x08004425   Thumb Code    10  dunder.o(i.__mathlib_dbl_underflow)
    _is_digit                                0x08004435   Thumb Code    14  __printf_wp.o(i._is_digit)
    pow                                      0x08004445   Thumb Code  2532  pow.o(i.pow)
    sqrt                                     0x08004e31   Thumb Code    76  sqrt.o(i.sqrt)
    _get_lc_numeric                          0x08004e7d   Thumb Code    44  lc_numeric_c.o(locale$$code)
    __aeabi_dadd                             0x08004ea9   Thumb Code     0  daddsub_clz.o(x$fpl$dadd)
    _dadd                                    0x08004ea9   Thumb Code   332  daddsub_clz.o(x$fpl$dadd)
    __fpl_dcheck_NaN1                        0x08004ff9   Thumb Code    10  dcheck1.o(x$fpl$dcheck1)
    __fpl_dcmp_Inf                           0x08005009   Thumb Code    24  dcmpi.o(x$fpl$dcmpinf)
    __aeabi_ddiv                             0x08005021   Thumb Code     0  ddiv.o(x$fpl$ddiv)
    _ddiv                                    0x08005021   Thumb Code   560  ddiv.o(x$fpl$ddiv)
    __aeabi_d2iz                             0x080052d9   Thumb Code     0  dfix.o(x$fpl$dfix)
    _dfix                                    0x080052d9   Thumb Code    94  dfix.o(x$fpl$dfix)
    __aeabi_i2d                              0x08005337   Thumb Code     0  dflt_clz.o(x$fpl$dflt)
    _dflt                                    0x08005337   Thumb Code    46  dflt_clz.o(x$fpl$dflt)
    __aeabi_ui2d                             0x08005365   Thumb Code     0  dflt_clz.o(x$fpl$dfltu)
    _dfltu                                   0x08005365   Thumb Code    38  dflt_clz.o(x$fpl$dfltu)
    __aeabi_cdcmple                          0x0800538d   Thumb Code     0  dleqf.o(x$fpl$dleqf)
    _dcmple                                  0x0800538d   Thumb Code   120  dleqf.o(x$fpl$dleqf)
    __fpl_dcmple_InfNaN                      0x080053ef   Thumb Code     0  dleqf.o(x$fpl$dleqf)
    __aeabi_dmul                             0x08005405   Thumb Code     0  dmul.o(x$fpl$dmul)
    _dmul                                    0x08005405   Thumb Code   332  dmul.o(x$fpl$dmul)
    __fpl_dnaninf                            0x08005559   Thumb Code   156  dnaninf.o(x$fpl$dnaninf)
    __fpl_dretinf                            0x080055f5   Thumb Code    12  dretinf.o(x$fpl$dretinf)
    __aeabi_cdrcmple                         0x08005601   Thumb Code     0  drleqf.o(x$fpl$drleqf)
    _drcmple                                 0x08005601   Thumb Code   108  drleqf.o(x$fpl$drleqf)
    __aeabi_drsub                            0x0800566d   Thumb Code     0  daddsub_clz.o(x$fpl$drsb)
    _drsb                                    0x0800566d   Thumb Code    22  daddsub_clz.o(x$fpl$drsb)
    _dsqrt                                   0x08005685   Thumb Code   456  dsqrt_noumaal.o(x$fpl$dsqrt)
    __aeabi_dsub                             0x08005851   Thumb Code     0  daddsub_clz.o(x$fpl$dsub)
    _dsub                                    0x08005851   Thumb Code   472  daddsub_clz.o(x$fpl$dsub)
    __aeabi_fadd                             0x08005a2d   Thumb Code     0  faddsub_clz.o(x$fpl$fadd)
    _fadd                                    0x08005a2d   Thumb Code   196  faddsub_clz.o(x$fpl$fadd)
    __aeabi_fcmpeq                           0x08005af1   Thumb Code     0  fcmp.o(x$fpl$fcmp)
    _feq                                     0x08005af1   Thumb Code    14  fcmp.o(x$fpl$fcmp)
    _fneq                                    0x08005aff   Thumb Code    14  fcmp.o(x$fpl$fcmp)
    __aeabi_fcmpgt                           0x08005b0d   Thumb Code     0  fcmp.o(x$fpl$fcmp)
    _fgr                                     0x08005b0d   Thumb Code    14  fcmp.o(x$fpl$fcmp)
    __aeabi_fcmpge                           0x08005b1b   Thumb Code     0  fcmp.o(x$fpl$fcmp)
    _fgeq                                    0x08005b1b   Thumb Code    14  fcmp.o(x$fpl$fcmp)
    __aeabi_fcmple                           0x08005b29   Thumb Code     0  fcmp.o(x$fpl$fcmp)
    _fleq                                    0x08005b29   Thumb Code    14  fcmp.o(x$fpl$fcmp)
    __aeabi_fcmplt                           0x08005b37   Thumb Code     0  fcmp.o(x$fpl$fcmp)
    _fls                                     0x08005b37   Thumb Code    14  fcmp.o(x$fpl$fcmp)
    __fpl_fcmp_Inf                           0x08005b45   Thumb Code    24  fcmpi.o(x$fpl$fcmpinf)
    __aeabi_fdiv                             0x08005b5d   Thumb Code     0  fdiv.o(x$fpl$fdiv)
    _fdiv                                    0x08005b5d   Thumb Code   384  fdiv.o(x$fpl$fdiv)
    __aeabi_cfcmpeq                          0x08005ce1   Thumb Code     0  feqf.o(x$fpl$feqf)
    _fcmpeq                                  0x08005ce1   Thumb Code   104  feqf.o(x$fpl$feqf)
    __aeabi_f2iz                             0x08005d49   Thumb Code     0  ffix.o(x$fpl$ffix)
    _ffix                                    0x08005d49   Thumb Code    54  ffix.o(x$fpl$ffix)
    __aeabi_i2f                              0x08005d81   Thumb Code     0  fflt_clz.o(x$fpl$fflt)
    _fflt                                    0x08005d81   Thumb Code    48  fflt_clz.o(x$fpl$fflt)
    __aeabi_ui2f                             0x08005db1   Thumb Code     0  fflt_clz.o(x$fpl$ffltu)
    _ffltu                                   0x08005db1   Thumb Code    38  fflt_clz.o(x$fpl$ffltu)
    _fcmpge                                  0x08005dd9   Thumb Code   104  fgeqf.o(x$fpl$fgeqf)
    __aeabi_cfcmple                          0x08005e41   Thumb Code     0  fleqf.o(x$fpl$fleqf)
    _fcmple                                  0x08005e41   Thumb Code   104  fleqf.o(x$fpl$fleqf)
    __fpl_fcmple_InfNaN                      0x08005e93   Thumb Code     0  fleqf.o(x$fpl$fleqf)
    __aeabi_fmul                             0x08005ea9   Thumb Code     0  fmul.o(x$fpl$fmul)
    _fmul                                    0x08005ea9   Thumb Code   258  fmul.o(x$fpl$fmul)
    __fpl_fnaninf                            0x08005fab   Thumb Code   140  fnaninf.o(x$fpl$fnaninf)
    __fpl_fretinf                            0x08006037   Thumb Code    10  fretinf.o(x$fpl$fretinf)
    __aeabi_fsub                             0x08006041   Thumb Code     0  faddsub_clz.o(x$fpl$fsub)
    _fsub                                    0x08006041   Thumb Code   234  faddsub_clz.o(x$fpl$fsub)
    _printf_fp_dec                           0x0800612b   Thumb Code     4  printf1.o(x$fpl$printf1)
    __fpl_return_NaN                         0x0800612f   Thumb Code   100  retnan.o(x$fpl$retnan)
    __ARM_scalbn                             0x08006193   Thumb Code    92  scalbn.o(x$fpl$scalbn)
    __fpl_cmpreturn                          0x080061ef   Thumb Code    48  trapv.o(x$fpl$trapveneer)
    __I$use$fp                               0x0800621e   Number         0  usenofp.o(x$fpl$usenofp)
    __mathlib_zero                           0x080062b8   Data           8  qnan.o(.constdata)
    RX_ADDRESS                               0x08006368   Data           5  nrf24l01.o(.rodata.RX_ADDRESS)
    Region$$Table$$Base                      0x08006380   Number         0  anon$$obj.o(Region$$Table)
    Region$$Table$$Limit                     0x080063a0   Number         0  anon$$obj.o(Region$$Table)
    SystemCoreClock                          0x20000000   Data           4  system_stm32f10x.o(.data.SystemCoreClock)
    mode                                     0x20000004   Data           1  control.o(.data.mode)
    __libspace_start                         0x20000008   Data          96  libspace.o(.bss)
    __temporary_stack_top$libspace           0x20000068   Data           0  libspace.o(.bss)
    Con_RxBuf                                0x20000094   Data          10  control.o(.bss.Con_RxBuf)
    HSV_H                                    0x200000a4   Data           4  control.o(.bss.HSV_H)
    HSV_flag                                 0x200000a8   Data           1  control.o(.bss.HSV_flag)
    Joy_RxBuf                                0x200000a9   Data          20  control.o(.bss.Joy_RxBuf)
    LED_Count                                0x200000bd   Data           1  control.o(.bss.LED_Count)
    Lx_Buf                                   0x200000c0   Data          10  usart.o(.bss.Lx_Buf)
    MPU_RxBuf                                0x200000ca   Data          10  control.o(.bss.MPU_RxBuf)
    MPU_flag                                 0x200000d4   Data           1  control.o(.bss.MPU_flag)
    NRF_flag                                 0x200000d5   Data           1  control.o(.bss.NRF_flag)
    Pitch_Roll_Buf                           0x200000d8   Data          20  usart.o(.bss.Pitch_Roll_Buf)
    RGB_B                                    0x200000ec   Data           4  ws2812b.o(.bss.RGB_B)
    RGB_G                                    0x200000f0   Data           4  ws2812b.o(.bss.RGB_G)
    RGB_R                                    0x200000f4   Data           4  ws2812b.o(.bss.RGB_R)
    RGB_RxBuf                                0x200000f8   Data           4  control.o(.bss.RGB_RxBuf)
    RGB_flag                                 0x20000100   Data           1  control.o(.bss.RGB_flag)
    RGB_mode                                 0x20000101   Data           1  control.o(.bss.RGB_mode)
    Rx_Buf                                   0x20000104   Data          10  usart.o(.bss.Rx_Buf)
    __stdout                                 0x20000148   Data          84  usart.o(.bss.__stdout)
    flag                                     0x2000019f   Data           1  usart.o(.bss.flag)
    mode_flag                                0x200001a0   Data           1  usart.o(.bss.mode_flag)
    msHcCount                                0x200001a2   Data           2  hcsr.o(.bss.msHcCount)



==============================================================================

Memory Map of the image

  Image Entry point : 0x080001d9

  Load Region LR_1 (Base: 0x08000000, Size: 0x000063c4, Max: 0xffffffff, ABSOLUTE)

    Execution Region ER_RO (Exec base: 0x08000000, Load base: 0x08000000, Size: 0x000063bc, Max: 0xffffffff, ABSOLUTE)

    Exec Addr    Load Addr    Size         Type   Attr      Idx    E Section Name        Object

    0x08000000   0x08000000   0x000000ec   Data   RO          198    RESET               startup_stm32f10x_md.o
    0x080000ec   0x080000ec   0x00000008   Code   RO         2149  * !!!main             c_w.l(__main.o)
    0x080000f4   0x080000f4   0x0000005c   Code   RO         2528    !!!scatter          c_w.l(__scatter.o)
    0x08000150   0x08000150   0x0000001a   Code   RO         2532    !!handler_copy      c_w.l(__scatter_copy.o)
    0x0800016a   0x0800016a   0x00000002   PAD
    0x0800016c   0x0800016c   0x00000002   Code   RO         2529    !!handler_null      c_w.l(__scatter.o)
    0x0800016e   0x0800016e   0x00000002   PAD
    0x08000170   0x08000170   0x0000001c   Code   RO         2534    !!handler_zi        c_w.l(__scatter_zi.o)
    0x0800018c   0x0800018c   0x00000000   Code   RO         2130    .ARM.Collect$$_printf_percent$$00000000  c_w.l(_printf_percent.o)
    0x0800018c   0x0800018c   0x00000006   Code   RO         2129    .ARM.Collect$$_printf_percent$$00000003  c_w.l(_printf_f.o)
    0x08000192   0x08000192   0x00000006   Code   RO         2128    .ARM.Collect$$_printf_percent$$00000009  c_w.l(_printf_d.o)
    0x08000198   0x08000198   0x00000006   Code   RO         2126    .ARM.Collect$$_printf_percent$$00000014  c_w.l(_printf_s.o)
    0x0800019e   0x0800019e   0x00000004   Code   RO         2240    .ARM.Collect$$_printf_percent$$00000017  c_w.l(_printf_percent_end.o)
    0x080001a2   0x080001a2   0x00000002   Code   RO         2391    .ARM.Collect$$libinit$$00000000  c_w.l(libinit.o)
    0x080001a4   0x080001a4   0x00000000   Code   RO         2393    .ARM.Collect$$libinit$$00000002  c_w.l(libinit2.o)
    0x080001a4   0x080001a4   0x00000000   Code   RO         2395    .ARM.Collect$$libinit$$00000004  c_w.l(libinit2.o)
    0x080001a4   0x080001a4   0x00000000   Code   RO         2397    .ARM.Collect$$libinit$$00000006  c_w.l(libinit2.o)
    0x080001a4   0x080001a4   0x00000000   Code   RO         2400    .ARM.Collect$$libinit$$0000000C  c_w.l(libinit2.o)
    0x080001a4   0x080001a4   0x00000000   Code   RO         2402    .ARM.Collect$$libinit$$0000000E  c_w.l(libinit2.o)
    0x080001a4   0x080001a4   0x00000000   Code   RO         2404    .ARM.Collect$$libinit$$00000010  c_w.l(libinit2.o)
    0x080001a4   0x080001a4   0x00000006   Code   RO         2405    .ARM.Collect$$libinit$$00000011  c_w.l(libinit2.o)
    0x080001aa   0x080001aa   0x00000000   Code   RO         2407    .ARM.Collect$$libinit$$00000013  c_w.l(libinit2.o)
    0x080001aa   0x080001aa   0x00000000   Code   RO         2409    .ARM.Collect$$libinit$$00000015  c_w.l(libinit2.o)
    0x080001aa   0x080001aa   0x00000000   Code   RO         2411    .ARM.Collect$$libinit$$00000017  c_w.l(libinit2.o)
    0x080001aa   0x080001aa   0x0000000a   Code   RO         2412    .ARM.Collect$$libinit$$00000018  c_w.l(libinit2.o)
    0x080001b4   0x080001b4   0x00000000   Code   RO         2413    .ARM.Collect$$libinit$$00000019  c_w.l(libinit2.o)
    0x080001b4   0x080001b4   0x00000000   Code   RO         2415    .ARM.Collect$$libinit$$0000001B  c_w.l(libinit2.o)
    0x080001b4   0x080001b4   0x00000000   Code   RO         2417    .ARM.Collect$$libinit$$0000001D  c_w.l(libinit2.o)
    0x080001b4   0x080001b4   0x00000000   Code   RO         2419    .ARM.Collect$$libinit$$0000001F  c_w.l(libinit2.o)
    0x080001b4   0x080001b4   0x00000000   Code   RO         2421    .ARM.Collect$$libinit$$00000021  c_w.l(libinit2.o)
    0x080001b4   0x080001b4   0x00000000   Code   RO         2423    .ARM.Collect$$libinit$$00000023  c_w.l(libinit2.o)
    0x080001b4   0x080001b4   0x00000000   Code   RO         2425    .ARM.Collect$$libinit$$00000025  c_w.l(libinit2.o)
    0x080001b4   0x080001b4   0x00000000   Code   RO         2427    .ARM.Collect$$libinit$$00000027  c_w.l(libinit2.o)
    0x080001b4   0x080001b4   0x00000000   Code   RO         2431    .ARM.Collect$$libinit$$0000002E  c_w.l(libinit2.o)
    0x080001b4   0x080001b4   0x00000000   Code   RO         2433    .ARM.Collect$$libinit$$00000030  c_w.l(libinit2.o)
    0x080001b4   0x080001b4   0x00000000   Code   RO         2435    .ARM.Collect$$libinit$$00000032  c_w.l(libinit2.o)
    0x080001b4   0x080001b4   0x00000000   Code   RO         2437    .ARM.Collect$$libinit$$00000034  c_w.l(libinit2.o)
    0x080001b4   0x080001b4   0x00000002   Code   RO         2438    .ARM.Collect$$libinit$$00000035  c_w.l(libinit2.o)
    0x080001b6   0x080001b6   0x00000002   Code   RO         2490    .ARM.Collect$$libshutdown$$00000000  c_w.l(libshutdown.o)
    0x080001b8   0x080001b8   0x00000000   Code   RO         2511    .ARM.Collect$$libshutdown$$00000002  c_w.l(libshutdown2.o)
    0x080001b8   0x080001b8   0x00000000   Code   RO         2513    .ARM.Collect$$libshutdown$$00000004  c_w.l(libshutdown2.o)
    0x080001b8   0x080001b8   0x00000000   Code   RO         2516    .ARM.Collect$$libshutdown$$00000007  c_w.l(libshutdown2.o)
    0x080001b8   0x080001b8   0x00000000   Code   RO         2519    .ARM.Collect$$libshutdown$$0000000A  c_w.l(libshutdown2.o)
    0x080001b8   0x080001b8   0x00000000   Code   RO         2521    .ARM.Collect$$libshutdown$$0000000C  c_w.l(libshutdown2.o)
    0x080001b8   0x080001b8   0x00000000   Code   RO         2524    .ARM.Collect$$libshutdown$$0000000F  c_w.l(libshutdown2.o)
    0x080001b8   0x080001b8   0x00000002   Code   RO         2525    .ARM.Collect$$libshutdown$$00000010  c_w.l(libshutdown2.o)
    0x080001ba   0x080001ba   0x00000000   Code   RO         2217    .ARM.Collect$$rtentry$$00000000  c_w.l(__rtentry.o)
    0x080001ba   0x080001ba   0x00000000   Code   RO         2293    .ARM.Collect$$rtentry$$00000002  c_w.l(__rtentry2.o)
    0x080001ba   0x080001ba   0x00000006   Code   RO         2305    .ARM.Collect$$rtentry$$00000004  c_w.l(__rtentry4.o)
    0x080001c0   0x080001c0   0x00000000   Code   RO         2295    .ARM.Collect$$rtentry$$00000009  c_w.l(__rtentry2.o)
    0x080001c0   0x080001c0   0x00000004   Code   RO         2296    .ARM.Collect$$rtentry$$0000000A  c_w.l(__rtentry2.o)
    0x080001c4   0x080001c4   0x00000000   Code   RO         2298    .ARM.Collect$$rtentry$$0000000C  c_w.l(__rtentry2.o)
    0x080001c4   0x080001c4   0x00000008   Code   RO         2299    .ARM.Collect$$rtentry$$0000000D  c_w.l(__rtentry2.o)
    0x080001cc   0x080001cc   0x00000002   Code   RO         2441    .ARM.Collect$$rtexit$$00000000  c_w.l(rtexit.o)
    0x080001ce   0x080001ce   0x00000000   Code   RO         2458    .ARM.Collect$$rtexit$$00000002  c_w.l(rtexit2.o)
    0x080001ce   0x080001ce   0x00000004   Code   RO         2459    .ARM.Collect$$rtexit$$00000003  c_w.l(rtexit2.o)
    0x080001d2   0x080001d2   0x00000006   Code   RO         2460    .ARM.Collect$$rtexit$$00000004  c_w.l(rtexit2.o)
    0x080001d8   0x080001d8   0x00000040   Code   RO          199  * .text               startup_stm32f10x_md.o
    0x08000218   0x08000218   0x00000018   Code   RO         2073    .text               c_w.l(noretval__2printf.o)
    0x08000230   0x08000230   0x00000052   Code   RO         2081    .text               c_w.l(_printf_str.o)
    0x08000282   0x08000282   0x00000002   PAD
    0x08000284   0x08000284   0x00000078   Code   RO         2083    .text               c_w.l(_printf_dec.o)
    0x080002fc   0x080002fc   0x00000138   Code   RO         2118    .text               c_w.l(__printf_flags_wp.o)
    0x08000434   0x08000434   0x0000000c   Code   RO         2131    .text               c_w.l(putchar.o)
    0x08000440   0x08000440   0x0000002c   Code   RO         2133    .text               c_w.l(puts.o)
    0x0800046c   0x0800046c   0x00000048   Code   RO         2137    .text               c_w.l(strcpy.o)
    0x080004b4   0x080004b4   0x00000006   Code   RO         2147    .text               c_w.l(heapauxi.o)
    0x080004ba   0x080004ba   0x00000016   Code   RO         2224    .text               c_w.l(_rserrno.o)
    0x080004d0   0x080004d0   0x000000b2   Code   RO         2226    .text               c_w.l(_printf_intcommon.o)
    0x08000582   0x08000582   0x0000041c   Code   RO         2228    .text               c_w.l(_printf_fp_dec.o)
    0x0800099e   0x0800099e   0x00000002   PAD
    0x080009a0   0x080009a0   0x00000030   Code   RO         2232    .text               c_w.l(_printf_char_common.o)
    0x080009d0   0x080009d0   0x0000002c   Code   RO         2236    .text               c_w.l(_printf_char.o)
    0x080009fc   0x080009fc   0x00000024   Code   RO         2238    .text               c_w.l(_printf_char_file.o)
    0x08000a20   0x08000a20   0x00000008   Code   RO         2312    .text               c_w.l(rt_locale_intlibspace.o)
    0x08000a28   0x08000a28   0x00000008   Code   RO         2317    .text               c_w.l(rt_errno_addr_intlibspace.o)
    0x08000a30   0x08000a30   0x0000008a   Code   RO         2319    .text               c_w.l(lludiv10.o)
    0x08000aba   0x08000aba   0x00000002   PAD
    0x08000abc   0x08000abc   0x00000080   Code   RO         2321    .text               c_w.l(_printf_fp_infnan.o)
    0x08000b3c   0x08000b3c   0x000000e4   Code   RO         2325    .text               c_w.l(bigflt0.o)
    0x08000c20   0x08000c20   0x00000008   Code   RO         2352    .text               c_w.l(ferror.o)
    0x08000c28   0x08000c28   0x00000008   Code   RO         2371    .text               c_w.l(libspace.o)
    0x08000c30   0x08000c30   0x0000004a   Code   RO         2374    .text               c_w.l(sys_stackheap_outer.o)
    0x08000c7a   0x08000c7a   0x00000012   Code   RO         2378    .text               c_w.l(exit.o)
    0x08000c8c   0x08000c8c   0x00000080   Code   RO         2384    .text               c_w.l(strcmpv7m.o)
    0x08000d0c   0x08000d0c   0x0000039e   Code   RO         1940    .text.APP_Gravity_Mode  control.o
    0x080010aa   0x080010aa   0x00000002   PAD
    0x080010ac   0x080010ac   0x0000027c   Code   RO         1938    .text.APP_Joy_Mode  control.o
    0x08001328   0x08001328   0x000000e2   Code   RO         1936    .text.Bluetooth_Mode  control.o
    0x0800140a   0x0800140a   0x00000002   PAD
    0x0800140c   0x0800140c   0x00000002   Code   RO           17    .text.BusFault_Handler  stm32f10x_it.o
    0x0800140e   0x0800140e   0x00000002   PAD
    0x08001410   0x08001410   0x00000174   Code   RO         1954    .text.Control       control.o
    0x08001584   0x08001584   0x00000002   Code   RO           23    .text.DebugMon_Handler  stm32f10x_it.o
    0x08001586   0x08001586   0x00000002   PAD
    0x08001588   0x08001588   0x00000026   Code   RO         1819    .text.EXTI0_IRQHandler  joystick.o
    0x080015ae   0x080015ae   0x00000002   PAD
    0x080015b0   0x080015b0   0x00000026   Code   RO         1351    .text.EXTI4_IRQHandler  exti.o
    0x080015d6   0x080015d6   0x00000002   PAD
    0x080015d8   0x080015d8   0x0000000c   Code   RO          538    .text.EXTI_ClearITPendingBit  stm32f10x_exti.o
    0x080015e4   0x080015e4   0x0000001e   Code   RO          536    .text.EXTI_GetITStatus  stm32f10x_exti.o
    0x08001602   0x08001602   0x00000002   PAD
    0x08001604   0x08001604   0x000000bc   Code   RO          662    .text.GPIO_Init     stm32f10x_gpio.o
    0x080016c0   0x080016c0   0x00000080   Code   RO          688    .text.GPIO_PinRemapConfig  stm32f10x_gpio.o
    0x08001740   0x08001740   0x00000004   Code   RO          676    .text.GPIO_ResetBits  stm32f10x_gpio.o
    0x08001744   0x08001744   0x00000004   Code   RO          674    .text.GPIO_SetBits  stm32f10x_gpio.o
    0x08001748   0x08001748   0x000003c0   Code   RO         1948    .text.Gravity_Mode  control.o
    0x08001b08   0x08001b08   0x00000002   Code   RO           13    .text.HardFault_Handler  stm32f10x_it.o
    0x08001b0a   0x08001b0a   0x00000002   PAD
    0x08001b0c   0x08001b0c   0x000000b8   Code   RO         1921    .text.Hcsr04GetLength  hcsr.o
    0x08001bc4   0x08001bc4   0x000000ba   Code   RO         1915    .text.Hcsr04_Init   hcsr.o
    0x08001c7e   0x08001c7e   0x00000002   PAD
    0x08001c80   0x08001c80   0x00000028   Code   RO         1327    .text.LED_Init      led.o
    0x08001ca8   0x08001ca8   0x00000060   Code   RO         1897    .text.Left_Turn     motor.o
    0x08001d08   0x08001d08   0x00000002   Code   RO           15    .text.MemManage_Handler  stm32f10x_it.o
    0x08001d0a   0x08001d0a   0x00000002   PAD
    0x08001d0c   0x08001d0c   0x00000096   Code   RO         1903    .text.Motion_State  motor.o
    0x08001da2   0x08001da2   0x00000002   PAD
    0x08001da4   0x08001da4   0x00000066   Code   RO         1891    .text.Motor_Init    motor.o
    0x08001e0a   0x08001e0a   0x00000002   PAD
    0x08001e0c   0x08001e0c   0x000000c4   Code   RO         1885    .text.Motor_PWM_Init  motor.o
    0x08001ed0   0x08001ed0   0x00000002   Code   RO           11    .text.NMI_Handler   stm32f10x_it.o
    0x08001ed2   0x08001ed2   0x00000002   PAD
    0x08001ed4   0x08001ed4   0x00000078   Code   RO         1851    .text.NRF24L01_Check  nrf24l01.o
    0x08001f4c   0x08001f4c   0x0000006c   Code   RO         1869    .text.NRF24L01_Check_detection  nrf24l01.o
    0x08001fb8   0x08001fb8   0x000000c2   Code   RO         1849    .text.NRF24L01_Init  nrf24l01.o
    0x0800207a   0x0800207a   0x00000002   PAD
    0x0800207c   0x0800207c   0x0000009c   Code   RO         1865    .text.NRF24L01_RX_Mode  nrf24l01.o
    0x08002118   0x08002118   0x00000076   Code   RO         1863    .text.NRF24L01_RxPacket  nrf24l01.o
    0x0800218e   0x0800218e   0x00000002   PAD
    0x08002190   0x08002190   0x0000005e   Code   RO          208    .text.NVIC_Init     misc.o
    0x080021ee   0x080021ee   0x00000002   PAD
    0x080021f0   0x080021f0   0x00000014   Code   RO          206    .text.NVIC_PriorityGroupConfig  misc.o
    0x08002204   0x08002204   0x00000002   Code   RO           25    .text.PendSV_Handler  stm32f10x_it.o
    0x08002206   0x08002206   0x00000002   PAD
    0x08002208   0x08002208   0x00000018   Code   RO          869    .text.RCC_APB1PeriphClockCmd  stm32f10x_rcc.o
    0x08002220   0x08002220   0x00000018   Code   RO          873    .text.RCC_APB1PeriphResetCmd  stm32f10x_rcc.o
    0x08002238   0x08002238   0x00000018   Code   RO          867    .text.RCC_APB2PeriphClockCmd  stm32f10x_rcc.o
    0x08002250   0x08002250   0x00000018   Code   RO          871    .text.RCC_APB2PeriphResetCmd  stm32f10x_rcc.o
    0x08002268   0x08002268   0x0000008c   Code   RO          863    .text.RCC_GetClocksFreq  stm32f10x_rcc.o
    0x080022f4   0x080022f4   0x00000118   Code   RO         2014    .text.RGB_Circulation  ws2812b.o
    0x0800240c   0x0800240c   0x00000030   Code   RO         1996    .text.RGB_LED_Init  ws2812b.o
    0x0800243c   0x0800243c   0x0000001a   Code   RO         2006    .text.RGB_LED_Write_24Bits  ws2812b.o
    0x08002456   0x08002456   0x00000002   PAD
    0x08002458   0x08002458   0x000000ca   Code   RO         2004    .text.RGB_LED_Write_Byte  ws2812b.o
    0x08002522   0x08002522   0x00000002   PAD
    0x08002524   0x08002524   0x00000078   Code   RO         1950    .text.RGB_Select    control.o
    0x0800259c   0x0800259c   0x000001b8   Code   RO         1952    .text.RGB_Show      control.o
    0x08002754   0x08002754   0x00000076   Code   RO         1439    .text.SPI1_Init     spi.o
    0x080027ca   0x080027ca   0x00000002   PAD
    0x080027cc   0x080027cc   0x00000052   Code   RO         1441    .text.SPI1_ReadWriteByte  spi.o
    0x0800281e   0x0800281e   0x00000002   PAD
    0x08002820   0x08002820   0x00000020   Code   RO         1447    .text.SPI1_SetSpeed  spi.o
    0x08002840   0x08002840   0x00000014   Code   RO         1011    .text.SPI_Cmd       stm32f10x_spi.o
    0x08002854   0x08002854   0x0000000a   Code   RO         1039    .text.SPI_I2S_GetFlagStatus  stm32f10x_spi.o
    0x0800285e   0x0800285e   0x00000002   PAD
    0x08002860   0x08002860   0x00000004   Code   RO         1021    .text.SPI_I2S_ReceiveData  stm32f10x_spi.o
    0x08002864   0x08002864   0x00000004   Code   RO         1019    .text.SPI_I2S_SendData  stm32f10x_spi.o
    0x08002868   0x08002868   0x00000046   Code   RO         1003    .text.SPI_Init      stm32f10x_spi.o
    0x080028ae   0x080028ae   0x00000002   PAD
    0x080028b0   0x080028b0   0x00000002   Code   RO           21    .text.SVC_Handler   stm32f10x_it.o
    0x080028b2   0x080028b2   0x00000002   PAD
    0x080028b4   0x080028b4   0x00000018   Code   RO          214    .text.SysTick_CLKSourceConfig  misc.o
    0x080028cc   0x080028cc   0x00000002   Code   RO           27    .text.SysTick_Handler  stm32f10x_it.o
    0x080028ce   0x080028ce   0x00000002   PAD
    0x080028d0   0x080028d0   0x0000010c   Code   RO           36    .text.SystemInit    system_stm32f10x.o
    0x080029dc   0x080029dc   0x00000030   Code   RO         1917    .text.TIM4_IRQHandler  hcsr.o
    0x08002a0c   0x08002a0c   0x00000006   Code   RO         1223    .text.TIM_ClearFlag  stm32f10x_tim.o
    0x08002a12   0x08002a12   0x00000002   PAD
    0x08002a14   0x08002a14   0x00000006   Code   RO         1227    .text.TIM_ClearITPendingBit  stm32f10x_tim.o
    0x08002a1a   0x08002a1a   0x00000002   PAD
    0x08002a1c   0x08002a1c   0x00000012   Code   RO         1089    .text.TIM_Cmd       stm32f10x_tim.o
    0x08002a2e   0x08002a2e   0x00000002   PAD
    0x08002a30   0x08002a30   0x00000230   Code   RO         1055    .text.TIM_DeInit    stm32f10x_tim.o
    0x08002c60   0x08002c60   0x00000004   Code   RO         1217    .text.TIM_GetCounter  stm32f10x_tim.o
    0x08002c64   0x08002c64   0x00000018   Code   RO         1225    .text.TIM_GetITStatus  stm32f10x_tim.o
    0x08002c7c   0x08002c7c   0x00000010   Code   RO         1093    .text.TIM_ITConfig  stm32f10x_tim.o
    0x08002c8c   0x08002c8c   0x00000070   Code   RO         1059    .text.TIM_OC1Init   stm32f10x_tim.o
    0x08002cfc   0x08002cfc   0x0000000c   Code   RO         1137    .text.TIM_OC1PreloadConfig  stm32f10x_tim.o
    0x08002d08   0x08002d08   0x00000074   Code   RO         1061    .text.TIM_OC2Init   stm32f10x_tim.o
    0x08002d7c   0x08002d7c   0x0000000e   Code   RO         1139    .text.TIM_OC2PreloadConfig  stm32f10x_tim.o
    0x08002d8a   0x08002d8a   0x00000002   PAD
    0x08002d8c   0x08002d8c   0x00000074   Code   RO         1063    .text.TIM_OC3Init   stm32f10x_tim.o
    0x08002e00   0x08002e00   0x0000000c   Code   RO         1141    .text.TIM_OC3PreloadConfig  stm32f10x_tim.o
    0x08002e0c   0x08002e0c   0x0000005c   Code   RO         1065    .text.TIM_OC4Init   stm32f10x_tim.o
    0x08002e68   0x08002e68   0x0000000e   Code   RO         1143    .text.TIM_OC4PreloadConfig  stm32f10x_tim.o
    0x08002e76   0x08002e76   0x00000002   PAD
    0x08002e78   0x08002e78   0x00000004   Code   RO         1199    .text.TIM_SetCompare1  stm32f10x_tim.o
    0x08002e7c   0x08002e7c   0x00000004   Code   RO         1201    .text.TIM_SetCompare2  stm32f10x_tim.o
    0x08002e80   0x08002e80   0x00000004   Code   RO         1203    .text.TIM_SetCompare3  stm32f10x_tim.o
    0x08002e84   0x08002e84   0x00000006   Code   RO         1205    .text.TIM_SetCompare4  stm32f10x_tim.o
    0x08002e8a   0x08002e8a   0x00000002   PAD
    0x08002e8c   0x08002e8c   0x00000004   Code   RO         1195    .text.TIM_SetCounter  stm32f10x_tim.o
    0x08002e90   0x08002e90   0x000000aa   Code   RO         1057    .text.TIM_TimeBaseInit  stm32f10x_tim.o
    0x08002f3a   0x08002f3a   0x00000002   PAD
    0x08002f3c   0x08002f3c   0x00000204   Code   RO           89    .text.USART1_IRQHandler  usart.o
    0x08003140   0x08003140   0x0000008e   Code   RO           83    .text.USART1_Init   usart.o
    0x080031ce   0x080031ce   0x00000002   PAD
    0x080031d0   0x080031d0   0x0000004a   Code   RO           91    .text.USART2_IRQHandler  usart.o
    0x0800321a   0x0800321a   0x00000002   PAD
    0x0800321c   0x0800321c   0x0000004a   Code   RO           93    .text.USART3_IRQHandler  usart.o
    0x08003266   0x08003266   0x00000002   PAD
    0x08003268   0x08003268   0x00000014   Code   RO         1247    .text.USART_Cmd     stm32f10x_usart.o
    0x0800327c   0x0800327c   0x0000000a   Code   RO         1287    .text.USART_GetFlagStatus  stm32f10x_usart.o
    0x08003286   0x08003286   0x00000002   PAD
    0x08003288   0x08003288   0x00000032   Code   RO         1291    .text.USART_GetITStatus  stm32f10x_usart.o
    0x080032ba   0x080032ba   0x00000002   PAD
    0x080032bc   0x080032bc   0x0000002e   Code   RO         1249    .text.USART_ITConfig  stm32f10x_usart.o
    0x080032ea   0x080032ea   0x00000002   PAD
    0x080032ec   0x080032ec   0x000000b6   Code   RO         1239    .text.USART_Init    stm32f10x_usart.o
    0x080033a2   0x080033a2   0x00000002   PAD
    0x080033a4   0x080033a4   0x00000008   Code   RO         1265    .text.USART_ReceiveData  stm32f10x_usart.o
    0x080033ac   0x080033ac   0x00000008   Code   RO         1263    .text.USART_SendData  stm32f10x_usart.o
    0x080033b4   0x080033b4   0x00000002   Code   RO           19    .text.UsageFault_Handler  stm32f10x_it.o
    0x080033b6   0x080033b6   0x00000002   PAD
    0x080033b8   0x080033b8   0x00000484   Code   RO         1946    .text.Wireless_Mode  control.o
    0x0800383c   0x0800383c   0x00000002   Code   RO          113    .text._sys_exit     usart.o
    0x0800383e   0x0800383e   0x00000002   PAD
    0x08003840   0x08003840   0x00000060   Code   RO         1895    .text.backward      motor.o
    0x080038a0   0x080038a0   0x00000042   Code   RO           50    .text.delay_init    delay.o
    0x080038e2   0x080038e2   0x00000002   PAD
    0x080038e4   0x080038e4   0x0000003c   Code   RO           54    .text.delay_ms      delay.o
    0x08003920   0x08003920   0x0000003c   Code   RO           52    .text.delay_us      delay.o
    0x0800395c   0x0800395c   0x00000060   Code   RO         1893    .text.forward       motor.o
    0x080039bc   0x080039bc   0x00000024   Code   RO          115    .text.fputc         usart.o
    0x080039e0   0x080039e0   0x00000160   Code   RO         2016    .text.hsv_to_rgb    ws2812b.o
    0x08003b40   0x08003b40   0x0000004e   Code   RO            2    .text.main          main.o
    0x08003b8e   0x08003b8e   0x0000003e   Code   RO         2328    CL$$btod_d2e        c_w.l(btod.o)
    0x08003bcc   0x08003bcc   0x00000046   Code   RO         2330    CL$$btod_d2e_denorm_low  c_w.l(btod.o)
    0x08003c12   0x08003c12   0x00000060   Code   RO         2329    CL$$btod_d2e_norm_op1  c_w.l(btod.o)
    0x08003c72   0x08003c72   0x00000002   PAD
    0x08003c74   0x08003c74   0x00000338   Code   RO         2338    CL$$btod_div_common  c_w.l(btod.o)
    0x08003fac   0x08003fac   0x000000dc   Code   RO         2335    CL$$btod_e2e        c_w.l(btod.o)
    0x08004088   0x08004088   0x0000002a   Code   RO         2332    CL$$btod_ediv       c_w.l(btod.o)
    0x080040b2   0x080040b2   0x0000002a   Code   RO         2331    CL$$btod_emul       c_w.l(btod.o)
    0x080040dc   0x080040dc   0x00000244   Code   RO         2337    CL$$btod_mult_common  c_w.l(btod.o)
    0x08004320   0x08004320   0x00000028   Code   RO         2283    i.__ARM_fpclassify  m_ws.l(fpclassify.o)
    0x08004348   0x08004348   0x000000aa   Code   RO         2285    i.__kernel_poly     m_ws.l(poly.o)
    0x080043f2   0x080043f2   0x00000002   PAD
    0x080043f4   0x080043f4   0x00000010   Code   RO         2269    i.__mathlib_dbl_divzero  m_ws.l(dunder.o)
    0x08004404   0x08004404   0x00000004   Code   RO         2271    i.__mathlib_dbl_infnan2  m_ws.l(dunder.o)
    0x08004408   0x08004408   0x0000000c   Code   RO         2272    i.__mathlib_dbl_invalid  m_ws.l(dunder.o)
    0x08004414   0x08004414   0x0000000e   Code   RO         2273    i.__mathlib_dbl_overflow  m_ws.l(dunder.o)
    0x08004422   0x08004422   0x00000002   PAD
    0x08004424   0x08004424   0x00000010   Code   RO         2275    i.__mathlib_dbl_underflow  m_ws.l(dunder.o)
    0x08004434   0x08004434   0x0000000e   Code   RO         2116    i._is_digit         c_w.l(__printf_wp.o)
    0x08004442   0x08004442   0x00000002   PAD
    0x08004444   0x08004444   0x000009ec   Code   RO         2213    i.pow               m_ws.l(pow.o)
    0x08004e30   0x08004e30   0x0000004c   Code   RO         2289    i.sqrt              m_ws.l(sqrt.o)
    0x08004e7c   0x08004e7c   0x0000002c   Code   RO         2357    locale$$code        c_w.l(lc_numeric_c.o)
    0x08004ea8   0x08004ea8   0x00000150   Code   RO         2153    x$fpl$dadd          fz_ws.l(daddsub_clz.o)
    0x08004ff8   0x08004ff8   0x00000010   Code   RO         2359    x$fpl$dcheck1       fz_ws.l(dcheck1.o)
    0x08005008   0x08005008   0x00000018   Code   RO         2361    x$fpl$dcmpinf       fz_ws.l(dcmpi.o)
    0x08005020   0x08005020   0x000002b8   Code   RO         2160    x$fpl$ddiv          fz_ws.l(ddiv.o)
    0x080052d8   0x080052d8   0x0000005e   Code   RO         2163    x$fpl$dfix          fz_ws.l(dfix.o)
    0x08005336   0x08005336   0x0000002e   Code   RO         2168    x$fpl$dflt          fz_ws.l(dflt_clz.o)
    0x08005364   0x08005364   0x00000026   Code   RO         2167    x$fpl$dfltu         fz_ws.l(dflt_clz.o)
    0x0800538a   0x0800538a   0x00000002   PAD
    0x0800538c   0x0800538c   0x00000078   Code   RO         2363    x$fpl$dleqf         fz_ws.l(dleqf.o)
    0x08005404   0x08005404   0x00000154   Code   RO         2173    x$fpl$dmul          fz_ws.l(dmul.o)
    0x08005558   0x08005558   0x0000009c   Code   RO         2245    x$fpl$dnaninf       fz_ws.l(dnaninf.o)
    0x080055f4   0x080055f4   0x0000000c   Code   RO         2247    x$fpl$dretinf       fz_ws.l(dretinf.o)
    0x08005600   0x08005600   0x0000006c   Code   RO         2249    x$fpl$drleqf        fz_ws.l(drleqf.o)
    0x0800566c   0x0800566c   0x00000016   Code   RO         2154    x$fpl$drsb          fz_ws.l(daddsub_clz.o)
    0x08005682   0x08005682   0x00000002   PAD
    0x08005684   0x08005684   0x000001cc   Code   RO         2365    x$fpl$dsqrt         fz_ws.l(dsqrt_noumaal.o)
    0x08005850   0x08005850   0x000001dc   Code   RO         2155    x$fpl$dsub          fz_ws.l(daddsub_clz.o)
    0x08005a2c   0x08005a2c   0x000000c4   Code   RO         2177    x$fpl$fadd          fz_ws.l(faddsub_clz.o)
    0x08005af0   0x08005af0   0x00000054   Code   RO         2183    x$fpl$fcmp          fz_ws.l(fcmp.o)
    0x08005b44   0x08005b44   0x00000018   Code   RO         2367    x$fpl$fcmpinf       fz_ws.l(fcmpi.o)
    0x08005b5c   0x08005b5c   0x00000184   Code   RO         2186    x$fpl$fdiv          fz_ws.l(fdiv.o)
    0x08005ce0   0x08005ce0   0x00000068   Code   RO         2251    x$fpl$feqf          fz_ws.l(feqf.o)
    0x08005d48   0x08005d48   0x00000036   Code   RO         2189    x$fpl$ffix          fz_ws.l(ffix.o)
    0x08005d7e   0x08005d7e   0x00000002   PAD
    0x08005d80   0x08005d80   0x00000030   Code   RO         2194    x$fpl$fflt          fz_ws.l(fflt_clz.o)
    0x08005db0   0x08005db0   0x00000026   Code   RO         2193    x$fpl$ffltu         fz_ws.l(fflt_clz.o)
    0x08005dd6   0x08005dd6   0x00000002   PAD
    0x08005dd8   0x08005dd8   0x00000068   Code   RO         2253    x$fpl$fgeqf         fz_ws.l(fgeqf.o)
    0x08005e40   0x08005e40   0x00000068   Code   RO         2255    x$fpl$fleqf         fz_ws.l(fleqf.o)
    0x08005ea8   0x08005ea8   0x00000102   Code   RO         2199    x$fpl$fmul          fz_ws.l(fmul.o)
    0x08005faa   0x08005faa   0x0000008c   Code   RO         2257    x$fpl$fnaninf       fz_ws.l(fnaninf.o)
    0x08006036   0x08006036   0x0000000a   Code   RO         2259    x$fpl$fretinf       fz_ws.l(fretinf.o)
    0x08006040   0x08006040   0x000000ea   Code   RO         2179    x$fpl$fsub          fz_ws.l(faddsub_clz.o)
    0x0800612a   0x0800612a   0x00000004   Code   RO         2201    x$fpl$printf1       fz_ws.l(printf1.o)
    0x0800612e   0x0800612e   0x00000064   Code   RO         2439    x$fpl$retnan        fz_ws.l(retnan.o)
    0x08006192   0x08006192   0x0000005c   Code   RO         2261    x$fpl$scalbn        fz_ws.l(scalbn.o)
    0x080061ee   0x080061ee   0x00000030   Code   RO         2455    x$fpl$trapveneer    fz_ws.l(trapv.o)
    0x0800621e   0x0800621e   0x00000000   Code   RO         2263    x$fpl$usenofp       fz_ws.l(usenofp.o)
    0x0800621e   0x0800621e   0x00000011   Data   RO         2119    .constdata          c_w.l(__printf_flags_wp.o)
    0x0800622f   0x0800622f   0x00000001   PAD
    0x08006230   0x08006230   0x00000088   Data   RO         2214    .constdata          m_ws.l(pow.o)
    0x080062b8   0x080062b8   0x00000008   Data   RO         2287    .constdata          m_ws.l(qnan.o)
    0x080062c0   0x080062c0   0x00000094   Data   RO         2326    .constdata          c_w.l(bigflt0.o)
    0x08006354   0x08006354   0x00000004   Data   RO          888    .rodata.ADCPrescTable  stm32f10x_rcc.o
    0x08006358   0x08006358   0x00000010   Data   RO          887    .rodata.APBAHBPrescTable  stm32f10x_rcc.o
    0x08006368   0x08006368   0x00000005   Data   RO         1875    .rodata.RX_ADDRESS  nrf24l01.o
    0x0800636d   0x0800636d   0x00000011   Data   RO         1987    .rodata.str1.1      control.o
    0x0800637e   0x0800637e   0x00000002   PAD
    0x08006380   0x08006380   0x00000020   Data   RO         2527    Region$$Table       anon$$obj.o
    0x080063a0   0x080063a0   0x0000001c   Data   RO         2356    locale$$data        c_w.l(lc_numeric_c.o)


    Execution Region ER_RW (Exec base: 0x20000000, Load base: 0x080063bc, Size: 0x00000008, Max: 0xffffffff, ABSOLUTE)

    Exec Addr    Load Addr    Size         Type   Attr      Idx    E Section Name        Object

    0x20000000   0x080063bc   0x00000004   Data   RW           40    .data.SystemCoreClock  system_stm32f10x.o
    0x20000004   0x080063c0   0x00000001   Data   RW         1956    .data.mode          control.o


    Execution Region ER_ZI (Exec base: 0x20000008, Load base: 0x080063c4, Size: 0x000007a0, Max: 0xffffffff, ABSOLUTE)

    Exec Addr    Load Addr    Size         Type   Attr      Idx    E Section Name        Object

    0x20000008        -       0x00000060   Zero   RW         2372    .bss                c_w.l(libspace.o)
    0x20000068        -       0x00000004   Zero   RW         1981    .bss.APP_Gravity_Mode.Smoothing_Count  control.o
    0x2000006c        -       0x00000014   Zero   RW         1979    .bss.APP_Gravity_Mode.Smoothing_Pitch_Buf  control.o
    0x20000080        -       0x00000014   Zero   RW         1980    .bss.APP_Gravity_Mode.Smoothing_Roll_Buf  control.o
    0x20000094        -       0x0000000a   Zero   RW         1982    .bss.Con_RxBuf      control.o
    0x2000009e        -       0x00000001   Zero   RW         1969    .bss.Gravity_Mode.RGB_mode1  control.o
    0x2000009f        -       0x00000001   Zero   RW         1971    .bss.Gravity_Mode.RGB_mode2  control.o
    0x200000a0        -       0x00000001   Zero   RW         1970    .bss.Gravity_Mode.i  control.o
    0x200000a1        -       0x00000001   Zero   RW         1972    .bss.Gravity_Mode.j  control.o
    0x200000a2   0x080063c4   0x00000002   PAD
    0x200000a4        -       0x00000004   Zero   RW         1961    .bss.HSV_H          control.o
    0x200000a8        -       0x00000001   Zero   RW         1962    .bss.HSV_flag       control.o
    0x200000a9        -       0x00000014   Zero   RW         1968    .bss.Joy_RxBuf      control.o
    0x200000bd        -       0x00000001   Zero   RW         1963    .bss.LED_Count      control.o
    0x200000be   0x080063c4   0x00000002   PAD
    0x200000c0        -       0x0000000a   Zero   RW          121    .bss.Lx_Buf         usart.o
    0x200000ca        -       0x0000000a   Zero   RW         1973    .bss.MPU_RxBuf      control.o
    0x200000d4        -       0x00000001   Zero   RW         1958    .bss.MPU_flag       control.o
    0x200000d5        -       0x00000001   Zero   RW         1957    .bss.NRF_flag       control.o
    0x200000d6   0x080063c4   0x00000002   PAD
    0x200000d8        -       0x00000014   Zero   RW          135    .bss.Pitch_Roll_Buf  usart.o
    0x200000ec        -       0x00000004   Zero   RW         2020    .bss.RGB_B          ws2812b.o
    0x200000f0        -       0x00000004   Zero   RW         2019    .bss.RGB_G          ws2812b.o
    0x200000f4        -       0x00000004   Zero   RW         2018    .bss.RGB_R          ws2812b.o
    0x200000f8        -       0x00000004   Zero   RW         1974    .bss.RGB_RxBuf      control.o
    0x200000fc        -       0x00000001   Zero   RW         1975    .bss.RGB_Show.RGB_mode1  control.o
    0x200000fd        -       0x00000001   Zero   RW         1977    .bss.RGB_Show.RGB_mode2  control.o
    0x200000fe        -       0x00000001   Zero   RW         1976    .bss.RGB_Show.i     control.o
    0x200000ff        -       0x00000001   Zero   RW         1978    .bss.RGB_Show.j     control.o
    0x20000100        -       0x00000001   Zero   RW         1959    .bss.RGB_flag       control.o
    0x20000101        -       0x00000001   Zero   RW         1960    .bss.RGB_mode       control.o
    0x20000102   0x080063c4   0x00000002   PAD
    0x20000104        -       0x0000000a   Zero   RW          122    .bss.Rx_Buf         usart.o
    0x2000010e        -       0x00000001   Zero   RW          132    .bss.USART1_IRQHandler.Lx_flag  usart.o
    0x2000010f        -       0x00000001   Zero   RW          134    .bss.USART1_IRQHandler.Pr_flag  usart.o
    0x20000110        -       0x00000001   Zero   RW          133    .bss.USART1_IRQHandler.Rx_flag  usart.o
    0x20000111        -       0x00000001   Zero   RW          126    .bss.USART1_IRQHandler.i  usart.o
    0x20000112        -       0x00000001   Zero   RW          127    .bss.USART1_IRQHandler.j  usart.o
    0x20000113        -       0x00000001   Zero   RW          128    .bss.USART1_IRQHandler.k  usart.o
    0x20000114        -       0x00000001   Zero   RW          124    .bss.USART1_IRQHandler.n1  usart.o
    0x20000115        -       0x00000001   Zero   RW          125    .bss.USART1_IRQHandler.n2  usart.o
    0x20000116        -       0x00000001   Zero   RW          123    .bss.USART1_IRQHandler.t  usart.o
    0x20000117   0x080063c4   0x00000001   PAD
    0x20000118        -       0x0000000a   Zero   RW          129    .bss.USART1_IRQHandler.temp_buf1  usart.o
    0x20000122   0x080063c4   0x00000002   PAD
    0x20000124        -       0x0000000a   Zero   RW          130    .bss.USART1_IRQHandler.temp_buf2  usart.o
    0x2000012e   0x080063c4   0x00000002   PAD
    0x20000130        -       0x00000014   Zero   RW          131    .bss.USART1_IRQHandler.temp_buf3  usart.o
    0x20000144        -       0x00000001   Zero   RW         1964    .bss.Wireless_Mode.RGB_mode1  control.o
    0x20000145        -       0x00000001   Zero   RW         1966    .bss.Wireless_Mode.RGB_mode2  control.o
    0x20000146        -       0x00000001   Zero   RW         1965    .bss.Wireless_Mode.i  control.o
    0x20000147        -       0x00000001   Zero   RW         1967    .bss.Wireless_Mode.j  control.o
    0x20000148        -       0x00000054   Zero   RW          136    .bss.__stdout       usart.o
    0x2000019c        -       0x00000002   Zero   RW           57    .bss.fac_ms         delay.o
    0x2000019e        -       0x00000001   Zero   RW           56    .bss.fac_us         delay.o
    0x2000019f        -       0x00000001   Zero   RW          119    .bss.flag           usart.o
    0x200001a0        -       0x00000001   Zero   RW          120    .bss.mode_flag      usart.o
    0x200001a1   0x080063c4   0x00000001   PAD
    0x200001a2        -       0x00000002   Zero   RW         1925    .bss.msHcCount      hcsr.o
    0x200001a4   0x080063c4   0x00000004   PAD
    0x200001a8        -       0x00000200   Zero   RW          197    HEAP                startup_stm32f10x_md.o
    0x200003a8        -       0x00000400   Zero   RW          196    STACK               startup_stm32f10x_md.o


==============================================================================

Image component sizes


      Code (inc. data)   RO Data    RW Data    ZI Data      Debug   Object Name

      4836         30         17          1        110      14809   control.o
       186          0          0          0          3       1401   delay.o
        38          0          0          0          0       2723   exti.o
       418          0          0          0          2       5744   hcsr.o
        38          0          0          0          0       8473   joystick.o
        40          0          0          0          0       1385   led.o
        78          0          0          0          0        505   main.o
       138          0          0          0          0       3164   misc.o
       736          0          0          0          0       5427   motor.o
       696         52          5          0          0       9030   nrf24l01.o
       232          0          0          0          0       4339   spi.o
        64         26        236          0       1536        788   startup_stm32f10x_md.o
        42          0          0          0          0       2736   stm32f10x_exti.o
       324          0          0          0          0       5825   stm32f10x_gpio.o
        18          0          0          0          0        958   stm32f10x_it.o
       236          0         20          0          0       8217   stm32f10x_rcc.o
       108          0          0          0          0       7432   stm32f10x_spi.o
      1314          0          0          0          0      29689   stm32f10x_tim.o
       324          0          0          0          0       8586   stm32f10x_usart.o
       268          0          0          4          0       2505   system_stm32f10x.o
       844          0          0          0        175       8920   usart.o
       908         14          0          0         12       7616   ws2812b.o

    ----------------------------------------------------------------------
     11970        122        312          8       1856     140272   Object Totals
         0          0         32          0          0          0   (incl. Generated)
        84          0          2          3         18          0   (incl. Padding)

    ----------------------------------------------------------------------

      Code (inc. data)   RO Data    RW Data    ZI Data      Debug   Library Member Name

         8          0          0          0          0         68   __main.o
       312          4         17          0          0         92   __printf_flags_wp.o
        14          0          0          0          0         68   __printf_wp.o
         0          0          0          0          0          0   __rtentry.o
        12          0          0          0          0          0   __rtentry2.o
         6          0          0          0          0          0   __rtentry4.o
        94          8          0          0          0          0   __scatter.o
        26          0          0          0          0          0   __scatter_copy.o
        28          0          0          0          0          0   __scatter_zi.o
        44          0          0          0          0        108   _printf_char.o
        48          6          0          0          0         96   _printf_char_common.o
        36          4          0          0          0         80   _printf_char_file.o
         6          0          0          0          0          0   _printf_d.o
       120         16          0          0          0         92   _printf_dec.o
         6          0          0          0          0          0   _printf_f.o
      1052          0          0          0          0        148   _printf_fp_dec.o
       128         16          0          0          0         84   _printf_fp_infnan.o
       178          0          0          0          0         88   _printf_intcommon.o
         0          0          0          0          0          0   _printf_percent.o
         4          0          0          0          0          0   _printf_percent_end.o
         6          0          0          0          0          0   _printf_s.o
        82          0          0          0          0         80   _printf_str.o
        22          0          0          0          0        100   _rserrno.o
       228          4        148          0          0         96   bigflt0.o
      1936        128          0          0          0        668   btod.o
        18          0          0          0          0         80   exit.o
         8          0          0          0          0         68   ferror.o
         6          0          0          0          0        152   heapauxi.o
        44         10         28          0          0         76   lc_numeric_c.o
         2          0          0          0          0          0   libinit.o
        18          0          0          0          0          0   libinit2.o
         2          0          0          0          0          0   libshutdown.o
         2          0          0          0          0          0   libshutdown2.o
         8          4          0          0         96         68   libspace.o
       138          0          0          0          0         80   lludiv10.o
        24          4          0          0          0         84   noretval__2printf.o
        12          6          0          0          0         68   putchar.o
        44          4          0          0          0         84   puts.o
         8          4          0          0          0         68   rt_errno_addr_intlibspace.o
         8          4          0          0          0         68   rt_locale_intlibspace.o
         2          0          0          0          0          0   rtexit.o
        10          0          0          0          0          0   rtexit2.o
       128          0          0          0          0         68   strcmpv7m.o
        72          0          0          0          0         80   strcpy.o
        74          0          0          0          0         80   sys_stackheap_outer.o
       834         16          0          0          0        372   daddsub_clz.o
        16          4          0          0          0         68   dcheck1.o
        24          0          0          0          0         68   dcmpi.o
       696        140          0          0          0        216   ddiv.o
        94          4          0          0          0         92   dfix.o
        84          0          0          0          0        136   dflt_clz.o
       120          4          0          0          0         92   dleqf.o
       340         12          0          0          0        104   dmul.o
       156          4          0          0          0         92   dnaninf.o
        12          0          0          0          0         68   dretinf.o
       108          0          0          0          0         80   drleqf.o
       460         56          0          0          0        120   dsqrt_noumaal.o
       430          8          0          0          0        168   faddsub_clz.o
        84          0          0          0          0        196   fcmp.o
        24          0          0          0          0         68   fcmpi.o
       388         76          0          0          0         96   fdiv.o
       104          4          0          0          0         84   feqf.o
        54          4          0          0          0         84   ffix.o
        86          0          0          0          0        136   fflt_clz.o
       104          4          0          0          0         84   fgeqf.o
       104          4          0          0          0         84   fleqf.o
       258          4          0          0          0         84   fmul.o
       140          4          0          0          0         84   fnaninf.o
        10          0          0          0          0         68   fretinf.o
         4          0          0          0          0         68   printf1.o
       100          0          0          0          0         68   retnan.o
        92          0          0          0          0         68   scalbn.o
        48          0          0          0          0         68   trapv.o
         0          0          0          0          0          0   usenofp.o
        62         10          0          0          0        340   dunder.o
        40          0          0          0          0         68   fpclassify.o
       170          0          0          0          0         96   poly.o
      2540        188        136          0          0        332   pow.o
         0          0          8          0          0          0   qnan.o
        76          0          0          0          0         84   sqrt.o

    ----------------------------------------------------------------------
     12912        768        338          0         96       6928   Library Totals
        26          0          1          0          0          0   (incl. Padding)

    ----------------------------------------------------------------------

      Code (inc. data)   RO Data    RW Data    ZI Data      Debug   Library Name

      5024        222        193          0         96       2992   c_w.l
      4974        348          0          0          0       3016   fz_ws.l
      2888        198        144          0          0        920   m_ws.l

    ----------------------------------------------------------------------
     12912        768        338          0         96       6928   Library Totals

    ----------------------------------------------------------------------

==============================================================================


      Code (inc. data)   RO Data    RW Data    ZI Data      Debug   

     24882        890        650          8       1952     143120   Grand Totals
     24882        890        650          8       1952     143120   ELF Image Totals
     24882        890        650          8          0          0   ROM Totals

==============================================================================

    Total RO  Size (Code + RO Data)                25532 (  24.93kB)
    Total RW  Size (RW Data + ZI Data)              1960 (   1.91kB)
    Total ROM Size (Code + RO Data + RW Data)      25540 (  24.94kB)

==============================================================================

